Archive member included because of file (symbol)

c:/altera/13.0sp1/nios2eds/bin/gnu/h-i686-mingw32/bin/../lib/gcc/nios2-elf/4.1.2/../../../../nios2-elf/lib\libm.a(lib_a-s_cos.o)
                              obj/default/GPS.o (cos)
c:/altera/13.0sp1/nios2eds/bin/gnu/h-i686-mingw32/bin/../lib/gcc/nios2-elf/4.1.2/../../../../nios2-elf/lib\libm.a(lib_a-s_sin.o)
                              obj/default/GPS.o (sin)
c:/altera/13.0sp1/nios2eds/bin/gnu/h-i686-mingw32/bin/../lib/gcc/nios2-elf/4.1.2/../../../../nios2-elf/lib\libm.a(lib_a-w_atan2.o)
                              obj/default/GPS.o (atan2)
c:/altera/13.0sp1/nios2eds/bin/gnu/h-i686-mingw32/bin/../lib/gcc/nios2-elf/4.1.2/../../../../nios2-elf/lib\libm.a(lib_a-w_sqrt.o)
                              obj/default/GPS.o (sqrt)
c:/altera/13.0sp1/nios2eds/bin/gnu/h-i686-mingw32/bin/../lib/gcc/nios2-elf/4.1.2/../../../../nios2-elf/lib\libm.a(lib_a-e_atan2.o)
                              c:/altera/13.0sp1/nios2eds/bin/gnu/h-i686-mingw32/bin/../lib/gcc/nios2-elf/4.1.2/../../../../nios2-elf/lib\libm.a(lib_a-w_atan2.o) (__ieee754_atan2)
c:/altera/13.0sp1/nios2eds/bin/gnu/h-i686-mingw32/bin/../lib/gcc/nios2-elf/4.1.2/../../../../nios2-elf/lib\libm.a(lib_a-e_rem_pio2.o)
                              c:/altera/13.0sp1/nios2eds/bin/gnu/h-i686-mingw32/bin/../lib/gcc/nios2-elf/4.1.2/../../../../nios2-elf/lib\libm.a(lib_a-s_cos.o) (__ieee754_rem_pio2)
c:/altera/13.0sp1/nios2eds/bin/gnu/h-i686-mingw32/bin/../lib/gcc/nios2-elf/4.1.2/../../../../nios2-elf/lib\libm.a(lib_a-e_sqrt.o)
                              c:/altera/13.0sp1/nios2eds/bin/gnu/h-i686-mingw32/bin/../lib/gcc/nios2-elf/4.1.2/../../../../nios2-elf/lib\libm.a(lib_a-w_sqrt.o) (__ieee754_sqrt)
c:/altera/13.0sp1/nios2eds/bin/gnu/h-i686-mingw32/bin/../lib/gcc/nios2-elf/4.1.2/../../../../nios2-elf/lib\libm.a(lib_a-k_cos.o)
                              c:/altera/13.0sp1/nios2eds/bin/gnu/h-i686-mingw32/bin/../lib/gcc/nios2-elf/4.1.2/../../../../nios2-elf/lib\libm.a(lib_a-s_cos.o) (__kernel_cos)
c:/altera/13.0sp1/nios2eds/bin/gnu/h-i686-mingw32/bin/../lib/gcc/nios2-elf/4.1.2/../../../../nios2-elf/lib\libm.a(lib_a-k_rem_pio2.o)
                              c:/altera/13.0sp1/nios2eds/bin/gnu/h-i686-mingw32/bin/../lib/gcc/nios2-elf/4.1.2/../../../../nios2-elf/lib\libm.a(lib_a-e_rem_pio2.o) (__kernel_rem_pio2)
c:/altera/13.0sp1/nios2eds/bin/gnu/h-i686-mingw32/bin/../lib/gcc/nios2-elf/4.1.2/../../../../nios2-elf/lib\libm.a(lib_a-k_sin.o)
                              c:/altera/13.0sp1/nios2eds/bin/gnu/h-i686-mingw32/bin/../lib/gcc/nios2-elf/4.1.2/../../../../nios2-elf/lib\libm.a(lib_a-s_cos.o) (__kernel_sin)
c:/altera/13.0sp1/nios2eds/bin/gnu/h-i686-mingw32/bin/../lib/gcc/nios2-elf/4.1.2/../../../../nios2-elf/lib\libm.a(lib_a-s_atan.o)
                              c:/altera/13.0sp1/nios2eds/bin/gnu/h-i686-mingw32/bin/../lib/gcc/nios2-elf/4.1.2/../../../../nios2-elf/lib\libm.a(lib_a-e_atan2.o) (atan)
c:/altera/13.0sp1/nios2eds/bin/gnu/h-i686-mingw32/bin/../lib/gcc/nios2-elf/4.1.2/../../../../nios2-elf/lib\libm.a(lib_a-s_fabs.o)
                              c:/altera/13.0sp1/nios2eds/bin/gnu/h-i686-mingw32/bin/../lib/gcc/nios2-elf/4.1.2/../../../../nios2-elf/lib\libm.a(lib_a-e_atan2.o) (fabs)
c:/altera/13.0sp1/nios2eds/bin/gnu/h-i686-mingw32/bin/../lib/gcc/nios2-elf/4.1.2/../../../../nios2-elf/lib\libm.a(lib_a-s_floor.o)
                              c:/altera/13.0sp1/nios2eds/bin/gnu/h-i686-mingw32/bin/../lib/gcc/nios2-elf/4.1.2/../../../../nios2-elf/lib\libm.a(lib_a-k_rem_pio2.o) (floor)
c:/altera/13.0sp1/nios2eds/bin/gnu/h-i686-mingw32/bin/../lib/gcc/nios2-elf/4.1.2/../../../../nios2-elf/lib\libm.a(lib_a-s_isnand.o)
                              c:/altera/13.0sp1/nios2eds/bin/gnu/h-i686-mingw32/bin/../lib/gcc/nios2-elf/4.1.2/../../../../nios2-elf/lib\libm.a(lib_a-w_sqrt.o) (__isnand)
c:/altera/13.0sp1/nios2eds/bin/gnu/h-i686-mingw32/bin/../lib/gcc/nios2-elf/4.1.2/../../../../nios2-elf/lib\libm.a(lib_a-s_lib_ver.o)
                              c:/altera/13.0sp1/nios2eds/bin/gnu/h-i686-mingw32/bin/../lib/gcc/nios2-elf/4.1.2/../../../../nios2-elf/lib\libm.a(lib_a-w_sqrt.o) (__fdlib_version)
c:/altera/13.0sp1/nios2eds/bin/gnu/h-i686-mingw32/bin/../lib/gcc/nios2-elf/4.1.2/../../../../nios2-elf/lib\libm.a(lib_a-s_matherr.o)
                              c:/altera/13.0sp1/nios2eds/bin/gnu/h-i686-mingw32/bin/../lib/gcc/nios2-elf/4.1.2/../../../../nios2-elf/lib\libm.a(lib_a-w_sqrt.o) (matherr)
c:/altera/13.0sp1/nios2eds/bin/gnu/h-i686-mingw32/bin/../lib/gcc/nios2-elf/4.1.2/../../../../nios2-elf/lib\libm.a(lib_a-s_scalbn.o)
                              c:/altera/13.0sp1/nios2eds/bin/gnu/h-i686-mingw32/bin/../lib/gcc/nios2-elf/4.1.2/../../../../nios2-elf/lib\libm.a(lib_a-k_rem_pio2.o) (scalbn)
c:/altera/13.0sp1/nios2eds/bin/gnu/h-i686-mingw32/bin/../lib/gcc/nios2-elf/4.1.2/../../../../nios2-elf/lib\libm.a(lib_a-s_copysign.o)
[...]
Memory Configuration

Name             Origin             Length             Attributes
onchip_memory2_0 0x00000000         0x00001000
reset            0x01000000         0x00000020
new_sdram_controller_0 0x01000020         0x007fffe0
*default*        0x00000000         0xffffffff

Linker script and memory map

LOAD ../Exercise1_7_bsp//obj/HAL/src/crt0.o
LOAD obj/default/Bresenhams_Line_Drawing_Algorithm.o
LOAD obj/default/CampusFoodFinderMain.o
LOAD obj/default/Fill.o
LOAD obj/default/GPS.o
LOAD obj/default/OutGraphicsCharFont1.o
LOAD obj/default/OutGraphicsCharFont2.o
LOAD obj/default/OutGraphicsCharFont3.o
LOAD obj/default/OutGraphicsCharFont4.o
LOAD obj/default/SD.o
LOAD obj/default/bluetooth.o
LOAD obj/default/distance.o
LOAD obj/default/functions.o
LOAD obj/default/profile.o
LOAD obj/default/stack.o
LOAD obj/default/states.o
LOAD obj/default/touchscreen.o
LOAD c:/altera/13.0sp1/nios2eds/bin/gnu/h-i686-mingw32/bin/../lib/gcc/nios2-elf/4.1.2/../../../../nios2-elf/lib\libstdc++.a
LOAD c:/altera/13.0sp1/nios2eds/bin/gnu/h-i686-mingw32/bin/../lib/gcc/nios2-elf/4.1.2/../../../../nios2-elf/lib\libm.a
LOAD c:/altera/13.0sp1/nios2eds/bin/gnu/h-i686-mingw32/bin/../lib/gcc/nios2-elf/4.1.2\libgcc.a
START GROUP
LOAD c:/altera/13.0sp1/nios2eds/bin/gnu/h-i686-mingw32/bin/../lib/gcc/nios2-elf/4.1.2/../../../../nios2-elf/lib\libc.a
LOAD c:/altera/13.0sp1/nios2eds/bin/gnu/h-i686-mingw32/bin/../lib/gcc/nios2-elf/4.1.2\libgcc.a
LOAD ../Exercise1_7_bsp/\libhal_bsp.a
END GROUP
LOAD c:/altera/13.0sp1/nios2eds/bin/gnu/h-i686-mingw32/bin/../lib/gcc/nios2-elf/4.1.2\libgcc.a
                0x00000000                __alt_mem_onchip_memory2_0 = 0x0
                0x01000000                __alt_mem_new_sdram_controller_0 = 0x1000000

.entry          0x01000000       0x20
 *(.entry)
 .entry         0x01000000       0x20 ../Exercise1_7_bsp//obj/HAL/src/crt0.o
                0x01000000                __reset

.exceptions     0x01000020      0x198
                0x01000020                PROVIDE (__ram_exceptions_start, ABSOLUTE (.))
                0x01000020                . = ALIGN (0x20)
 *(.irq)
 *(.exceptions.entry.label)
 .exceptions.entry.label
                0x01000020        0x0 ../Exercise1_7_bsp/\libhal_bsp.a(alt_irq_entry.o)
                0x01000020                alt_irq_entry
 .exceptions.entry.label
                0x01000020        0x0 ../Exercise1_7_bsp/\libhal_bsp.a(alt_exception_entry.o)
                0x01000020                alt_exception
 *(.exceptions.entry.user)
 *(.exceptions.entry)
 .exceptions.entry
                0x01000020       0x54 ../Exercise1_7_bsp/\libhal_bsp.a(alt_exception_entry.o)
 *(.exceptions.irqtest.user)
 *(.exceptions.irqtest)
 .exceptions.irqtest
                0x01000074       0x10 ../Exercise1_7_bsp/\libhal_bsp.a(alt_irq_entry.o)
 *(.exceptions.irqhandler.user)
 *(.exceptions.irqhandler)
 .exceptions.irqhandler
                0x01000084        0x4 ../Exercise1_7_bsp/\libhal_bsp.a(alt_irq_entry.o)
 *(.exceptions.irqreturn.user)
 *(.exceptions.irqreturn)
 .exceptions.irqreturn
                0x01000088        0x4 ../Exercise1_7_bsp/\libhal_bsp.a(alt_irq_entry.o)
 *(.exceptions.notirq.label)
 .exceptions.notirq.label
                0x0100008c        0x0 ../Exercise1_7_bsp/\libhal_bsp.a(alt_irq_entry.o)
 *(.exceptions.notirq.user)
 *(.exceptions.notirq)
 .exceptions.notirq
                0x0100008c        0x8 ../Exercise1_7_bsp/\libhal_bsp.a(alt_exception_entry.o)
 *(.exceptions.soft.user)
 *(.exceptions.soft)
 *(.exceptions.unknown.user)
 *(.exceptions.unknown)
 .exceptions.unknown
                0x01000094        0x4 ../Exercise1_7_bsp/\libhal_bsp.a(alt_exception_entry.o)
 *(.exceptions.exit.label)
 .exceptions.exit.label
                0x01000098        0x0 ../Exercise1_7_bsp/\libhal_bsp.a(alt_irq_entry.o)
 .exceptions.exit.label
                0x01000098        0x0 ../Exercise1_7_bsp/\libhal_bsp.a(alt_exception_entry.o)
 *(.exceptions.exit.user)
 *(.exceptions.exit)
 .exceptions.exit
                0x01000098       0x54 ../Exercise1_7_bsp/\libhal_bsp.a(alt_exception_entry.o)
 *(.exceptions)
 .exceptions    0x010000ec       0xcc ../Exercise1_7_bsp/\libhal_bsp.a(alt_irq_handler.o)
                0x010000ec                alt_irq_handler
                0x010001b8                PROVIDE (__ram_exceptions_end, ABSOLUTE (.))
                0x01000020                PROVIDE (__flash_exceptions_start, LOADADDR (.exceptions))

.text           0x010001b8    0x21e74
                0x010001b8                PROVIDE (stext, ABSOLUTE (.))
 *(.interp)
 *(.hash)
 *(.dynsym)
 *(.dynstr)
 *(.gnu.version)
 *(.gnu.version_d)
 *(.gnu.version_r)
 *(.rel.init)
 *(.rela.init)
 *(.rel.text .rel.text.* .rel.gnu.linkonce.t.*)
 *(.rela.text .rela.text.* .rela.gnu.linkonce.t.*)
 *(.rel.fini)
 *(.rela.fini)
 *(.rel.rodata .rel.rodata.* .rel.gnu.linkonce.r.*)
 *(.rela.rodata .rela.rodata.* .rela.gnu.linkonce.r.*)
 *(.rel.data .rel.data.* .rel.gnu.linkonce.d.*)
 *(.rela.data .rela.data.* .rela.gnu.linkonce.d.*)
 *(.rel.tdata .rel.tdata.* .rel.gnu.linkonce.td.*)
 *(.rela.tdata .rela.tdata.* .rela.gnu.linkonce.td.*)
 *(.rel.tbss .rel.tbss.* .rel.gnu.linkonce.tb.*)
 *(.rela.tbss .rela.tbss.* .rela.gnu.linkonce.tb.*)
 *(.rel.ctors)
 *(.rela.ctors)
 *(.rel.dtors)
 *(.rela.dtors)
 *(.rel.got)
 *(.rela.got)
 *(.rel.sdata .rel.sdata.* .rel.gnu.linkonce.s.*)
 *(.rela.sdata .rela.sdata.* .rela.gnu.linkonce.s.*)
 *(.rel.sbss .rel.sbss.* .rel.gnu.linkonce.sb.*)
 *(.rela.sbss .rela.sbss.* .rela.gnu.linkonce.sb.*)
 *(.rel.sdata2 .rel.sdata2.* .rel.gnu.linkonce.s2.*)
 *(.rela.sdata2 .rela.sdata2.* .rela.gnu.linkonce.s2.*)
 *(.rel.sbss2 .rel.sbss2.* .rel.gnu.linkonce.sb2.*)
 *(.rela.sbss2 .rela.sbss2.* .rela.gnu.linkonce.sb2.*)
 *(.rel.bss .rel.bss.* .rel.gnu.linkonce.b.*)
 *(.rela.bss .rela.bss.* .rela.gnu.linkonce.b.*)
 *(.rel.plt)
 *(.rela.plt)
 *(.rel.dyn)
 *(.init)
 *(.plt)
 *(.text .stub .text.* .gnu.linkonce.t.*)
 .text          0x010001b8       0x4c ../Exercise1_7_bsp//obj/HAL/src/crt0.o
                0x010001b8                _start
 .text          0x01000204      0x998 obj/default/Bresenhams_Line_Drawing_Algorithm.o
                0x01000204                WriteAPixel
                0x01000280                ReadAPixel
                0x01000310                ProgramPalette
                0x0100038c                HLine
                0x01000440                VLine
                0x01000500                abs
                0x01000548                sign
                0x010005a0                Line
                0x01000794                DrawRec
                0x010008b8                DrawTri
                0x01000940                DrawSq
                0x010009d4                DrawCir
 .text          0x01000b9c      0x150 obj/default/CampusFoodFinderMain.o
                0x01000b9c                main
 .text          0x01000cec      0x5e0 obj/default/Fill.o
                0x01000cec                PushPixel
                0x01000d50                PopPixel
                0x01000db8                IsStackEmpty
                0x01000df8                Fill
 .text          0x010012cc     0x2488 obj/default/GPS.o
                0x010012cc                wait_1ms2
                0x01001308                init_GPS
                0x01001344                putcharGPS
                0x01001394                getcharGPS
                0x010013dc                GPSTestForReceivedData
                0x0100142c                checkGPGGA
                0x01001480                getGPSTime
                0x010015f0                parseGPSData
                0x0100194c                getGPSData
                0x01001a6c                getDistance
                0x01001fe8                getDistance2
                0x0100240c                deg2rad
                0x0100249c                checkGPVTG
                0x010024f0                parseSpeed
                0x010025d0                getSpeed
                0x010026b8                eraseLog
                0x0100279c                changeInterval
                0x01002890                startLog
                0x01002a7c                stopLog
                0x01002b60                dumpLog
                0x010035e0                swapEndian
                0x01003674                FloatToLatitudeConversion
                0x010036e4                FloatToLongitudeConversion
 .text          0x01003754      0x1d8 obj/default/OutGraphicsCharFont1.o
                0x01003754                OutGraphicsCharFont1
 .text          0x0100392c      0x398 obj/default/OutGraphicsCharFont2.o
                0x0100392c                OutGraphicsCharFont2a
                0x01003af8                OutGraphicsCharFont2b
 .text          0x01003cc4      0x194 obj/default/OutGraphicsCharFont3.o
                0x01003cc4                OutGraphicsCharFont3
 .text          0x01003e58      0x1c8 obj/default/OutGraphicsCharFont4.o
                0x01003e58                OutGraphicsCharFont4
 .text          0x01004020      0x3ec obj/default/SD.o
                0x01004020                OpenSD
                0x01004090                WriteToSD
                0x010041c8                ReadFromSD
                0x01004320                parseLoc
 .text          0x0100440c      0xad0 obj/default/bluetooth.o
                0x0100440c                init_BT
                0x01004448                putcharBT
                0x01004488                getcharBT
                0x010044d0                BTTestForReceivedData
                0x01004520                parseBT
                0x010046b0                get_name
                0x0100473c                get_info
                0x01004b0c                send_bmi
                0x01004bbc                send_rank
                0x01004c54                writetoBT
                0x01004cd0                receivebtData
 .text          0x01004edc      0x1ac obj/default/distance.o
                0x01004edc                dist2res
 .text          0x01005088     0x1b04 obj/default/functions.o
                0x01005088                wait5s
                0x010050d4                ifTouched
                0x01005150                ifTouched2
                0x010051f0                clearScreen
                0x01005248                setScreen
                0x010052a4                writeText
                0x01005374                writeText2
                0x01005444                drawRectangle
                0x010054c0                drawBack
                0x01005528                drawHomeButton
                0x01005590                drawInner
                0x010055d4                drawWelcome
                0x01005694                drawHome
                0x010057f0                drawStartRun
                0x0100588c                drawEndRun
                0x01005930                drawStats
                0x01005df0                calculateDistance
                0x0100618c                findTimes
                0x0100631c                printCoords
                0x01006494                sendCoords
                0x0100671c                drawProfile
                0x01006b34                drawSync
 .text          0x01006b8c      0x73c obj/default/profile.o
                0x01006b8c                profile_init
                0x01006c04                set_name
                0x01006c4c                set_gender
                0x01006c88                set_age
                0x01006cc4                set_weight
                0x01006d00                set_height
                0x01006d3c                calc_bmi
                0x01006db0                set_goal
                0x01006df8                set_dis
                0x01006e34                update_score
                0x01007184                set_rank
 .text          0x010072c8       0xf8 obj/default/stack.o
                0x010072c8                init
                0x010072f0                push
                0x01007360                pop
 .text          0x010073c0      0x8e4 obj/default/states.o
                0x010073c0                backPressed
                0x01007444                closestPressed
                0x010074c8                timePressed
                0x01007548                homePressed
                0x010075c8                distancePressed
                0x0100764c                favPressed
                0x010076d0                Welcome
                0x01007778                Home
                0x0100799c                StartRun
                0x01007a88                EndRun
                0x01007ae0                Stats
                0x01007ba0                Profile
                0x01007c6c                Sync
 .text          0x01007ca4      0x654 obj/default/touchscreen.o
                0x01007ca4                Init_LCD
                0x01007d1c                Init_Touch
                0x01007dd4                ScreenTouched
                0x01007e04                WaitForTouch
                0x01007e44                GetPress
                0x01008064                GetRelease
                0x01008270                putchartouch
                0x010082b0                getchartouch
 .text          0x010082f8      0x168 c:/altera/13.0sp1/nios2eds/bin/gnu/h-i686-mingw32/bin/../lib/gcc/nios2-elf/4.1.2/../../../../nios2-elf/lib\libm.a(lib_a-s_cos.o)
                0x010082f8                cos
 .text          0x01008460      0x16c c:/altera/13.0sp1/nios2eds/bin/gnu/h-i686-mingw32/bin/../lib/gcc/nios2-elf/4.1.2/../../../../nios2-elf/lib\libm.a(lib_a-s_sin.o)
                0x01008460                sin
 .text          0x010085cc        0x4 c:/altera/13.0sp1/nios2eds/bin/gnu/h-i686-mingw32/bin/../lib/gcc/nios2-elf/4.1.2/../../../../nios2-elf/lib\libm.a(lib_a-w_atan2.o)
                0x010085cc                atan2
 .text          0x010085d0      0x130 c:/altera/13.0sp1/nios2eds/bin/gnu/h-i686-mingw32/bin/../lib/gcc/nios2-elf/4.1.2/../../../../nios2-elf/lib\libm.a(lib_a-w_sqrt.o)
                0x010085d0                sqrt
 .text          0x01008700      0x350 c:/altera/13.0sp1/nios2eds/bin/gnu/h-i686-mingw32/bin/../lib/gcc/nios2-elf/4.1.2/../../../../nios2-elf/lib\libm.a(lib_a-e_atan2.o)
                0x01008700                __ieee754_atan2
 .text          0x01008a50      0x828 c:/altera/13.0sp1/nios2eds/bin/gnu/h-i686-mingw32/bin/../lib/gcc/nios2-elf/4.1.2/../../../../nios2-elf/lib\libm.a(lib_a-e_rem_pio2.o)
                0x01008a50                __ieee754_rem_pio2
 .text          0x01009278      0x2c8 c:/altera/13.0sp1/nios2eds/bin/gnu/h-i686-mingw32/bin/../lib/gcc/nios2-elf/4.1.2/../../../../nios2-elf/lib\libm.a(lib_a-e_sqrt.o)
                0x01009278                __ieee754_sqrt
 .text          0x01009540      0x52c c:/altera/13.0sp1/nios2eds/bin/gnu/h-i686-mingw32/bin/../lib/gcc/nios2-elf/4.1.2/../../../../nios2-elf/lib\libm.a(lib_a-k_cos.o)
                0x01009540                __kernel_cos
 .text          0x01009a6c      0xe7c c:/altera/13.0sp1/nios2eds/bin/gnu/h-i686-mingw32/bin/../lib/gcc/nios2-elf/4.1.2/../../../../nios2-elf/lib\libm.a(lib_a-k_rem_pio2.o)
                0x01009a6c                __kernel_rem_pio2
 .text          0x0100a8e8      0x318 c:/altera/13.0sp1/nios2eds/bin/gnu/h-i686-mingw32/bin/../lib/gcc/nios2-elf/4.1.2/../../../../nios2-elf/lib\libm.a(lib_a-k_sin.o)
                0x0100a8e8                __kernel_sin
 .text          0x0100ac00      0x698 c:/altera/13.0sp1/nios2eds/bin/gnu/h-i686-mingw32/bin/../lib/gcc/nios2-elf/4.1.2/../../../../nios2-elf/lib\libm.a(lib_a-s_atan.o)
                0x0100ac00                atan
 .text          0x0100b298       0x18 c:/altera/13.0sp1/nios2eds/bin/gnu/h-i686-mingw32/bin/../lib/gcc/nios2-elf/4.1.2/../../../../nios2-elf/lib\libm.a(lib_a-s_fabs.o)
                0x0100b298                fabs
 .text          0x0100b2b0      0x224 c:/altera/13.0sp1/nios2eds/bin/gnu/h-i686-mingw32/bin/../lib/gcc/nios2-elf/4.1.2/../../../../nios2-elf/lib\libm.a(lib_a-s_floor.o)
                0x0100b2b0                floor
 .text          0x0100b4d4       0x30 c:/altera/13.0sp1/nios2eds/bin/gnu/h-i686-mingw32/bin/../lib/gcc/nios2-elf/4.1.2/../../../../nios2-elf/lib\libm.a(lib_a-s_isnand.o)
                0x0100b4d4                __isnand
 .text          0x0100b504        0x0 c:/altera/13.0sp1/nios2eds/bin/gnu/h-i686-mingw32/bin/../lib/gcc/nios2-elf/4.1.2/../../../../nios2-elf/lib\libm.a(lib_a-s_lib_ver.o)
 .text          0x0100b504        0x8 c:/altera/13.0sp1/nios2eds/bin/gnu/h-i686-mingw32/bin/../lib/gcc/nios2-elf/4.1.2/../../../../nios2-elf/lib\libm.a(lib_a-s_matherr.o)
                0x0100b504                matherr
 .text          0x0100b50c      0x1e0 c:/altera/13.0sp1/nios2eds/bin/gnu/h-i686-mingw32/bin/../lib/gcc/nios2-elf/4.1.2/../../../../nios2-elf/lib\libm.a(lib_a-s_scalbn.o)
                0x0100b50c                scalbn
 .text          0x0100b6ec       0x24 c:/altera/13.0sp1/nios2eds/bin/gnu/h-i686-mingw32/bin/../lib/gcc/nios2-elf/4.1.2/../../../../nios2-elf/lib\libm.a(lib_a-s_copysign.o)
                0x0100b6ec                copysign
 .text          0x0100b710      0x1e0 c:/altera/13.0sp1/nios2eds/bin/gnu/h-i686-mingw32/bin/../lib/gcc/nios2-elf/4.1.2\libgcc.a(_mul_sf.o)
                0x0100b710                __mulsf3
 .text          0x0100b8f0      0x174 c:/altera/13.0sp1/nios2eds/bin/gnu/h-i686-mingw32/bin/../lib/gcc/nios2-elf/4.1.2\libgcc.a(_div_sf.o)
                0x0100b8f0                __divsf3
 .text          0x0100ba64       0x78 c:/altera/13.0sp1/nios2eds/bin/gnu/h-i686-mingw32/bin/../lib/gcc/nios2-elf/4.1.2\libgcc.a(_ge_sf.o)
                0x0100ba64                __gesf2
 .text          0x0100badc       0x78 c:/altera/13.0sp1/nios2eds/bin/gnu/h-i686-mingw32/bin/../lib/gcc/nios2-elf/4.1.2\libgcc.a(_lt_sf.o)
                0x0100badc                __ltsf2
 .text          0x0100bb54       0x98 c:/altera/13.0sp1/nios2eds/bin/gnu/h-i686-mingw32/bin/../lib/gcc/nios2-elf/4.1.2\libgcc.a(_si_to_sf.o)
                0x0100bb54                __floatsisf
 .text          0x0100bbec       0x94 c:/altera/13.0sp1/nios2eds/bin/gnu/h-i686-mingw32/bin/../lib/gcc/nios2-elf/4.1.2\libgcc.a(_sf_to_si.o)
                0x0100bbec                __fixsfsi
 .text          0x0100bc80       0x54 c:/altera/13.0sp1/nios2eds/bin/gnu/h-i686-mingw32/bin/../lib/gcc/nios2-elf/4.1.2\libgcc.a(_sf_to_df.o)
                0x0100bc80                __extendsfdf2
 .text          0x0100bcd4        0x0 c:/altera/13.0sp1/nios2eds/bin/gnu/h-i686-mingw32/bin/../lib/gcc/nios2-elf/4.1.2\libgcc.a(_thenan_sf.o)
 .text          0x0100bcd4      0x504 c:/altera/13.0sp1/nios2eds/bin/gnu/h-i686-mingw32/bin/../lib/gcc/nios2-elf/4.1.2\libgcc.a(_addsub_df.o)
                0x0100c0e4                __subdf3
                0x0100c164                __adddf3
 .text          0x0100c1d8      0x3c4 c:/altera/13.0sp1/nios2eds/bin/gnu/h-i686-mingw32/bin/../lib/gcc/nios2-elf/4.1.2\libgcc.a(_mul_df.o)
                0x0100c1d8                __muldf3
 .text          0x0100c59c      0x258 c:/altera/13.0sp1/nios2eds/bin/gnu/h-i686-mingw32/bin/../lib/gcc/nios2-elf/4.1.2\libgcc.a(_div_df.o)
                0x0100c59c                __divdf3
 .text          0x0100c7f4       0x88 c:/altera/13.0sp1/nios2eds/bin/gnu/h-i686-mingw32/bin/../lib/gcc/nios2-elf/4.1.2\libgcc.a(_eq_df.o)
                0x0100c7f4                __eqdf2
 .text          0x0100c87c       0x88 c:/altera/13.0sp1/nios2eds/bin/gnu/h-i686-mingw32/bin/../lib/gcc/nios2-elf/4.1.2\libgcc.a(_gt_df.o)
                0x0100c87c                __gtdf2
 .text          0x0100c904       0x88 c:/altera/13.0sp1/nios2eds/bin/gnu/h-i686-mingw32/bin/../lib/gcc/nios2-elf/4.1.2\libgcc.a(_ge_df.o)
                0x0100c904                __gedf2
 .text          0x0100c98c       0x88 c:/altera/13.0sp1/nios2eds/bin/gnu/h-i686-mingw32/bin/../lib/gcc/nios2-elf/4.1.2\libgcc.a(_lt_df.o)
                0x0100c98c                __ltdf2
 .text          0x0100ca14       0xf8 c:/altera/13.0sp1/nios2eds/bin/gnu/h-i686-mingw32/bin/../lib/gcc/nios2-elf/4.1.2\libgcc.a(_si_to_df.o)
                0x0100ca14                __floatsidf
 .text          0x0100cb0c       0xd8 c:/altera/13.0sp1/nios2eds/bin/gnu/h-i686-mingw32/bin/../lib/gcc/nios2-elf/4.1.2\libgcc.a(_df_to_si.o)
                0x0100cb0c                __fixdfsi
 .text          0x0100cbe4       0x38 c:/altera/13.0sp1/nios2eds/bin/gnu/h-i686-mingw32/bin/../lib/gcc/nios2-elf/4.1.2\libgcc.a(_make_df.o)
                0x0100cbe4                __make_dp
 .text          0x0100cc1c       0x74 c:/altera/13.0sp1/nios2eds/bin/gnu/h-i686-mingw32/bin/../lib/gcc/nios2-elf/4.1.2\libgcc.a(_df_to_sf.o)
                0x0100cc1c                __truncdfsf2
 .text          0x0100cc90        0x0 c:/altera/13.0sp1/nios2eds/bin/gnu/h-i686-mingw32/bin/../lib/gcc/nios2-elf/4.1.2\libgcc.a(_thenan_df.o)
 .text          0x0100cc90      0x14c c:/altera/13.0sp1/nios2eds/bin/gnu/h-i686-mingw32/bin/../lib/gcc/nios2-elf/4.1.2\libgcc.a(lib2-divmod.o)
                0x0100cd0c                __divsi3
                0x0100cd6c                __modsi3
                0x0100cdcc                __udivsi3
                0x0100cdd4                __umodsi3
 .text          0x0100cddc       0x98 c:/altera/13.0sp1/nios2eds/bin/gnu/h-i686-mingw32/bin/../lib/gcc/nios2-elf/4.1.2\libgcc.a(_muldi3.o)
                0x0100cddc                __muldi3
 .text          0x0100ce74       0x80 c:/altera/13.0sp1/nios2eds/bin/gnu/h-i686-mingw32/bin/../lib/gcc/nios2-elf/4.1.2\libgcc.a(_clzsi2.o)
                0x0100ce74                __clzsi2
 .text          0x0100cef4      0x160 c:/altera/13.0sp1/nios2eds/bin/gnu/h-i686-mingw32/bin/../lib/gcc/nios2-elf/4.1.2\libgcc.a(_pack_sf.o)
                0x0100cef4                __pack_f
 .text          0x0100d054       0xc8 c:/altera/13.0sp1/nios2eds/bin/gnu/h-i686-mingw32/bin/../lib/gcc/nios2-elf/4.1.2\libgcc.a(_unpack_sf.o)
                0x0100d054                __unpack_f
 .text          0x0100d11c       0xa8 c:/altera/13.0sp1/nios2eds/bin/gnu/h-i686-mingw32/bin/../lib/gcc/nios2-elf/4.1.2\libgcc.a(_fpcmp_parts_sf.o)
                0x0100d11c                __fpcmp_parts_f
 .text          0x0100d1c4       0x2c c:/altera/13.0sp1/nios2eds/bin/gnu/h-i686-mingw32/bin/../lib/gcc/nios2-elf/4.1.2\libgcc.a(_make_sf.o)
                0x0100d1c4                __make_fp
 .text          0x0100d1f0      0x314 c:/altera/13.0sp1/nios2eds/bin/gnu/h-i686-mingw32/bin/../lib/gcc/nios2-elf/4.1.2\libgcc.a(_pack_df.o)
                0x0100d1f0                __pack_d
 .text          0x0100d504      0x138 c:/altera/13.0sp1/nios2eds/bin/gnu/h-i686-mingw32/bin/../lib/gcc/nios2-elf/4.1.2\libgcc.a(_unpack_df.o)
                0x0100d504                __unpack_d
 .text          0x0100d63c       0xc8 c:/altera/13.0sp1/nios2eds/bin/gnu/h-i686-mingw32/bin/../lib/gcc/nios2-elf/4.1.2\libgcc.a(_fpcmp_parts_df.o)
                0x0100d63c                __fpcmp_parts_d
 .text          0x0100d704        0x0 c:/altera/13.0sp1/nios2eds/bin/gnu/h-i686-mingw32/bin/../lib/gcc/nios2-elf/4.1.2\libgcc.a(_clz.o)
 .text          0x0100d704        0x8 c:/altera/13.0sp1/nios2eds/bin/gnu/h-i686-mingw32/bin/../lib/gcc/nios2-elf/4.1.2/../../../../nios2-elf/lib\libc.a(lib_a-atof.o)
                0x0100d704                atof
 .text          0x0100d70c       0x18 c:/altera/13.0sp1/nios2eds/bin/gnu/h-i686-mingw32/bin/../lib/gcc/nios2-elf/4.1.2/../../../../nios2-elf/lib\libc.a(lib_a-atoi.o)
                0x0100d70c                _atoi_r
                0x0100d718                atoi
 .text          0x0100d724       0x10 c:/altera/13.0sp1/nios2eds/bin/gnu/h-i686-mingw32/bin/../lib/gcc/nios2-elf/4.1.2/../../../../nios2-elf/lib\libc.a(lib_a-errno.o)
                0x0100d724                __errno
 .text          0x0100d734       0x14 c:/altera/13.0sp1/nios2eds/bin/gnu/h-i686-mingw32/bin/../lib/gcc/nios2-elf/4.1.2/../../../../nios2-elf/lib\libc.a(lib_a-gmtime.o)
                0x0100d734                gmtime
 .text          0x0100d748        0x8 c:/altera/13.0sp1/nios2eds/bin/gnu/h-i686-mingw32/bin/../lib/gcc/nios2-elf/4.1.2/../../../../nios2-elf/lib\libc.a(lib_a-gmtime_r.o)
                0x0100d748                gmtime_r
 .text          0x0100d750        0x0 c:/altera/13.0sp1/nios2eds/bin/gnu/h-i686-mingw32/bin/../lib/gcc/nios2-elf/4.1.2/../../../../nios2-elf/lib\libc.a(lib_a-impure.o)
 .text          0x0100d750       0xa0 c:/altera/13.0sp1/nios2eds/bin/gnu/h-i686-mingw32/bin/../lib/gcc/nios2-elf/4.1.2/../../../../nios2-elf/lib\libc.a(lib_a-memcpy.o)
                0x0100d750                memcpy
 .text          0x0100d7f0      0x71c c:/altera/13.0sp1/nios2eds/bin/gnu/h-i686-mingw32/bin/../lib/gcc/nios2-elf/4.1.2/../../../../nios2-elf/lib\libc.a(lib_a-mktm_r.o)
                0x0100d7f0                __tzcalc_limits
                0x0100da24                _mktm_r
 .text          0x0100df0c       0x78 c:/altera/13.0sp1/nios2eds/bin/gnu/h-i686-mingw32/bin/../lib/gcc/nios2-elf/4.1.2/../../../../nios2-elf/lib\libc.a(lib_a-printf.o)
                0x0100df0c                printf
                0x0100df50                _printf_r
 .text          0x0100df84       0x24 c:/altera/13.0sp1/nios2eds/bin/gnu/h-i686-mingw32/bin/../lib/gcc/nios2-elf/4.1.2/../../../../nios2-elf/lib\libc.a(lib_a-putchar.o)
                0x0100df84                putchar
                0x0100dfa0                _putchar_r
 .text          0x0100dfa8       0xb4 c:/altera/13.0sp1/nios2eds/bin/gnu/h-i686-mingw32/bin/../lib/gcc/nios2-elf/4.1.2/../../../../nios2-elf/lib\libc.a(lib_a-puts.o)
                0x0100dfa8                _puts_r
                0x0100e048                puts
 .text          0x0100e05c       0xd4 c:/altera/13.0sp1/nios2eds/bin/gnu/h-i686-mingw32/bin/../lib/gcc/nios2-elf/4.1.2/../../../../nios2-elf/lib\libc.a(lib_a-sprintf.o)
                0x0100e05c                sprintf
                0x0100e0d0                _sprintf_r
 .text          0x0100e130       0x90 c:/altera/13.0sp1/nios2eds/bin/gnu/h-i686-mingw32/bin/../lib/gcc/nios2-elf/4.1.2/../../../../nios2-elf/lib\libc.a(lib_a-strcat.o)
                0x0100e130                strcat
 .text          0x0100e1c0       0xbc c:/altera/13.0sp1/nios2eds/bin/gnu/h-i686-mingw32/bin/../lib/gcc/nios2-elf/4.1.2/../../../../nios2-elf/lib\libc.a(lib_a-strcmp.o)
                0x0100e1c0                strcmp
 .text          0x0100e27c       0x8c c:/altera/13.0sp1/nios2eds/bin/gnu/h-i686-mingw32/bin/../lib/gcc/nios2-elf/4.1.2/../../../../nios2-elf/lib\libc.a(lib_a-strcpy.o)
                0x0100e27c                strcpy
 .text          0x0100e308       0x74 c:/altera/13.0sp1/nios2eds/bin/gnu/h-i686-mingw32/bin/../lib/gcc/nios2-elf/4.1.2/../../../../nios2-elf/lib\libc.a(lib_a-strlen.o)
                0x0100e308                strlen
 .text          0x0100e37c       0xbc c:/altera/13.0sp1/nios2eds/bin/gnu/h-i686-mingw32/bin/../lib/gcc/nios2-elf/4.1.2/../../../../nios2-elf/lib\libc.a(lib_a-strncpy.o)
                0x0100e37c                strncpy
 .text          0x0100e438     0x166c c:/altera/13.0sp1/nios2eds/bin/gnu/h-i686-mingw32/bin/../lib/gcc/nios2-elf/4.1.2/../../../../nios2-elf/lib\libc.a(lib_a-strtod.o)
                0x0100e480                _strtod_r
                0x0100f964                strtof
                0x0100fa88                strtod
 .text          0x0100faa4      0x268 c:/altera/13.0sp1/nios2eds/bin/gnu/h-i686-mingw32/bin/../lib/gcc/nios2-elf/4.1.2/../../../../nios2-elf/lib\libc.a(lib_a-strtol.o)
                0x0100faa4                _strtol_r
                0x0100fce8                strtol
 .text          0x0100fd0c      0x254 c:/altera/13.0sp1/nios2eds/bin/gnu/h-i686-mingw32/bin/../lib/gcc/nios2-elf/4.1.2/../../../../nios2-elf/lib\libc.a(lib_a-strtoul.o)
                0x0100fd0c                _strtoul_r
                0x0100ff3c                strtoul
 .text          0x0100ff60        0x8 c:/altera/13.0sp1/nios2eds/bin/gnu/h-i686-mingw32/bin/../lib/gcc/nios2-elf/4.1.2/../../../../nios2-elf/lib\libc.a(lib_a-tzlock.o)
                0x0100ff60                __tz_lock
                0x0100ff64                __tz_unlock
 .text          0x0100ff68        0x0 c:/altera/13.0sp1/nios2eds/bin/gnu/h-i686-mingw32/bin/../lib/gcc/nios2-elf/4.1.2/../../../../nios2-elf/lib\libc.a(lib_a-tzvars.o)
 .text          0x0100ff68     0x1f28 c:/altera/13.0sp1/nios2eds/bin/gnu/h-i686-mingw32/bin/../lib/gcc/nios2-elf/4.1.2/../../../../nios2-elf/lib\libc.a(lib_a-vfprintf.o)
                0x0100ffc0                ___vfprintf_internal_r
                0x01011e6c                __vfprintf_internal
 .text          0x01011e90      0x13c c:/altera/13.0sp1/nios2eds/bin/gnu/h-i686-mingw32/bin/../lib/gcc/nios2-elf/4.1.2/../../../../nios2-elf/lib\libc.a(lib_a-wsetup.o)
                0x01011e90                __swsetup_r
 .text          0x01011fcc        0x0 c:/altera/13.0sp1/nios2eds/bin/gnu/h-i686-mingw32/bin/../lib/gcc/nios2-elf/4.1.2/../../../../nios2-elf/lib\libc.a(lib_a-ctype_.o)
 .text          0x01011fcc     0x17cc c:/altera/13.0sp1/nios2eds/bin/gnu/h-i686-mingw32/bin/../lib/gcc/nios2-elf/4.1.2/../../../../nios2-elf/lib\libc.a(lib_a-dtoa.o)
                0x010121e4                _dtoa_r
 .text          0x01013798      0x230 c:/altera/13.0sp1/nios2eds/bin/gnu/h-i686-mingw32/bin/../lib/gcc/nios2-elf/4.1.2/../../../../nios2-elf/lib\libc.a(lib_a-fflush.o)
                0x01013798                _fflush_r
                0x01013994                fflush
 .text          0x010139c8      0x2c0 c:/altera/13.0sp1/nios2eds/bin/gnu/h-i686-mingw32/bin/../lib/gcc/nios2-elf/4.1.2/../../../../nios2-elf/lib\libc.a(lib_a-findfp.o)
                0x01013a20                __sfp_lock_acquire
                0x01013a24                __sfp_lock_release
                0x01013a28                __sinit_lock_acquire
                0x01013a2c                __sinit_lock_release
                0x01013a30                __sinit
                0x01013ae4                __fp_unlock_all
                0x01013afc                __fp_lock_all
                0x01013b14                _cleanup_r
                0x01013b20                _cleanup
                0x01013b30                __sfmoreglue
                0x01013b98                __sfp
 .text          0x01013c88      0x440 c:/altera/13.0sp1/nios2eds/bin/gnu/h-i686-mingw32/bin/../lib/gcc/nios2-elf/4.1.2/../../../../nios2-elf/lib\libc.a(lib_a-freer.o)
                0x01013c88                _malloc_trim_r
                0x01013db4                _free_r
 .text          0x010140c8      0x49c c:/altera/13.0sp1/nios2eds/bin/gnu/h-i686-mingw32/bin/../lib/gcc/nios2-elf/4.1.2/../../../../nios2-elf/lib\libc.a(lib_a-fvwrite.o)
                0x010140c8                __sfvwrite_r
 .text          0x01014564      0x180 c:/altera/13.0sp1/nios2eds/bin/gnu/h-i686-mingw32/bin/../lib/gcc/nios2-elf/4.1.2/../../../../nios2-elf/lib\libc.a(lib_a-fwalk.o)
                0x01014564                _fwalk_reent
                0x0101462c                _fwalk
 .text          0x010146e4      0x8f4 c:/altera/13.0sp1/nios2eds/bin/gnu/h-i686-mingw32/bin/../lib/gcc/nios2-elf/4.1.2/../../../../nios2-elf/lib\libc.a(lib_a-gdtoa-gethex.o)
                0x01014708                __hexdig_init
                0x01014820                __gethex
 .text          0x01014fd8      0x294 c:/altera/13.0sp1/nios2eds/bin/gnu/h-i686-mingw32/bin/../lib/gcc/nios2-elf/4.1.2/../../../../nios2-elf/lib\libc.a(lib_a-gdtoa-hexnan.o)
                0x01015024                __hexnan
 .text          0x0101526c        0xc c:/altera/13.0sp1/nios2eds/bin/gnu/h-i686-mingw32/bin/../lib/gcc/nios2-elf/4.1.2/../../../../nios2-elf/lib\libc.a(lib_a-gettzinfo.o)
                0x0101526c                __gettzinfo
 .text          0x01015278       0xc4 c:/altera/13.0sp1/nios2eds/bin/gnu/h-i686-mingw32/bin/../lib/gcc/nios2-elf/4.1.2/../../../../nios2-elf/lib\libc.a(lib_a-locale.o)
                0x01015278                __locale_charset
                0x01015280                _localeconv_r
                0x0101528c                localeconv
                0x0101529c                _setlocale_r
                0x01015320                setlocale
 .text          0x0101533c      0x194 c:/altera/13.0sp1/nios2eds/bin/gnu/h-i686-mingw32/bin/../lib/gcc/nios2-elf/4.1.2/../../../../nios2-elf/lib\libc.a(lib_a-makebuf.o)
                0x0101533c                __smakebuf_r
 .text          0x010154d0      0x740 c:/altera/13.0sp1/nios2eds/bin/gnu/h-i686-mingw32/bin/../lib/gcc/nios2-elf/4.1.2/../../../../nios2-elf/lib\libc.a(lib_a-mallocr.o)
                0x010154d0                _malloc_r
 .text          0x01015c10       0xe4 c:/altera/13.0sp1/nios2eds/bin/gnu/h-i686-mingw32/bin/../lib/gcc/nios2-elf/4.1.2/../../../../nios2-elf/lib\libc.a(lib_a-memchr.o)
                0x01015c10                memchr
 .text          0x01015cf4       0xe0 c:/altera/13.0sp1/nios2eds/bin/gnu/h-i686-mingw32/bin/../lib/gcc/nios2-elf/4.1.2/../../../../nios2-elf/lib\libc.a(lib_a-memmove.o)
                0x01015cf4                memmove
 .text          0x01015dd4       0x98 c:/altera/13.0sp1/nios2eds/bin/gnu/h-i686-mingw32/bin/../lib/gcc/nios2-elf/4.1.2/../../../../nios2-elf/lib\libc.a(lib_a-memset.o)
                0x01015dd4                memset
 .text          0x01015e6c      0xff4 c:/altera/13.0sp1/nios2eds/bin/gnu/h-i686-mingw32/bin/../lib/gcc/nios2-elf/4.1.2/../../../../nios2-elf/lib\libc.a(lib_a-mprec.o)
                0x01015e6c                _Bfree
                0x01015e94                __hi0bits
                0x01015f04                __lo0bits
                0x01015fc8                __mcmp
                0x01016028                __ulp
                0x010160a8                __b2d
                0x010161c8                __ratio
                0x01016278                _mprec_log10
                0x0101630c                __copybits
                0x01016364                __any_on
                0x010163ec                _Balloc
                0x010164a8                __d2b
                0x01016624                __mdiff
                0x010167b0                __lshift
                0x010168fc                __multiply
                0x01016ae4                __i2b
                0x01016b20                __multadd
                0x01016c20                __pow5mult
                0x01016d40                __s2b
 .text          0x01016e60      0x1ec c:/altera/13.0sp1/nios2eds/bin/gnu/h-i686-mingw32/bin/../lib/gcc/nios2-elf/4.1.2/../../../../nios2-elf/lib\libc.a(lib_a-putc.o)
                0x01016e60                putc
                0x01016f64                _putc_r
 .text          0x0101704c      0x5f4 c:/altera/13.0sp1/nios2eds/bin/gnu/h-i686-mingw32/bin/../lib/gcc/nios2-elf/4.1.2/../../../../nios2-elf/lib\libc.a(lib_a-reallocr.o)
                0x0101704c                _realloc_r
 .text          0x01017640       0x40 c:/altera/13.0sp1/nios2eds/bin/gnu/h-i686-mingw32/bin/../lib/gcc/nios2-elf/4.1.2/../../../../nios2-elf/lib\libc.a(lib_a-s_isinfd.o)
                0x01017640                __isinfd
 .text          0x01017680       0x70 c:/altera/13.0sp1/nios2eds/bin/gnu/h-i686-mingw32/bin/../lib/gcc/nios2-elf/4.1.2/../../../../nios2-elf/lib\libc.a(lib_a-sbrkr.o)
                0x01017680                _sbrk_r
 .text          0x010176f0      0x14c c:/altera/13.0sp1/nios2eds/bin/gnu/h-i686-mingw32/bin/../lib/gcc/nios2-elf/4.1.2/../../../../nios2-elf/lib\libc.a(lib_a-stdio.o)
                0x010176f0                __sclose
                0x010176f8                __sseek
                0x01017760                __swrite
                0x010177dc                __sread
 .text          0x0101783c      0x14c c:/altera/13.0sp1/nios2eds/bin/gnu/h-i686-mingw32/bin/../lib/gcc/nios2-elf/4.1.2/../../../../nios2-elf/lib\libc.a(lib_a-wbuf.o)
                0x0101783c                __swbuf_r
                0x0101796c                __swbuf
 .text          0x01017988       0x78 c:/altera/13.0sp1/nios2eds/bin/gnu/h-i686-mingw32/bin/../lib/gcc/nios2-elf/4.1.2/../../../../nios2-elf/lib\libc.a(lib_a-writer.o)
                0x01017988                _write_r
 .text          0x01017a00       0xb4 c:/altera/13.0sp1/nios2eds/bin/gnu/h-i686-mingw32/bin/../lib/gcc/nios2-elf/4.1.2/../../../../nios2-elf/lib\libc.a(lib_a-callocr.o)
                0x01017a00                _calloc_r
 .text          0x01017ab4       0x70 c:/altera/13.0sp1/nios2eds/bin/gnu/h-i686-mingw32/bin/../lib/gcc/nios2-elf/4.1.2/../../../../nios2-elf/lib\libc.a(lib_a-closer.o)
                0x01017ab4                _close_r
 .text          0x01017b24      0x124 c:/altera/13.0sp1/nios2eds/bin/gnu/h-i686-mingw32/bin/../lib/gcc/nios2-elf/4.1.2/../../../../nios2-elf/lib\libc.a(lib_a-fclose.o)
                0x01017b24                _fclose_r
                0x01017c34                fclose
 .text          0x01017c48       0x74 c:/altera/13.0sp1/nios2eds/bin/gnu/h-i686-mingw32/bin/../lib/gcc/nios2-elf/4.1.2/../../../../nios2-elf/lib\libc.a(lib_a-fstatr.o)
                0x01017c48                _fstat_r
 .text          0x01017cbc        0x0 c:/altera/13.0sp1/nios2eds/bin/gnu/h-i686-mingw32/bin/../lib/gcc/nios2-elf/4.1.2/../../../../nios2-elf/lib\libc.a(lib_a-int_errno.o)
 .text          0x01017cbc       0x70 c:/altera/13.0sp1/nios2eds/bin/gnu/h-i686-mingw32/bin/../lib/gcc/nios2-elf/4.1.2/../../../../nios2-elf/lib\libc.a(lib_a-isattyr.o)
                0x01017cbc                _isatty_r
 .text          0x01017d2c       0x78 c:/altera/13.0sp1/nios2eds/bin/gnu/h-i686-mingw32/bin/../lib/gcc/nios2-elf/4.1.2/../../../../nios2-elf/lib\libc.a(lib_a-lseekr.o)
                0x01017d2c                _lseek_r
 .text          0x01017da4       0x78 c:/altera/13.0sp1/nios2eds/bin/gnu/h-i686-mingw32/bin/../lib/gcc/nios2-elf/4.1.2/../../../../nios2-elf/lib\libc.a(lib_a-readr.o)
                0x01017da4                _read_r
 .text          0x01017e1c       0xa4 c:/altera/13.0sp1/nios2eds/bin/gnu/h-i686-mingw32/bin/../lib/gcc/nios2-elf/4.1.2\libgcc.a(_fixunsdfsi.o)
                0x01017e1c                __fixunsdfsi
 .text          0x01017ec0      0x5dc c:/altera/13.0sp1/nios2eds/bin/gnu/h-i686-mingw32/bin/../lib/gcc/nios2-elf/4.1.2\libgcc.a(_udivdi3.o)
                0x01017ec0                __udivdi3
 .text          0x0101849c      0x5b0 c:/altera/13.0sp1/nios2eds/bin/gnu/h-i686-mingw32/bin/../lib/gcc/nios2-elf/4.1.2\libgcc.a(_umoddi3.o)
                0x0101849c                __umoddi3
 .text          0x01018a4c       0x78 c:/altera/13.0sp1/nios2eds/bin/gnu/h-i686-mingw32/bin/../lib/gcc/nios2-elf/4.1.2\libgcc.a(_ne_sf.o)
                0x01018a4c                __nesf2
 .text          0x01018ac4       0x78 c:/altera/13.0sp1/nios2eds/bin/gnu/h-i686-mingw32/bin/../lib/gcc/nios2-elf/4.1.2\libgcc.a(_gt_sf.o)
                0x01018ac4                __gtsf2
 .text          0x01018b3c       0x88 c:/altera/13.0sp1/nios2eds/bin/gnu/h-i686-mingw32/bin/../lib/gcc/nios2-elf/4.1.2\libgcc.a(_ne_df.o)
                0x01018b3c                __nedf2
 .text          0x01018bc4       0x88 c:/altera/13.0sp1/nios2eds/bin/gnu/h-i686-mingw32/bin/../lib/gcc/nios2-elf/4.1.2\libgcc.a(_le_df.o)
                0x01018bc4                __ledf2
 .text          0x01018c4c      0x194 c:/altera/13.0sp1/nios2eds/bin/gnu/h-i686-mingw32/bin/../lib/gcc/nios2-elf/4.1.2\libgcc.a(_usi_to_df.o)
                0x01018c4c                __floatunsidf
 .text          0x01018de0      0x15c ../Exercise1_7_bsp/\libhal_bsp.a(alt_close.o)
                0x01018de0                close
 .text          0x01018f3c       0x2c ../Exercise1_7_bsp/\libhal_bsp.a(alt_dev.o)
 .text          0x01018f68        0x0 ../Exercise1_7_bsp/\libhal_bsp.a(alt_errno.o)
 .text          0x01018f68      0x134 ../Exercise1_7_bsp/\libhal_bsp.a(alt_fstat.o)
                0x01018f68                fstat
 .text          0x0101909c      0x120 ../Exercise1_7_bsp/\libhal_bsp.a(alt_isatty.o)
                0x0101909c                isatty
 .text          0x010191bc       0xec ../Exercise1_7_bsp/\libhal_bsp.a(alt_load.o)
                0x010191bc                alt_load
 .text          0x010192a8      0x150 ../Exercise1_7_bsp/\libhal_bsp.a(alt_lseek.o)
                0x010192a8                lseek
 .text          0x010193f8       0x6c ../Exercise1_7_bsp/\libhal_bsp.a(alt_main.o)
                0x010193f8                alt_main
 .text          0x01019464       0x40 ../Exercise1_7_bsp/\libhal_bsp.a(alt_malloc_lock.o)
                0x01019464                __malloc_lock
                0x01019484                __malloc_unlock
 .text          0x010194a4      0x258 ../Exercise1_7_bsp/\libhal_bsp.a(alt_printf.o)
                0x010194a4                alt_printf
 .text          0x010196fc       0x40 ../Exercise1_7_bsp/\libhal_bsp.a(alt_putchar.o)
                0x010196fc                alt_putchar
 .text          0x0101973c      0x180 ../Exercise1_7_bsp/\libhal_bsp.a(alt_read.o)
                0x0101973c                read
 .text          0x010198bc       0x60 ../Exercise1_7_bsp/\libhal_bsp.a(alt_release_fd.o)
                0x010198bc                alt_release_fd
 .text          0x0101991c       0xbc ../Exercise1_7_bsp/\libhal_bsp.a(alt_sbrk.o)
                0x0101991c                sbrk
 .text          0x010199d8      0x180 ../Exercise1_7_bsp/\libhal_bsp.a(alt_write.o)
                0x010199d8                write
 .text          0x01019b58       0xf4 ../Exercise1_7_bsp/\libhal_bsp.a(alt_sys_init.o)
                0x01019b58                alt_irq_init
                0x01019b8c                alt_sys_init
 .text          0x01019c4c     0x45fc ../Exercise1_7_bsp/\libhal_bsp.a(Altera_UP_SD_Card_Avalon_Interface.o)
                0x01019c4c                Write_Sector_Data
                0x01019d14                Save_Modified_Sector
                0x01019d64                Read_Sector_Data
                0x01019e60                get_cluster_flag
                0x01019f18                mark_cluster
                0x01019ffc                Check_for_Master_Boot_Record
                0x0101a1ac                Read_File_Record_At_Offset
                0x0101a430                Write_File_Record_At_Offset
                0x0101a6e8                Check_for_DOS_FAT
                0x0101ad28                Look_for_FAT16
                0x0101ae2c                filename_to_upper_case
                0x0101aefc                check_file_name_for_FAT16_compliance
                0x0101b18c                get_dir_divider_location
                0x0101b24c                match_file_record_to_name_ext
                0x0101b538                get_home_directory_cluster_for_file
                0x0101ba4c                find_file_in_directory
                0x0101beb0                find_first_empty_cluster
                0x0101c054                find_first_empty_record_in_a_subdirectory
                0x0101c2a0                find_first_empty_record_in_root_directory
                0x0101c3cc                convert_filename_to_name_extension
                0x0101c584                create_file
                0x0101c858                copy_file_record_name_to_string
                0x0101c9ac                alt_up_sd_card_open_dev
                0x0101ca70                alt_up_sd_card_is_Present
                0x0101cb38                alt_up_sd_card_is_FAT16
                0x0101cbac                alt_up_sd_card_find_first
                0x0101cc80                alt_up_sd_card_find_next
                0x0101d030                alt_up_sd_card_fopen
                0x0101d3d8                alt_up_sd_card_set_attributes
                0x0101d468                alt_up_sd_card_get_attributes
                0x0101d4f4                alt_up_sd_card_read
                0x0101d888                alt_up_sd_card_write
                0x0101dec4                alt_up_sd_card_fclose
                0x0101e0bc                Read_Sector_Data_CRC
                0x0101e1b8                Read_Sector_Data_Attempt_CRC
 .text          0x0101e248      0x148 ../Exercise1_7_bsp/\libhal_bsp.a(altera_avalon_jtag_uart_fd.o)
                0x0101e248                altera_avalon_jtag_uart_read_fd
                0x0101e2a0                altera_avalon_jtag_uart_write_fd
                0x0101e2f8                altera_avalon_jtag_uart_close_fd
                0x0101e340                altera_avalon_jtag_uart_ioctl_fd
 .text          0x0101e390      0x408 ../Exercise1_7_bsp/\libhal_bsp.a(altera_avalon_jtag_uart_init.o)
                0x0101e390                altera_avalon_jtag_uart_init
                0x0101e724                altera_avalon_jtag_uart_close
 .text          0x0101e798       0xf4 ../Exercise1_7_bsp/\libhal_bsp.a(altera_avalon_jtag_uart_ioctl.o)
                0x0101e798                altera_avalon_jtag_uart_ioctl
 .text          0x0101e88c      0x224 ../Exercise1_7_bsp/\libhal_bsp.a(altera_avalon_jtag_uart_read.o)
                0x0101e88c                altera_avalon_jtag_uart_read
 .text          0x0101eab0      0x240 ../Exercise1_7_bsp/\libhal_bsp.a(altera_avalon_jtag_uart_write.o)
                0x0101eab0                altera_avalon_jtag_uart_write
 .text          0x0101ecf0       0xfc ../Exercise1_7_bsp/\libhal_bsp.a(altera_avalon_timer_sc.o)
                0x0101ed64                alt_avalon_timer_sc_init
 .text          0x0101edec      0x530 ../Exercise1_7_bsp/\libhal_bsp.a(altera_up_avalon_character_lcd.o)
                0x0101edec                get_DDRAM_addr
                0x0101ee68                alt_up_character_lcd_send_cmd
                0x0101ee9c                alt_up_character_lcd_init
                0x0101eed0                alt_up_character_lcd_open_dev
                0x0101ef10                alt_up_character_lcd_write
                0x0101ef88                alt_up_character_lcd_string
                0x0101f000                alt_up_character_lcd_write_fd
                0x0101f04c                alt_up_character_lcd_set_cursor_pos
                0x0101f0c4                alt_up_character_lcd_shift_cursor
                0x0101f174                alt_up_character_lcd_shift_display
                0x0101f224                alt_up_character_lcd_erase_pos
                0x0101f2b4                alt_up_character_lcd_cursor_off
                0x0101f2e8                alt_up_character_lcd_cursor_blink_on
 .text          0x0101f31c      0x398 ../Exercise1_7_bsp/\libhal_bsp.a(altera_up_avalon_rs232.o)
                0x0101f31c                alt_up_rs232_enable_read_interrupt
                0x0101f370                alt_up_rs232_disable_read_interrupt
                0x0101f3c8                alt_up_rs232_get_used_space_in_read_FIFO
                0x0101f404                alt_up_rs232_get_available_space_in_write_FIFO
                0x0101f444                alt_up_rs232_check_parity
                0x0101f494                alt_up_rs232_write_data
                0x0101f4dc                alt_up_rs232_read_data
                0x0101f550                alt_up_rs232_read_fd
                0x0101f5e0                alt_up_rs232_write_fd
                0x0101f674                alt_up_rs232_open_dev
 .text          0x0101f6b4      0x154 ../Exercise1_7_bsp/\libhal_bsp.a(alt_alarm_start.o)
                0x0101f6b4                alt_alarm_start
 .text          0x0101f808       0x44 ../Exercise1_7_bsp/\libhal_bsp.a(alt_dcache_flush_all.o)
                0x0101f808                alt_dcache_flush_all
 .text          0x0101f84c      0x114 ../Exercise1_7_bsp/\libhal_bsp.a(alt_dev_llist_insert.o)
                0x0101f84c                alt_dev_llist_insert
 .text          0x0101f960       0x64 ../Exercise1_7_bsp/\libhal_bsp.a(alt_do_ctors.o)
                0x0101f960                _do_ctors
 .text          0x0101f9c4       0x64 ../Exercise1_7_bsp/\libhal_bsp.a(alt_do_dtors.o)
                0x0101f9c4                _do_dtors
 .text          0x0101fa28       0x94 ../Exercise1_7_bsp/\libhal_bsp.a(alt_find_dev.o)
                0x0101fa28                alt_find_dev
 .text          0x0101fabc       0x30 ../Exercise1_7_bsp/\libhal_bsp.a(alt_icache_flush_all.o)
                0x0101fabc                alt_icache_flush_all
 .text          0x0101faec      0x13c ../Exercise1_7_bsp/\libhal_bsp.a(alt_io_redirect.o)
                0x0101fbb0                alt_io_redirect
 .text          0x0101fc28      0x1c0 ../Exercise1_7_bsp/\libhal_bsp.a(alt_irq_register.o)
                0x0101fc28                alt_irq_register
 .text          0x0101fde8        0x0 ../Exercise1_7_bsp/\libhal_bsp.a(alt_irq_vars.o)
 .text          0x0101fde8      0x2c4 ../Exercise1_7_bsp/\libhal_bsp.a(alt_open.o)
                0x0101fec4                open
 .text          0x010200ac      0x1a4 ../Exercise1_7_bsp/\libhal_bsp.a(alt_tick.o)
                0x010200ac                alt_alarm_stop
                0x01020144                alt_tick
 .text          0x01020250       0x20 ../Exercise1_7_bsp/\libhal_bsp.a(altera_nios2_qsys_irq.o)
                0x01020250                altera_nios2_qsys_irq_init
 .text          0x01020270      0x120 ../Exercise1_7_bsp/\libhal_bsp.a(alt_find_file.o)
                0x01020270                alt_find_file
 .text          0x01020390       0xb8 ../Exercise1_7_bsp/\libhal_bsp.a(alt_get_fd.o)
                0x01020390                alt_get_fd
 .text          0x01020448       0x90 ../Exercise1_7_bsp/\libhal_bsp.a(alt_icache_flush.o)
                0x01020448                alt_icache_flush
 .text          0x010204d8        0x0 ../Exercise1_7_bsp/\libhal_bsp.a(alt_irq_entry.o)
 .text          0x010204d8        0x0 ../Exercise1_7_bsp/\libhal_bsp.a(alt_irq_handler.o)
 .text          0x010204d8        0x0 ../Exercise1_7_bsp/\libhal_bsp.a(alt_exception_entry.o)
 .text          0x010204d8       0x78 c:/altera/13.0sp1/nios2eds/bin/gnu/h-i686-mingw32/bin/../lib/gcc/nios2-elf/4.1.2/../../../../nios2-elf/lib\libc.a(lib_a-assert.o)
                0x010204d8                __assert_func
                0x0102053c                __assert
 .text          0x01020550       0x14 c:/altera/13.0sp1/nios2eds/bin/gnu/h-i686-mingw32/bin/../lib/gcc/nios2-elf/4.1.2/../../../../nios2-elf/lib\libc.a(lib_a-atexit.o)
                0x01020550                atexit
 .text          0x01020564       0x38 c:/altera/13.0sp1/nios2eds/bin/gnu/h-i686-mingw32/bin/../lib/gcc/nios2-elf/4.1.2/../../../../nios2-elf/lib\libc.a(lib_a-exit.o)
                0x01020564                exit
 .text          0x0102059c       0x6c c:/altera/13.0sp1/nios2eds/bin/gnu/h-i686-mingw32/bin/../lib/gcc/nios2-elf/4.1.2/../../../../nios2-elf/lib\libc.a(lib_a-fiprintf.o)
                0x0102059c                fiprintf
                0x010205e0                _fiprintf_r
 .text          0x01020608       0x74 c:/altera/13.0sp1/nios2eds/bin/gnu/h-i686-mingw32/bin/../lib/gcc/nios2-elf/4.1.2/../../../../nios2-elf/lib\libc.a(lib_a-memcmp.o)
                0x01020608                memcmp
 .text          0x0102067c       0x1c c:/altera/13.0sp1/nios2eds/bin/gnu/h-i686-mingw32/bin/../lib/gcc/nios2-elf/4.1.2/../../../../nios2-elf/lib\libc.a(lib_a-vfiprintfr_1.o)
                0x0102067c                _vfiprintf_r
 .text          0x01020698      0x134 c:/altera/13.0sp1/nios2eds/bin/gnu/h-i686-mingw32/bin/../lib/gcc/nios2-elf/4.1.2/../../../../nios2-elf/lib\libc.a(lib_a-__atexit.o)
                0x01020698                __register_exitproc
 .text          0x010207cc      0x1b4 c:/altera/13.0sp1/nios2eds/bin/gnu/h-i686-mingw32/bin/../lib/gcc/nios2-elf/4.1.2/../../../../nios2-elf/lib\libc.a(lib_a-__call_atexit.o)
                0x010207d0                __call_exitprocs
 .text          0x01020980       0x18 c:/altera/13.0sp1/nios2eds/bin/gnu/h-i686-mingw32/bin/../lib/gcc/nios2-elf/4.1.2/../../../../nios2-elf/lib\libc.a(lib_a-abort.o)
                0x01020980                abort
 .text          0x01020998      0x2d8 c:/altera/13.0sp1/nios2eds/bin/gnu/h-i686-mingw32/bin/../lib/gcc/nios2-elf/4.1.2/../../../../nios2-elf/lib\libc.a(lib_a-signal.o)
                0x01020998                _raise_r
                0x01020a64                raise
                0x01020a78                _init_signal_r
                0x01020adc                _init_signal
                0x01020aec                __sigtramp_r
                0x01020ba0                __sigtramp
                0x01020bb4                _signal_r
                0x01020c54                signal
 .text          0x01020c70       0x78 c:/altera/13.0sp1/nios2eds/bin/gnu/h-i686-mingw32/bin/../lib/gcc/nios2-elf/4.1.2/../../../../nios2-elf/lib\libc.a(lib_a-signalr.o)
                0x01020c70                _getpid_r
                0x01020c74                _kill_r
 .text          0x01020ce8     0x1120 c:/altera/13.0sp1/nios2eds/bin/gnu/h-i686-mingw32/bin/../lib/gcc/nios2-elf/4.1.2/../../../../nios2-elf/lib\libc.a(lib_a-vfiprintf.o)
                0x01020d40                ___vfiprintf_internal_r
                0x01021de4                __vfiprintf_internal
 .text          0x01021e08       0x60 ../Exercise1_7_bsp/\libhal_bsp.a(alt_exit.o)
                0x01021e48                _exit
 .text          0x01021e68       0x20 ../Exercise1_7_bsp/\libhal_bsp.a(alt_getpid.o)
                0x01021e68                getpid
 .text          0x01021e88      0x1a0 ../Exercise1_7_bsp/\libhal_bsp.a(alt_kill.o)
                0x01021e88                kill
 *(.gnu.warning.*)
 *(.fini)
                0x01022028                PROVIDE (__etext, ABSOLUTE (.))
                0x01022028                PROVIDE (_etext, ABSOLUTE (.))
                0x01022028                PROVIDE (etext, ABSOLUTE (.))
 *(.eh_frame_hdr)
                0x01022028                . = ALIGN (0x4)
                0x01022028                PROVIDE (__preinit_array_start, ABSOLUTE (.))
 *(.preinit_array)
                0x01022028                PROVIDE (__preinit_array_end, ABSOLUTE (.))
                0x01022028                PROVIDE (__init_array_start, ABSOLUTE (.))
 *(.init_array)
                0x01022028                PROVIDE (__init_array_end, ABSOLUTE (.))
                0x01022028                PROVIDE (__fini_array_start, ABSOLUTE (.))
 *(.fini_array)
                0x01022028                PROVIDE (__fini_array_end, ABSOLUTE (.))
 *(.eh_frame)
 *(.gcc_except_table)
 *(.dynamic)
                0x01022028                PROVIDE (__CTOR_LIST__, ABSOLUTE (.))
 *(.ctors)
 *(SORT(.ctors.*))
 .ctors.65535   0x01022028        0x4 c:/altera/13.0sp1/nios2eds/bin/gnu/h-i686-mingw32/bin/../lib/gcc/nios2-elf/4.1.2/../../../../nios2-elf/lib\libc.a(lib_a-__call_atexit.o)
                0x0102202c                PROVIDE (__CTOR_END__, ABSOLUTE (.))
                0x0102202c                PROVIDE (__DTOR_LIST__, ABSOLUTE (.))
 *(.dtors)
 *(SORT(.dtors.*))
                0x0102202c                PROVIDE (__DTOR_END__, ABSOLUTE (.))
 *(.jcr)
                0x0102202c                . = ALIGN (0x4)

.rodata         0x0102202c     0x5e84
                0x0102202c                PROVIDE (__ram_rodata_start, ABSOLUTE (.))
                0x0102202c                . = ALIGN (0x4)
 *(.rodata .rodata.* .gnu.linkonce.r.*)
 .rodata        0x0102202c       0x1c obj/default/CampusFoodFinderMain.o
 .rodata        0x01022048      0x140 obj/default/GPS.o
 .rodata        0x01022188      0x299 obj/default/OutGraphicsCharFont1.o
                0x01022188                Font5x7
 *fill*         0x01022421        0x1 00
 .rodata        0x01022422      0xa64 obj/default/OutGraphicsCharFont2.o
                0x01022422                Font10x14
 .rodata        0x01022e86     0x140a obj/default/OutGraphicsCharFont3.o
                0x01022e86                Font16x27
 .rodata        0x01024290     0x2c92 obj/default/OutGraphicsCharFont4.o
                0x01024290                Font22x40
 *fill*         0x01026f22        0x2 00
 .rodata        0x01026f24      0x104 obj/default/SD.o
 .rodata        0x01027028       0x8c obj/default/bluetooth.o
 .rodata        0x010270b4       0x6c obj/default/distance.o
 .rodata        0x01027120      0x340 obj/default/functions.o
 .rodata        0x01027460       0x90 obj/default/touchscreen.o
 .rodata.str1.4
                0x010274f0        0x5 c:/altera/13.0sp1/nios2eds/bin/gnu/h-i686-mingw32/bin/../lib/gcc/nios2-elf/4.1.2/../../../../nios2-elf/lib\libm.a(lib_a-w_sqrt.o)
                                  0x8 (size before relaxing)
 *fill*         0x010274f5        0x3 00
 .rodata        0x010274f8      0x188 c:/altera/13.0sp1/nios2eds/bin/gnu/h-i686-mingw32/bin/../lib/gcc/nios2-elf/4.1.2/../../../../nios2-elf/lib\libm.a(lib_a-e_rem_pio2.o)
 .rodata        0x01027680       0x50 c:/altera/13.0sp1/nios2eds/bin/gnu/h-i686-mingw32/bin/../lib/gcc/nios2-elf/4.1.2/../../../../nios2-elf/lib\libm.a(lib_a-k_rem_pio2.o)
 .rodata        0x010276d0       0x40 c:/altera/13.0sp1/nios2eds/bin/gnu/h-i686-mingw32/bin/../lib/gcc/nios2-elf/4.1.2/../../../../nios2-elf/lib\libm.a(lib_a-s_atan.o)
 .rodata        0x01027710       0x10 c:/altera/13.0sp1/nios2eds/bin/gnu/h-i686-mingw32/bin/../lib/gcc/nios2-elf/4.1.2\libgcc.a(_thenan_sf.o)
                0x01027710                __thenan_sf
 .rodata        0x01027720       0x14 c:/altera/13.0sp1/nios2eds/bin/gnu/h-i686-mingw32/bin/../lib/gcc/nios2-elf/4.1.2\libgcc.a(_thenan_df.o)
                0x01027720                __thenan_df
 .rodata        0x01027734      0x100 c:/altera/13.0sp1/nios2eds/bin/gnu/h-i686-mingw32/bin/../lib/gcc/nios2-elf/4.1.2\libgcc.a(_clz.o)
                0x01027734                __clz_tab
 .rodata.str1.4
                0x01027834        0x2 c:/altera/13.0sp1/nios2eds/bin/gnu/h-i686-mingw32/bin/../lib/gcc/nios2-elf/4.1.2/../../../../nios2-elf/lib\libc.a(lib_a-impure.o)
                                  0x4 (size before relaxing)
 *fill*         0x01027836        0x2 00
 .rodata        0x01027838       0x60 c:/altera/13.0sp1/nios2eds/bin/gnu/h-i686-mingw32/bin/../lib/gcc/nios2-elf/4.1.2/../../../../nios2-elf/lib\libc.a(lib_a-mktm_r.o)
 .rodata.str1.4
                0x01027898        0x2 c:/altera/13.0sp1/nios2eds/bin/gnu/h-i686-mingw32/bin/../lib/gcc/nios2-elf/4.1.2/../../../../nios2-elf/lib\libc.a(lib_a-puts.o)
                                  0x4 (size before relaxing)
 *fill*         0x0102789a        0x2 00
 .rodata.str1.4
                0x0102789c        0xf c:/altera/13.0sp1/nios2eds/bin/gnu/h-i686-mingw32/bin/../lib/gcc/nios2-elf/4.1.2/../../../../nios2-elf/lib\libc.a(lib_a-strtod.o)
                                 0x10 (size before relaxing)
 *fill*         0x010278ab        0x1 00
 .rodata        0x010278ac       0x28 c:/altera/13.0sp1/nios2eds/bin/gnu/h-i686-mingw32/bin/../lib/gcc/nios2-elf/4.1.2/../../../../nios2-elf/lib\libc.a(lib_a-strtod.o)
 .rodata.str1.4
                0x010278d4        0x4 c:/altera/13.0sp1/nios2eds/bin/gnu/h-i686-mingw32/bin/../lib/gcc/nios2-elf/4.1.2/../../../../nios2-elf/lib\libc.a(lib_a-tzvars.o)
 .rodata.str1.4
                0x010278d8       0x5e c:/altera/13.0sp1/nios2eds/bin/gnu/h-i686-mingw32/bin/../lib/gcc/nios2-elf/4.1.2/../../../../nios2-elf/lib\libc.a(lib_a-vfprintf.o)
                                 0x60 (size before relaxing)
 .rodata        0x01027936       0x20 c:/altera/13.0sp1/nios2eds/bin/gnu/h-i686-mingw32/bin/../lib/gcc/nios2-elf/4.1.2/../../../../nios2-elf/lib\libc.a(lib_a-vfprintf.o)
 .rodata        0x01027956      0x281 c:/altera/13.0sp1/nios2eds/bin/gnu/h-i686-mingw32/bin/../lib/gcc/nios2-elf/4.1.2/../../../../nios2-elf/lib\libc.a(lib_a-ctype_.o)
                0x01027956                _ctype_
 *fill*         0x01027bd7        0x1 00
 .rodata.str1.4
                0x01027bd8       0x10 c:/altera/13.0sp1/nios2eds/bin/gnu/h-i686-mingw32/bin/../lib/gcc/nios2-elf/4.1.2/../../../../nios2-elf/lib\libc.a(lib_a-dtoa.o)
                                 0x14 (size before relaxing)
 .rodata.str1.4
                0x01027be8       0x1b c:/altera/13.0sp1/nios2eds/bin/gnu/h-i686-mingw32/bin/../lib/gcc/nios2-elf/4.1.2/../../../../nios2-elf/lib\libc.a(lib_a-gdtoa-gethex.o)
                                 0x1c (size before relaxing)
 *fill*         0x01027c03        0x1 00
 .rodata.str1.4
                0x01027c04        0xf c:/altera/13.0sp1/nios2eds/bin/gnu/h-i686-mingw32/bin/../lib/gcc/nios2-elf/4.1.2/../../../../nios2-elf/lib\libc.a(lib_a-locale.o)
                                 0x18 (size before relaxing)
 *fill*         0x01027c13        0x1 00
 .rodata        0x01027c14       0x30 c:/altera/13.0sp1/nios2eds/bin/gnu/h-i686-mingw32/bin/../lib/gcc/nios2-elf/4.1.2/../../../../nios2-elf/lib\libc.a(lib_a-locale.o)
 .rodata        0x01027c44      0x124 c:/altera/13.0sp1/nios2eds/bin/gnu/h-i686-mingw32/bin/../lib/gcc/nios2-elf/4.1.2/../../../../nios2-elf/lib\libc.a(lib_a-mprec.o)
                0x01027c44                __mprec_tens
                0x01027d0c                __mprec_bigtens
                0x01027d34                __mprec_tinytens
 .rodata        0x01027d68        0xc ../Exercise1_7_bsp/\libhal_bsp.a(alt_dev.o)
 .rodata        0x01027d74       0x14 ../Exercise1_7_bsp/\libhal_bsp.a(alt_main.o)
 .rodata        0x01027d88       0x68 ../Exercise1_7_bsp/\libhal_bsp.a(alt_sys_init.o)
 .rodata        0x01027df0       0x60 ../Exercise1_7_bsp/\libhal_bsp.a(Altera_UP_SD_Card_Avalon_Interface.o)
 .rodata.str1.4
                0x01027e50       0x40 c:/altera/13.0sp1/nios2eds/bin/gnu/h-i686-mingw32/bin/../lib/gcc/nios2-elf/4.1.2/../../../../nios2-elf/lib\libc.a(lib_a-assert.o)
                                 0x44 (size before relaxing)
 .rodata.str1.4
                0x00000000       0x4c c:/altera/13.0sp1/nios2eds/bin/gnu/h-i686-mingw32/bin/../lib/gcc/nios2-elf/4.1.2/../../../../nios2-elf/lib\libc.a(lib_a-vfiprintf.o)
 .rodata        0x01027e90       0x20 c:/altera/13.0sp1/nios2eds/bin/gnu/h-i686-mingw32/bin/../lib/gcc/nios2-elf/4.1.2/../../../../nios2-elf/lib\libc.a(lib_a-vfiprintf.o)
 *(.rodata1)
                0x01027eb0                . = ALIGN (0x4)
                0x01027eb0                PROVIDE (__ram_rodata_end, ABSOLUTE (.))
                0x0102202c                PROVIDE (__flash_rodata_start, LOADADDR (.rodata))

.rwdata         0x01027eb0     0x1b64 load address 0x01029a14
                0x01027eb0                PROVIDE (__ram_rwdata_start, ABSOLUTE (.))
                0x01027eb0                . = ALIGN (0x4)
 *(.got.plt)
 *(.got)
 *(.data1)
 *(.data .data.* .gnu.linkonce.d.*)
 .data          0x01027eb0        0x0 ../Exercise1_7_bsp//obj/HAL/src/crt0.o
 .data          0x01027eb0        0x0 obj/default/Bresenhams_Line_Drawing_Algorithm.o
 .data          0x01027eb0        0x0 obj/default/CampusFoodFinderMain.o
 .data          0x01027eb0        0x0 obj/default/Fill.o
 .data          0x01027eb0        0x0 obj/default/GPS.o
 .data          0x01027eb0        0x0 obj/default/OutGraphicsCharFont1.o
 .data          0x01027eb0        0x0 obj/default/OutGraphicsCharFont2.o
 .data          0x01027eb0        0x0 obj/default/OutGraphicsCharFont3.o
 .data          0x01027eb0        0x0 obj/default/OutGraphicsCharFont4.o
 .data          0x01027eb0        0x0 obj/default/SD.o
 .data          0x01027eb0        0x0 obj/default/bluetooth.o
 .data          0x01027eb0        0x0 obj/default/distance.o
 .data          0x01027eb0        0x0 obj/default/functions.o
 .data          0x01027eb0        0x0 obj/default/profile.o
 .data          0x01027eb0        0x0 obj/default/stack.o
 .data          0x01027eb0        0x0 obj/default/states.o
 .data          0x01027eb0        0x0 obj/default/touchscreen.o
 .data          0x01027eb0        0x0 c:/altera/13.0sp1/nios2eds/bin/gnu/h-i686-mingw32/bin/../lib/gcc/nios2-elf/4.1.2/../../../../nios2-elf/lib\libm.a(lib_a-s_cos.o)
 .data          0x01027eb0        0x0 c:/altera/13.0sp1/nios2eds/bin/gnu/h-i686-mingw32/bin/../lib/gcc/nios2-elf/4.1.2/../../../../nios2-elf/lib\libm.a(lib_a-s_sin.o)
 .data          0x01027eb0        0x0 c:/altera/13.0sp1/nios2eds/bin/gnu/h-i686-mingw32/bin/../lib/gcc/nios2-elf/4.1.2/../../../../nios2-elf/lib\libm.a(lib_a-w_atan2.o)
 .data          0x01027eb0        0x0 c:/altera/13.0sp1/nios2eds/bin/gnu/h-i686-mingw32/bin/../lib/gcc/nios2-elf/4.1.2/../../../../nios2-elf/lib\libm.a(lib_a-w_sqrt.o)
 .data          0x01027eb0        0x0 c:/altera/13.0sp1/nios2eds/bin/gnu/h-i686-mingw32/bin/../lib/gcc/nios2-elf/4.1.2/../../../../nios2-elf/lib\libm.a(lib_a-e_atan2.o)
 .data          0x01027eb0        0x0 c:/altera/13.0sp1/nios2eds/bin/gnu/h-i686-mingw32/bin/../lib/gcc/nios2-elf/4.1.2/../../../../nios2-elf/lib\libm.a(lib_a-e_rem_pio2.o)
 .data          0x01027eb0        0x0 c:/altera/13.0sp1/nios2eds/bin/gnu/h-i686-mingw32/bin/../lib/gcc/nios2-elf/4.1.2/../../../../nios2-elf/lib\libm.a(lib_a-e_sqrt.o)
 .data          0x01027eb0        0x0 c:/altera/13.0sp1/nios2eds/bin/gnu/h-i686-mingw32/bin/../lib/gcc/nios2-elf/4.1.2/../../../../nios2-elf/lib\libm.a(lib_a-k_cos.o)
 .data          0x01027eb0        0x0 c:/altera/13.0sp1/nios2eds/bin/gnu/h-i686-mingw32/bin/../lib/gcc/nios2-elf/4.1.2/../../../../nios2-elf/lib\libm.a(lib_a-k_rem_pio2.o)
 .data          0x01027eb0        0x0 c:/altera/13.0sp1/nios2eds/bin/gnu/h-i686-mingw32/bin/../lib/gcc/nios2-elf/4.1.2/../../../../nios2-elf/lib\libm.a(lib_a-k_sin.o)
 .data          0x01027eb0        0x0 c:/altera/13.0sp1/nios2eds/bin/gnu/h-i686-mingw32/bin/../lib/gcc/nios2-elf/4.1.2/../../../../nios2-elf/lib\libm.a(lib_a-s_atan.o)
 .data          0x01027eb0        0x0 c:/altera/13.0sp1/nios2eds/bin/gnu/h-i686-mingw32/bin/../lib/gcc/nios2-elf/4.1.2/../../../../nios2-elf/lib\libm.a(lib_a-s_fabs.o)
 .data          0x01027eb0        0x0 c:/altera/13.0sp1/nios2eds/bin/gnu/h-i686-mingw32/bin/../lib/gcc/nios2-elf/4.1.2/../../../../nios2-elf/lib\libm.a(lib_a-s_floor.o)
 .data          0x01027eb0        0x0 c:/altera/13.0sp1/nios2eds/bin/gnu/h-i686-mingw32/bin/../lib/gcc/nios2-elf/4.1.2/../../../../nios2-elf/lib\libm.a(lib_a-s_isnand.o)
 .data          0x01027eb0        0x0 c:/altera/13.0sp1/nios2eds/bin/gnu/h-i686-mingw32/bin/../lib/gcc/nios2-elf/4.1.2/../../../../nios2-elf/lib\libm.a(lib_a-s_lib_ver.o)
 .data          0x01027eb0        0x0 c:/altera/13.0sp1/nios2eds/bin/gnu/h-i686-mingw32/bin/../lib/gcc/nios2-elf/4.1.2/../../../../nios2-elf/lib\libm.a(lib_a-s_matherr.o)
 .data          0x01027eb0        0x0 c:/altera/13.0sp1/nios2eds/bin/gnu/h-i686-mingw32/bin/../lib/gcc/nios2-elf/4.1.2/../../../../nios2-elf/lib\libm.a(lib_a-s_scalbn.o)
 .data          0x01027eb0        0x0 c:/altera/13.0sp1/nios2eds/bin/gnu/h-i686-mingw32/bin/../lib/gcc/nios2-elf/4.1.2/../../../../nios2-elf/lib\libm.a(lib_a-s_copysign.o)
 .data          0x01027eb0        0x0 c:/altera/13.0sp1/nios2eds/bin/gnu/h-i686-mingw32/bin/../lib/gcc/nios2-elf/4.1.2\libgcc.a(_mul_sf.o)
 .data          0x01027eb0        0x0 c:/altera/13.0sp1/nios2eds/bin/gnu/h-i686-mingw32/bin/../lib/gcc/nios2-elf/4.1.2\libgcc.a(_div_sf.o)
 .data          0x01027eb0        0x0 c:/altera/13.0sp1/nios2eds/bin/gnu/h-i686-mingw32/bin/../lib/gcc/nios2-elf/4.1.2\libgcc.a(_ge_sf.o)
 .data          0x01027eb0        0x0 c:/altera/13.0sp1/nios2eds/bin/gnu/h-i686-mingw32/bin/../lib/gcc/nios2-elf/4.1.2\libgcc.a(_lt_sf.o)
 .data          0x01027eb0        0x0 c:/altera/13.0sp1/nios2eds/bin/gnu/h-i686-mingw32/bin/../lib/gcc/nios2-elf/4.1.2\libgcc.a(_si_to_sf.o)
 .data          0x01027eb0        0x0 c:/altera/13.0sp1/nios2eds/bin/gnu/h-i686-mingw32/bin/../lib/gcc/nios2-elf/4.1.2\libgcc.a(_sf_to_si.o)
 .data          0x01027eb0        0x0 c:/altera/13.0sp1/nios2eds/bin/gnu/h-i686-mingw32/bin/../lib/gcc/nios2-elf/4.1.2\libgcc.a(_sf_to_df.o)
 .data          0x01027eb0        0x0 c:/altera/13.0sp1/nios2eds/bin/gnu/h-i686-mingw32/bin/../lib/gcc/nios2-elf/4.1.2\libgcc.a(_thenan_sf.o)
 .data          0x01027eb0        0x0 c:/altera/13.0sp1/nios2eds/bin/gnu/h-i686-mingw32/bin/../lib/gcc/nios2-elf/4.1.2\libgcc.a(_addsub_df.o)
 .data          0x01027eb0        0x0 c:/altera/13.0sp1/nios2eds/bin/gnu/h-i686-mingw32/bin/../lib/gcc/nios2-elf/4.1.2\libgcc.a(_mul_df.o)
 .data          0x01027eb0        0x0 c:/altera/13.0sp1/nios2eds/bin/gnu/h-i686-mingw32/bin/../lib/gcc/nios2-elf/4.1.2\libgcc.a(_div_df.o)
 .data          0x01027eb0        0x0 c:/altera/13.0sp1/nios2eds/bin/gnu/h-i686-mingw32/bin/../lib/gcc/nios2-elf/4.1.2\libgcc.a(_eq_df.o)
 .data          0x01027eb0        0x0 c:/altera/13.0sp1/nios2eds/bin/gnu/h-i686-mingw32/bin/../lib/gcc/nios2-elf/4.1.2\libgcc.a(_gt_df.o)
 .data          0x01027eb0        0x0 c:/altera/13.0sp1/nios2eds/bin/gnu/h-i686-mingw32/bin/../lib/gcc/nios2-elf/4.1.2\libgcc.a(_ge_df.o)
 .data          0x01027eb0        0x0 c:/altera/13.0sp1/nios2eds/bin/gnu/h-i686-mingw32/bin/../lib/gcc/nios2-elf/4.1.2\libgcc.a(_lt_df.o)
 .data          0x01027eb0        0x0 c:/altera/13.0sp1/nios2eds/bin/gnu/h-i686-mingw32/bin/../lib/gcc/nios2-elf/4.1.2\libgcc.a(_si_to_df.o)
 .data          0x01027eb0        0x0 c:/altera/13.0sp1/nios2eds/bin/gnu/h-i686-mingw32/bin/../lib/gcc/nios2-elf/4.1.2\libgcc.a(_df_to_si.o)
 .data          0x01027eb0        0x0 c:/altera/13.0sp1/nios2eds/bin/gnu/h-i686-mingw32/bin/../lib/gcc/nios2-elf/4.1.2\libgcc.a(_make_df.o)
 .data          0x01027eb0        0x0 c:/altera/13.0sp1/nios2eds/bin/gnu/h-i686-mingw32/bin/../lib/gcc/nios2-elf/4.1.2\libgcc.a(_df_to_sf.o)
 .data          0x01027eb0        0x0 c:/altera/13.0sp1/nios2eds/bin/gnu/h-i686-mingw32/bin/../lib/gcc/nios2-elf/4.1.2\libgcc.a(_thenan_df.o)
 .data          0x01027eb0        0x0 c:/altera/13.0sp1/nios2eds/bin/gnu/h-i686-mingw32/bin/../lib/gcc/nios2-elf/4.1.2\libgcc.a(lib2-divmod.o)
 .data          0x01027eb0        0x0 c:/altera/13.0sp1/nios2eds/bin/gnu/h-i686-mingw32/bin/../lib/gcc/nios2-elf/4.1.2\libgcc.a(_muldi3.o)
 .data          0x01027eb0        0x0 c:/altera/13.0sp1/nios2eds/bin/gnu/h-i686-mingw32/bin/../lib/gcc/nios2-elf/4.1.2\libgcc.a(_clzsi2.o)
 .data          0x01027eb0        0x0 c:/altera/13.0sp1/nios2eds/bin/gnu/h-i686-mingw32/bin/../lib/gcc/nios2-elf/4.1.2\libgcc.a(_pack_sf.o)
 .data          0x01027eb0        0x0 c:/altera/13.0sp1/nios2eds/bin/gnu/h-i686-mingw32/bin/../lib/gcc/nios2-elf/4.1.2\libgcc.a(_unpack_sf.o)
 .data          0x01027eb0        0x0 c:/altera/13.0sp1/nios2eds/bin/gnu/h-i686-mingw32/bin/../lib/gcc/nios2-elf/4.1.2\libgcc.a(_fpcmp_parts_sf.o)
 .data          0x01027eb0        0x0 c:/altera/13.0sp1/nios2eds/bin/gnu/h-i686-mingw32/bin/../lib/gcc/nios2-elf/4.1.2\libgcc.a(_make_sf.o)
 .data          0x01027eb0        0x0 c:/altera/13.0sp1/nios2eds/bin/gnu/h-i686-mingw32/bin/../lib/gcc/nios2-elf/4.1.2\libgcc.a(_pack_df.o)
 .data          0x01027eb0        0x0 c:/altera/13.0sp1/nios2eds/bin/gnu/h-i686-mingw32/bin/../lib/gcc/nios2-elf/4.1.2\libgcc.a(_unpack_df.o)
 .data          0x01027eb0        0x0 c:/altera/13.0sp1/nios2eds/bin/gnu/h-i686-mingw32/bin/../lib/gcc/nios2-elf/4.1.2\libgcc.a(_fpcmp_parts_df.o)
 .data          0x01027eb0        0x0 c:/altera/13.0sp1/nios2eds/bin/gnu/h-i686-mingw32/bin/../lib/gcc/nios2-elf/4.1.2\libgcc.a(_clz.o)
 .data          0x01027eb0        0x0 c:/altera/13.0sp1/nios2eds/bin/gnu/h-i686-mingw32/bin/../lib/gcc/nios2-elf/4.1.2/../../../../nios2-elf/lib\libc.a(lib_a-atof.o)
 .data          0x01027eb0        0x0 c:/altera/13.0sp1/nios2eds/bin/gnu/h-i686-mingw32/bin/../lib/gcc/nios2-elf/4.1.2/../../../../nios2-elf/lib\libc.a(lib_a-atoi.o)
 .data          0x01027eb0        0x0 c:/altera/13.0sp1/nios2eds/bin/gnu/h-i686-mingw32/bin/../lib/gcc/nios2-elf/4.1.2/../../../../nios2-elf/lib\libc.a(lib_a-errno.o)
 .data          0x01027eb0        0x0 c:/altera/13.0sp1/nios2eds/bin/gnu/h-i686-mingw32/bin/../lib/gcc/nios2-elf/4.1.2/../../../../nios2-elf/lib\libc.a(lib_a-gmtime.o)
 .data          0x01027eb0        0x0 c:/altera/13.0sp1/nios2eds/bin/gnu/h-i686-mingw32/bin/../lib/gcc/nios2-elf/4.1.2/../../../../nios2-elf/lib\libc.a(lib_a-gmtime_r.o)
 .data          0x01027eb0      0x400 c:/altera/13.0sp1/nios2eds/bin/gnu/h-i686-mingw32/bin/../lib/gcc/nios2-elf/4.1.2/../../../../nios2-elf/lib\libc.a(lib_a-impure.o)
 .data          0x010282b0        0x0 c:/altera/13.0sp1/nios2eds/bin/gnu/h-i686-mingw32/bin/../lib/gcc/nios2-elf/4.1.2/../../../../nios2-elf/lib\libc.a(lib_a-memcpy.o)
 .data          0x010282b0        0x0 c:/altera/13.0sp1/nios2eds/bin/gnu/h-i686-mingw32/bin/../lib/gcc/nios2-elf/4.1.2/../../../../nios2-elf/lib\libc.a(lib_a-mktm_r.o)
 .data          0x010282b0        0x0 c:/altera/13.0sp1/nios2eds/bin/gnu/h-i686-mingw32/bin/../lib/gcc/nios2-elf/4.1.2/../../../../nios2-elf/lib\libc.a(lib_a-printf.o)
 .data          0x010282b0        0x0 c:/altera/13.0sp1/nios2eds/bin/gnu/h-i686-mingw32/bin/../lib/gcc/nios2-elf/4.1.2/../../../../nios2-elf/lib\libc.a(lib_a-putchar.o)
 .data          0x010282b0        0x0 c:/altera/13.0sp1/nios2eds/bin/gnu/h-i686-mingw32/bin/../lib/gcc/nios2-elf/4.1.2/../../../../nios2-elf/lib\libc.a(lib_a-puts.o)
 .data          0x010282b0        0x0 c:/altera/13.0sp1/nios2eds/bin/gnu/h-i686-mingw32/bin/../lib/gcc/nios2-elf/4.1.2/../../../../nios2-elf/lib\libc.a(lib_a-sprintf.o)
 .data          0x010282b0        0x0 c:/altera/13.0sp1/nios2eds/bin/gnu/h-i686-mingw32/bin/../lib/gcc/nios2-elf/4.1.2/../../../../nios2-elf/lib\libc.a(lib_a-strcat.o)
 .data          0x010282b0        0x0 c:/altera/13.0sp1/nios2eds/bin/gnu/h-i686-mingw32/bin/../lib/gcc/nios2-elf/4.1.2/../../../../nios2-elf/lib\libc.a(lib_a-strcmp.o)
 .data          0x010282b0        0x0 c:/altera/13.0sp1/nios2eds/bin/gnu/h-i686-mingw32/bin/../lib/gcc/nios2-elf/4.1.2/../../../../nios2-elf/lib\libc.a(lib_a-strcpy.o)
 .data          0x010282b0        0x0 c:/altera/13.0sp1/nios2eds/bin/gnu/h-i686-mingw32/bin/../lib/gcc/nios2-elf/4.1.2/../../../../nios2-elf/lib\libc.a(lib_a-strlen.o)
 .data          0x010282b0        0x0 c:/altera/13.0sp1/nios2eds/bin/gnu/h-i686-mingw32/bin/../lib/gcc/nios2-elf/4.1.2/../../../../nios2-elf/lib\libc.a(lib_a-strncpy.o)
 .data          0x010282b0       0x28 c:/altera/13.0sp1/nios2eds/bin/gnu/h-i686-mingw32/bin/../lib/gcc/nios2-elf/4.1.2/../../../../nios2-elf/lib\libc.a(lib_a-strtod.o)
 .data          0x010282d8        0x0 c:/altera/13.0sp1/nios2eds/bin/gnu/h-i686-mingw32/bin/../lib/gcc/nios2-elf/4.1.2/../../../../nios2-elf/lib\libc.a(lib_a-strtol.o)
 .data          0x010282d8        0x0 c:/altera/13.0sp1/nios2eds/bin/gnu/h-i686-mingw32/bin/../lib/gcc/nios2-elf/4.1.2/../../../../nios2-elf/lib\libc.a(lib_a-strtoul.o)
 .data          0x010282d8        0x0 c:/altera/13.0sp1/nios2eds/bin/gnu/h-i686-mingw32/bin/../lib/gcc/nios2-elf/4.1.2/../../../../nios2-elf/lib\libc.a(lib_a-tzlock.o)
 .data          0x010282d8        0x0 c:/altera/13.0sp1/nios2eds/bin/gnu/h-i686-mingw32/bin/../lib/gcc/nios2-elf/4.1.2/../../../../nios2-elf/lib\libc.a(lib_a-tzvars.o)
 .data          0x010282d8        0x0 c:/altera/13.0sp1/nios2eds/bin/gnu/h-i686-mingw32/bin/../lib/gcc/nios2-elf/4.1.2/../../../../nios2-elf/lib\libc.a(lib_a-vfprintf.o)
 .data          0x010282d8        0x0 c:/altera/13.0sp1/nios2eds/bin/gnu/h-i686-mingw32/bin/../lib/gcc/nios2-elf/4.1.2/../../../../nios2-elf/lib\libc.a(lib_a-wsetup.o)
 .data          0x010282d8        0x0 c:/altera/13.0sp1/nios2eds/bin/gnu/h-i686-mingw32/bin/../lib/gcc/nios2-elf/4.1.2/../../../../nios2-elf/lib\libc.a(lib_a-ctype_.o)
 .data          0x010282d8        0x0 c:/altera/13.0sp1/nios2eds/bin/gnu/h-i686-mingw32/bin/../lib/gcc/nios2-elf/4.1.2/../../../../nios2-elf/lib\libc.a(lib_a-dtoa.o)
 .data          0x010282d8        0x0 c:/altera/13.0sp1/nios2eds/bin/gnu/h-i686-mingw32/bin/../lib/gcc/nios2-elf/4.1.2/../../../../nios2-elf/lib\libc.a(lib_a-fflush.o)
 .data          0x010282d8        0x0 c:/altera/13.0sp1/nios2eds/bin/gnu/h-i686-mingw32/bin/../lib/gcc/nios2-elf/4.1.2/../../../../nios2-elf/lib\libc.a(lib_a-findfp.o)
 .data          0x010282d8        0x0 c:/altera/13.0sp1/nios2eds/bin/gnu/h-i686-mingw32/bin/../lib/gcc/nios2-elf/4.1.2/../../../../nios2-elf/lib\libc.a(lib_a-freer.o)
 .data          0x010282d8        0x0 c:/altera/13.0sp1/nios2eds/bin/gnu/h-i686-mingw32/bin/../lib/gcc/nios2-elf/4.1.2/../../../../nios2-elf/lib\libc.a(lib_a-fvwrite.o)
 .data          0x010282d8        0x0 c:/altera/13.0sp1/nios2eds/bin/gnu/h-i686-mingw32/bin/../lib/gcc/nios2-elf/4.1.2/../../../../nios2-elf/lib\libc.a(lib_a-fwalk.o)
 .data          0x010282d8        0x0 c:/altera/13.0sp1/nios2eds/bin/gnu/h-i686-mingw32/bin/../lib/gcc/nios2-elf/4.1.2/../../../../nios2-elf/lib\libc.a(lib_a-gdtoa-gethex.o)
 .data          0x010282d8        0x0 c:/altera/13.0sp1/nios2eds/bin/gnu/h-i686-mingw32/bin/../lib/gcc/nios2-elf/4.1.2/../../../../nios2-elf/lib\libc.a(lib_a-gdtoa-hexnan.o)
 .data          0x010282d8       0x40 c:/altera/13.0sp1/nios2eds/bin/gnu/h-i686-mingw32/bin/../lib/gcc/nios2-elf/4.1.2/../../../../nios2-elf/lib\libc.a(lib_a-gettzinfo.o)
 .data          0x01028318        0xc c:/altera/13.0sp1/nios2eds/bin/gnu/h-i686-mingw32/bin/../lib/gcc/nios2-elf/4.1.2/../../../../nios2-elf/lib\libc.a(lib_a-locale.o)
                0x01028318                __lc_ctype
 .data          0x01028324        0x0 c:/altera/13.0sp1/nios2eds/bin/gnu/h-i686-mingw32/bin/../lib/gcc/nios2-elf/4.1.2/../../../../nios2-elf/lib\libc.a(lib_a-makebuf.o)
 .data          0x01028324      0x408 c:/altera/13.0sp1/nios2eds/bin/gnu/h-i686-mingw32/bin/../lib/gcc/nios2-elf/4.1.2/../../../../nios2-elf/lib\libc.a(lib_a-mallocr.o)
                0x01028324                __malloc_av_
 .data          0x0102872c        0x0 c:/altera/13.0sp1/nios2eds/bin/gnu/h-i686-mingw32/bin/../lib/gcc/nios2-elf/4.1.2/../../../../nios2-elf/lib\libc.a(lib_a-memchr.o)
 .data          0x0102872c        0x0 c:/altera/13.0sp1/nios2eds/bin/gnu/h-i686-mingw32/bin/../lib/gcc/nios2-elf/4.1.2/../../../../nios2-elf/lib\libc.a(lib_a-memmove.o)
 .data          0x0102872c        0x0 c:/altera/13.0sp1/nios2eds/bin/gnu/h-i686-mingw32/bin/../lib/gcc/nios2-elf/4.1.2/../../../../nios2-elf/lib\libc.a(lib_a-memset.o)
 .data          0x0102872c        0x0 c:/altera/13.0sp1/nios2eds/bin/gnu/h-i686-mingw32/bin/../lib/gcc/nios2-elf/4.1.2/../../../../nios2-elf/lib\libc.a(lib_a-mprec.o)
 .data          0x0102872c        0x0 c:/altera/13.0sp1/nios2eds/bin/gnu/h-i686-mingw32/bin/../lib/gcc/nios2-elf/4.1.2/../../../../nios2-elf/lib\libc.a(lib_a-putc.o)
 .data          0x0102872c        0x0 c:/altera/13.0sp1/nios2eds/bin/gnu/h-i686-mingw32/bin/../lib/gcc/nios2-elf/4.1.2/../../../../nios2-elf/lib\libc.a(lib_a-reallocr.o)
 .data          0x0102872c        0x0 c:/altera/13.0sp1/nios2eds/bin/gnu/h-i686-mingw32/bin/../lib/gcc/nios2-elf/4.1.2/../../../../nios2-elf/lib\libc.a(lib_a-s_isinfd.o)
 .data          0x0102872c        0x0 c:/altera/13.0sp1/nios2eds/bin/gnu/h-i686-mingw32/bin/../lib/gcc/nios2-elf/4.1.2/../../../../nios2-elf/lib\libc.a(lib_a-sbrkr.o)
 .data          0x0102872c        0x0 c:/altera/13.0sp1/nios2eds/bin/gnu/h-i686-mingw32/bin/../lib/gcc/nios2-elf/4.1.2/../../../../nios2-elf/lib\libc.a(lib_a-stdio.o)
 .data          0x0102872c        0x0 c:/altera/13.0sp1/nios2eds/bin/gnu/h-i686-mingw32/bin/../lib/gcc/nios2-elf/4.1.2/../../../../nios2-elf/lib\libc.a(lib_a-wbuf.o)
 .data          0x0102872c        0x0 c:/altera/13.0sp1/nios2eds/bin/gnu/h-i686-mingw32/bin/../lib/gcc/nios2-elf/4.1.2/../../../../nios2-elf/lib\libc.a(lib_a-writer.o)
 .data          0x0102872c        0x0 c:/altera/13.0sp1/nios2eds/bin/gnu/h-i686-mingw32/bin/../lib/gcc/nios2-elf/4.1.2/../../../../nios2-elf/lib\libc.a(lib_a-callocr.o)
 .data          0x0102872c        0x0 c:/altera/13.0sp1/nios2eds/bin/gnu/h-i686-mingw32/bin/../lib/gcc/nios2-elf/4.1.2/../../../../nios2-elf/lib\libc.a(lib_a-closer.o)
 .data          0x0102872c        0x0 c:/altera/13.0sp1/nios2eds/bin/gnu/h-i686-mingw32/bin/../lib/gcc/nios2-elf/4.1.2/../../../../nios2-elf/lib\libc.a(lib_a-fclose.o)
 .data          0x0102872c        0x0 c:/altera/13.0sp1/nios2eds/bin/gnu/h-i686-mingw32/bin/../lib/gcc/nios2-elf/4.1.2/../../../../nios2-elf/lib\libc.a(lib_a-fstatr.o)
 .data          0x0102872c        0x0 c:/altera/13.0sp1/nios2eds/bin/gnu/h-i686-mingw32/bin/../lib/gcc/nios2-elf/4.1.2/../../../../nios2-elf/lib\libc.a(lib_a-int_errno.o)
 .data          0x0102872c        0x0 c:/altera/13.0sp1/nios2eds/bin/gnu/h-i686-mingw32/bin/../lib/gcc/nios2-elf/4.1.2/../../../../nios2-elf/lib\libc.a(lib_a-isattyr.o)
 .data          0x0102872c        0x0 c:/altera/13.0sp1/nios2eds/bin/gnu/h-i686-mingw32/bin/../lib/gcc/nios2-elf/4.1.2/../../../../nios2-elf/lib\libc.a(lib_a-lseekr.o)
 .data          0x0102872c        0x0 c:/altera/13.0sp1/nios2eds/bin/gnu/h-i686-mingw32/bin/../lib/gcc/nios2-elf/4.1.2/../../../../nios2-elf/lib\libc.a(lib_a-readr.o)
 .data          0x0102872c        0x0 c:/altera/13.0sp1/nios2eds/bin/gnu/h-i686-mingw32/bin/../lib/gcc/nios2-elf/4.1.2\libgcc.a(_fixunsdfsi.o)
 .data          0x0102872c        0x0 c:/altera/13.0sp1/nios2eds/bin/gnu/h-i686-mingw32/bin/../lib/gcc/nios2-elf/4.1.2\libgcc.a(_udivdi3.o)
 .data          0x0102872c        0x0 c:/altera/13.0sp1/nios2eds/bin/gnu/h-i686-mingw32/bin/../lib/gcc/nios2-elf/4.1.2\libgcc.a(_umoddi3.o)
 .data          0x0102872c        0x0 c:/altera/13.0sp1/nios2eds/bin/gnu/h-i686-mingw32/bin/../lib/gcc/nios2-elf/4.1.2\libgcc.a(_ne_sf.o)
 .data          0x0102872c        0x0 c:/altera/13.0sp1/nios2eds/bin/gnu/h-i686-mingw32/bin/../lib/gcc/nios2-elf/4.1.2\libgcc.a(_gt_sf.o)
 .data          0x0102872c        0x0 c:/altera/13.0sp1/nios2eds/bin/gnu/h-i686-mingw32/bin/../lib/gcc/nios2-elf/4.1.2\libgcc.a(_ne_df.o)
 .data          0x0102872c        0x0 c:/altera/13.0sp1/nios2eds/bin/gnu/h-i686-mingw32/bin/../lib/gcc/nios2-elf/4.1.2\libgcc.a(_le_df.o)
 .data          0x0102872c        0x0 c:/altera/13.0sp1/nios2eds/bin/gnu/h-i686-mingw32/bin/../lib/gcc/nios2-elf/4.1.2\libgcc.a(_usi_to_df.o)
 .data          0x0102872c        0x0 ../Exercise1_7_bsp/\libhal_bsp.a(alt_close.o)
 .data          0x0102872c      0x1a8 ../Exercise1_7_bsp/\libhal_bsp.a(alt_dev.o)
                0x0102872c                alt_dev_null
                0x01028754                alt_fd_list
 .data          0x010288d4        0x0 ../Exercise1_7_bsp/\libhal_bsp.a(alt_errno.o)
 .data          0x010288d4        0x0 ../Exercise1_7_bsp/\libhal_bsp.a(alt_fstat.o)
 .data          0x010288d4        0x0 ../Exercise1_7_bsp/\libhal_bsp.a(alt_isatty.o)
 .data          0x010288d4        0x0 ../Exercise1_7_bsp/\libhal_bsp.a(alt_load.o)
 .data          0x010288d4        0x0 ../Exercise1_7_bsp/\libhal_bsp.a(alt_lseek.o)
 .data          0x010288d4        0x0 ../Exercise1_7_bsp/\libhal_bsp.a(alt_main.o)
 .data          0x010288d4        0x0 ../Exercise1_7_bsp/\libhal_bsp.a(alt_malloc_lock.o)
 .data          0x010288d4        0x0 ../Exercise1_7_bsp/\libhal_bsp.a(alt_printf.o)
 .data          0x010288d4        0x0 ../Exercise1_7_bsp/\libhal_bsp.a(alt_putchar.o)
 .data          0x010288d4        0x0 ../Exercise1_7_bsp/\libhal_bsp.a(alt_read.o)
 .data          0x010288d4        0x0 ../Exercise1_7_bsp/\libhal_bsp.a(alt_release_fd.o)
 .data          0x010288d4        0x0 ../Exercise1_7_bsp/\libhal_bsp.a(alt_sbrk.o)
 .data          0x010288d4        0x0 ../Exercise1_7_bsp/\libhal_bsp.a(alt_write.o)
 .data          0x010288d4     0x10e4 ../Exercise1_7_bsp/\libhal_bsp.a(alt_sys_init.o)
 .data          0x010299b8        0x0 ../Exercise1_7_bsp/\libhal_bsp.a(Altera_UP_SD_Card_Avalon_Interface.o)
 .data          0x010299b8        0x0 ../Exercise1_7_bsp/\libhal_bsp.a(altera_avalon_jtag_uart_fd.o)
 .data          0x010299b8        0x0 ../Exercise1_7_bsp/\libhal_bsp.a(altera_avalon_jtag_uart_init.o)
 .data          0x010299b8        0x0 ../Exercise1_7_bsp/\libhal_bsp.a(altera_avalon_jtag_uart_ioctl.o)
 .data          0x010299b8        0x0 ../Exercise1_7_bsp/\libhal_bsp.a(altera_avalon_jtag_uart_read.o)
 .data          0x010299b8        0x0 ../Exercise1_7_bsp/\libhal_bsp.a(altera_avalon_jtag_uart_write.o)
 .data          0x010299b8        0x0 ../Exercise1_7_bsp/\libhal_bsp.a(altera_avalon_timer_sc.o)
 .data          0x010299b8        0x0 ../Exercise1_7_bsp/\libhal_bsp.a(altera_up_avalon_character_lcd.o)
 .data          0x010299b8        0x0 ../Exercise1_7_bsp/\libhal_bsp.a(altera_up_avalon_rs232.o)
 .data          0x010299b8        0x0 ../Exercise1_7_bsp/\libhal_bsp.a(alt_alarm_start.o)
 .data          0x010299b8        0x0 ../Exercise1_7_bsp/\libhal_bsp.a(alt_dcache_flush_all.o)
 .data          0x010299b8        0x0 ../Exercise1_7_bsp/\libhal_bsp.a(alt_dev_llist_insert.o)
 .data          0x010299b8        0x0 ../Exercise1_7_bsp/\libhal_bsp.a(alt_do_ctors.o)
 .data          0x010299b8        0x0 ../Exercise1_7_bsp/\libhal_bsp.a(alt_do_dtors.o)
 .data          0x010299b8        0x0 ../Exercise1_7_bsp/\libhal_bsp.a(alt_find_dev.o)
 .data          0x010299b8        0x0 ../Exercise1_7_bsp/\libhal_bsp.a(alt_icache_flush_all.o)
 .data          0x010299b8        0x0 ../Exercise1_7_bsp/\libhal_bsp.a(alt_io_redirect.o)
 .data          0x010299b8        0x0 ../Exercise1_7_bsp/\libhal_bsp.a(alt_irq_register.o)
 .data          0x010299b8        0x0 ../Exercise1_7_bsp/\libhal_bsp.a(alt_irq_vars.o)
 .data          0x010299b8        0x0 ../Exercise1_7_bsp/\libhal_bsp.a(alt_open.o)
 .data          0x010299b8        0x0 ../Exercise1_7_bsp/\libhal_bsp.a(alt_tick.o)
 .data          0x010299b8        0x0 ../Exercise1_7_bsp/\libhal_bsp.a(altera_nios2_qsys_irq.o)
 .data          0x010299b8        0x0 ../Exercise1_7_bsp/\libhal_bsp.a(alt_find_file.o)
 .data          0x010299b8        0x0 ../Exercise1_7_bsp/\libhal_bsp.a(alt_get_fd.o)
 .data          0x010299b8        0x0 ../Exercise1_7_bsp/\libhal_bsp.a(alt_icache_flush.o)
 .data          0x010299b8        0x0 ../Exercise1_7_bsp/\libhal_bsp.a(alt_irq_entry.o)
 .data          0x010299b8        0x0 ../Exercise1_7_bsp/\libhal_bsp.a(alt_irq_handler.o)
 .data          0x010299b8        0x0 ../Exercise1_7_bsp/\libhal_bsp.a(alt_exception_entry.o)
 .data          0x010299b8        0x0 c:/altera/13.0sp1/nios2eds/bin/gnu/h-i686-mingw32/bin/../lib/gcc/nios2-elf/4.1.2/../../../../nios2-elf/lib\libc.a(lib_a-assert.o)
 .data          0x010299b8        0x0 c:/altera/13.0sp1/nios2eds/bin/gnu/h-i686-mingw32/bin/../lib/gcc/nios2-elf/4.1.2/../../../../nios2-elf/lib\libc.a(lib_a-atexit.o)
 .data          0x010299b8        0x0 c:/altera/13.0sp1/nios2eds/bin/gnu/h-i686-mingw32/bin/../lib/gcc/nios2-elf/4.1.2/../../../../nios2-elf/lib\libc.a(lib_a-exit.o)
 .data          0x010299b8        0x0 c:/altera/13.0sp1/nios2eds/bin/gnu/h-i686-mingw32/bin/../lib/gcc/nios2-elf/4.1.2/../../../../nios2-elf/lib\libc.a(lib_a-fiprintf.o)
 .data          0x010299b8        0x0 c:/altera/13.0sp1/nios2eds/bin/gnu/h-i686-mingw32/bin/../lib/gcc/nios2-elf/4.1.2/../../../../nios2-elf/lib\libc.a(lib_a-memcmp.o)
 .data          0x010299b8        0x0 c:/altera/13.0sp1/nios2eds/bin/gnu/h-i686-mingw32/bin/../lib/gcc/nios2-elf/4.1.2/../../../../nios2-elf/lib\libc.a(lib_a-vfiprintfr_1.o)
 .data          0x010299b8        0x0 c:/altera/13.0sp1/nios2eds/bin/gnu/h-i686-mingw32/bin/../lib/gcc/nios2-elf/4.1.2/../../../../nios2-elf/lib\libc.a(lib_a-__atexit.o)
 .data          0x010299b8        0x0 c:/altera/13.0sp1/nios2eds/bin/gnu/h-i686-mingw32/bin/../lib/gcc/nios2-elf/4.1.2/../../../../nios2-elf/lib\libc.a(lib_a-__call_atexit.o)
 .data          0x010299b8        0x0 c:/altera/13.0sp1/nios2eds/bin/gnu/h-i686-mingw32/bin/../lib/gcc/nios2-elf/4.1.2/../../../../nios2-elf/lib\libc.a(lib_a-abort.o)
 .data          0x010299b8        0x0 c:/altera/13.0sp1/nios2eds/bin/gnu/h-i686-mingw32/bin/../lib/gcc/nios2-elf/4.1.2/../../../../nios2-elf/lib\libc.a(lib_a-signal.o)
 .data          0x010299b8        0x0 c:/altera/13.0sp1/nios2eds/bin/gnu/h-i686-mingw32/bin/../lib/gcc/nios2-elf/4.1.2/../../../../nios2-elf/lib\libc.a(lib_a-signalr.o)
 .data          0x010299b8        0x0 c:/altera/13.0sp1/nios2eds/bin/gnu/h-i686-mingw32/bin/../lib/gcc/nios2-elf/4.1.2/../../../../nios2-elf/lib\libc.a(lib_a-vfiprintf.o)
 .data          0x010299b8        0x0 ../Exercise1_7_bsp/\libhal_bsp.a(alt_exit.o)
 .data          0x010299b8        0x0 ../Exercise1_7_bsp/\libhal_bsp.a(alt_getpid.o)
 .data          0x010299b8        0x0 ../Exercise1_7_bsp/\libhal_bsp.a(alt_kill.o)
                0x010319b8                _gp = ABSOLUTE ((. + 0x8000))
                0x010319b8                PROVIDE (gp, _gp)
 *(.rwdata .rwdata.*)
 *(.sdata .sdata.* .gnu.linkonce.s.*)
 .sdata         0x010299b8        0x4 obj/default/Fill.o
                0x010299b8                Next
 .sdata         0x010299bc        0x4 c:/altera/13.0sp1/nios2eds/bin/gnu/h-i686-mingw32/bin/../lib/gcc/nios2-elf/4.1.2/../../../../nios2-elf/lib\libm.a(lib_a-s_lib_ver.o)
                0x010299bc                __fdlib_version
 .sdata         0x010299c0        0x8 c:/altera/13.0sp1/nios2eds/bin/gnu/h-i686-mingw32/bin/../lib/gcc/nios2-elf/4.1.2/../../../../nios2-elf/lib\libc.a(lib_a-impure.o)
                0x010299c0                _impure_ptr
                0x010299c4                _global_impure_ptr
 .sdata         0x010299c8        0x8 c:/altera/13.0sp1/nios2eds/bin/gnu/h-i686-mingw32/bin/../lib/gcc/nios2-elf/4.1.2/../../../../nios2-elf/lib\libc.a(lib_a-mktm_r.o)
 .sdata         0x010299d0        0x8 c:/altera/13.0sp1/nios2eds/bin/gnu/h-i686-mingw32/bin/../lib/gcc/nios2-elf/4.1.2/../../../../nios2-elf/lib\libc.a(lib_a-tzvars.o)
                0x010299d0                _tzname
 .sdata         0x010299d8        0x4 c:/altera/13.0sp1/nios2eds/bin/gnu/h-i686-mingw32/bin/../lib/gcc/nios2-elf/4.1.2/../../../../nios2-elf/lib\libc.a(lib_a-ctype_.o)
                0x010299d8                __ctype_ptr
 .sdata         0x010299dc        0x8 c:/altera/13.0sp1/nios2eds/bin/gnu/h-i686-mingw32/bin/../lib/gcc/nios2-elf/4.1.2/../../../../nios2-elf/lib\libc.a(lib_a-locale.o)
                0x010299dc                __mb_cur_max
 .sdata         0x010299e4        0x8 c:/altera/13.0sp1/nios2eds/bin/gnu/h-i686-mingw32/bin/../lib/gcc/nios2-elf/4.1.2/../../../../nios2-elf/lib\libc.a(lib_a-mallocr.o)
                0x010299e4                __malloc_trim_threshold
                0x010299e8                __malloc_sbrk_base
 .sdata         0x010299ec       0x14 ../Exercise1_7_bsp/\libhal_bsp.a(alt_dev.o)
                0x010299ec                alt_fs_list
                0x010299f4                alt_dev_list
                0x010299fc                alt_max_fd
 .sdata         0x01029a00        0x4 ../Exercise1_7_bsp/\libhal_bsp.a(alt_errno.o)
                0x01029a00                alt_errno
 .sdata         0x01029a04        0x4 ../Exercise1_7_bsp/\libhal_bsp.a(alt_sbrk.o)
 .sdata         0x01029a08        0x4 ../Exercise1_7_bsp/\libhal_bsp.a(alt_irq_vars.o)
                0x01029a08                alt_priority_mask
 .sdata         0x01029a0c        0x8 ../Exercise1_7_bsp/\libhal_bsp.a(alt_tick.o)
                0x01029a0c                alt_alarm_list
 *(.sdata2 .sdata2.* .gnu.linkonce.s2.*)
                0x01029a14                . = ALIGN (0x4)
                0x01029a14                _edata = ABSOLUTE (.)
                0x01029a14                PROVIDE (edata, ABSOLUTE (.))
                0x01029a14                PROVIDE (__ram_rwdata_end, ABSOLUTE (.))
                0x01029a14                PROVIDE (__flash_rwdata_start, LOADADDR (.rwdata))

.bss            0x0102b578    0x50304
                0x0102b578                __bss_start = ABSOLUTE (.)
                0x0102b578                PROVIDE (__sbss_start, ABSOLUTE (.))
                0x0102b578                PROVIDE (___sbss_start, ABSOLUTE (.))
 *(.dynsbss)
 *(.sbss .sbss.* .gnu.linkonce.sb.*)
 .sbss          0x0102b578       0x30 obj/default/CampusFoodFinderMain.o
                0x0102b578                RESDIS
                0x0102b580                totaldistance
                0x0102b588                avgspeed
                0x0102b590                topspeed
                0x0102b598                numspeeds
                0x0102b5a0                timeran
 .sbss          0x0102b5a8       0x28 obj/default/CampusFoodFinderMain.o
                0x0102b5a8                endmin
                0x0102b5ac                endtime
                0x0102b5b0                starttime
                0x0102b5b4                endhour
                0x0102b5b8                currentState
                0x0102b5bc                starthour
                0x0102b5c0                logcount
                0x0102b5c4                startmin
                0x0102b5c8                closest
                0x0102b5cc                runnum
 .sbss          0x0102b5d0        0x8 c:/altera/13.0sp1/nios2eds/bin/gnu/h-i686-mingw32/bin/../lib/gcc/nios2-elf/4.1.2/../../../../nios2-elf/lib\libc.a(lib_a-tzvars.o)
                0x0102b5d0                _daylight
                0x0102b5d4                _timezone
 .sbss          0x0102b5d8        0xc c:/altera/13.0sp1/nios2eds/bin/gnu/h-i686-mingw32/bin/../lib/gcc/nios2-elf/4.1.2/../../../../nios2-elf/lib\libc.a(lib_a-locale.o)
                0x0102b5d8                __nlocale_changed
                0x0102b5dc                __mlocale_changed
                0x0102b5e0                _PathLocale
 .sbss          0x0102b5e4        0xc c:/altera/13.0sp1/nios2eds/bin/gnu/h-i686-mingw32/bin/../lib/gcc/nios2-elf/4.1.2/../../../../nios2-elf/lib\libc.a(lib_a-mallocr.o)
                0x0102b5e4                __malloc_top_pad
                0x0102b5e8                __malloc_max_sbrked_mem
                0x0102b5ec                __malloc_max_total_mem
 .sbss          0x0102b5f0        0x4 c:/altera/13.0sp1/nios2eds/bin/gnu/h-i686-mingw32/bin/../lib/gcc/nios2-elf/4.1.2/../../../../nios2-elf/lib\libc.a(lib_a-int_errno.o)
                0x0102b5f0                errno
 .sbss          0x0102b5f4        0xc ../Exercise1_7_bsp/\libhal_bsp.a(alt_main.o)
                0x0102b5f4                alt_argc
                0x0102b5f8                alt_argv
                0x0102b5fc                alt_envp
 .sbss          0x0102b600       0x34 ../Exercise1_7_bsp/\libhal_bsp.a(Altera_UP_SD_Card_Avalon_Interface.o)
                0x0102b600                initialized
                0x0102b604                is_sd_card_formated_as_FAT16
                0x0102b608                aux_status_register
                0x0102b60c                status_register
                0x0102b610                CSD_register_w0
                0x0102b614                command_register
                0x0102b618                command_argument_register
                0x0102b61c                buffer_memory
                0x0102b620                fat_partition_offset_in_512_byte_sectors
                0x0102b624                fat_partition_size_in_512_byte_sectors