Archive member included because of file (symbol)

c:/altera/13.0sp1/nios2eds/bin/gnu/h-i686-mingw32/bin/../lib/gcc/nios2-elf/4.1.2/../../../../nios2-elf/lib\libc.a(lib_a-printf.o)
                              obj/default/hello_world.o (printf)
c:/altera/13.0sp1/nios2eds/bin/gnu/h-i686-mingw32/bin/../lib/gcc/nios2-elf/4.1.2/../../../../nios2-elf/lib\libc.a(lib_a-puts.o)
                              obj/default/hello_world.o (puts)
c:/altera/13.0sp1/nios2eds/bin/gnu/h-i686-mingw32/bin/../lib/gcc/nios2-elf/4.1.2/../../../../nios2-elf/lib\libc.a(lib_a-strcmp.o)
                              obj/default/hello_world.o (strcmp)
c:/altera/13.0sp1/nios2eds/bin/gnu/h-i686-mingw32/bin/../lib/gcc/nios2-elf/4.1.2/../../../../nios2-elf/lib\libc.a(lib_a-strlen.o)
                              c:/altera/13.0sp1/nios2eds/bin/gnu/h-i686-mingw32/bin/../lib/gcc/nios2-elf/4.1.2/../../../../nios2-elf/lib\libc.a(lib_a-puts.o) (strlen)
c:/altera/13.0sp1/nios2eds/bin/gnu/h-i686-mingw32/bin/../lib/gcc/nios2-elf/4.1.2/../../../../nios2-elf/lib\libc.a(lib_a-strncpy.o)
                              obj/default/hello_world.o (strncpy)
c:/altera/13.0sp1/nios2eds/bin/gnu/h-i686-mingw32/bin/../lib/gcc/nios2-elf/4.1.2/../../../../nios2-elf/lib\libc.a(lib_a-vfprintf.o)
                              c:/altera/13.0sp1/nios2eds/bin/gnu/h-i686-mingw32/bin/../lib/gcc/nios2-elf/4.1.2/../../../../nios2-elf/lib\libc.a(lib_a-printf.o) (___vfprintf_internal_r)
c:/altera/13.0sp1/nios2eds/bin/gnu/h-i686-mingw32/bin/../lib/gcc/nios2-elf/4.1.2/../../../../nios2-elf/lib\libc.a(lib_a-wsetup.o)
                              c:/altera/13.0sp1/nios2eds/bin/gnu/h-i686-mingw32/bin/../lib/gcc/nios2-elf/4.1.2/../../../../nios2-elf/lib\libc.a(lib_a-vfprintf.o) (__swsetup_r)
c:/altera/13.0sp1/nios2eds/bin/gnu/h-i686-mingw32/bin/../lib/gcc/nios2-elf/4.1.2/../../../../nios2-elf/lib\libc.a(lib_a-dtoa.o)
                              c:/altera/13.0sp1/nios2eds/bin/gnu/h-i686-mingw32/bin/../lib/gcc/nios2-elf/4.1.2/../../../../nios2-elf/lib\libc.a(lib_a-vfprintf.o) (_dtoa_r)
c:/altera/13.0sp1/nios2eds/bin/gnu/h-i686-mingw32/bin/../lib/gcc/nios2-elf/4.1.2/../../../../nios2-elf/lib\libc.a(lib_a-fflush.o)
                              c:/altera/13.0sp1/nios2eds/bin/gnu/h-i686-mingw32/bin/../lib/gcc/nios2-elf/4.1.2/../../../../nios2-elf/lib\libc.a(lib_a-vfprintf.o) (_fflush_r)
c:/altera/13.0sp1/nios2eds/bin/gnu/h-i686-mingw32/bin/../lib/gcc/nios2-elf/4.1.2/../../../../nios2-elf/lib\libc.a(lib_a-findfp.o)
                              c:/altera/13.0sp1/nios2eds/bin/gnu/h-i686-mingw32/bin/../lib/gcc/nios2-elf/4.1.2/../../../../nios2-elf/lib\libc.a(lib_a-vfprintf.o) (__sinit)
c:/altera/13.0sp1/nios2eds/bin/gnu/h-i686-mingw32/bin/../lib/gcc/nios2-elf/4.1.2/../../../../nios2-elf/lib\libc.a(lib_a-freer.o)
                              c:/altera/13.0sp1/nios2eds/bin/gnu/h-i686-mingw32/bin/../lib/gcc/nios2-elf/4.1.2/../../../../nios2-elf/lib\libc.a(lib_a-wsetup.o) (_free_r)
c:/altera/13.0sp1/nios2eds/bin/gnu/h-i686-mingw32/bin/../lib/gcc/nios2-elf/4.1.2/../../../../nios2-elf/lib\libc.a(lib_a-fvwrite.o)
                              c:/altera/13.0sp1/nios2eds/bin/gnu/h-i686-mingw32/bin/../lib/gcc/nios2-elf/4.1.2/../../../../nios2-elf/lib\libc.a(lib_a-puts.o) (__sfvwrite_r)
c:/altera/13.0sp1/nios2eds/bin/gnu/h-i686-mingw32/bin/../lib/gcc/nios2-elf/4.1.2/../../../../nios2-elf/lib\libc.a(lib_a-fwalk.o)
                              c:/altera/13.0sp1/nios2eds/bin/gnu/h-i686-mingw32/bin/../lib/gcc/nios2-elf/4.1.2/../../../../nios2-elf/lib\libc.a(lib_a-fflush.o) (_fwalk_reent)
c:/altera/13.0sp1/nios2eds/bin/gnu/h-i686-mingw32/bin/../lib/gcc/nios2-elf/4.1.2/../../../../nios2-elf/lib\libc.a(lib_a-impure.o)
                              c:/altera/13.0sp1/nios2eds/bin/gnu/h-i686-mingw32/bin/../lib/gcc/nios2-elf/4.1.2/../../../../nios2-elf/lib\libc.a(lib_a-printf.o) (_impure_ptr)
c:/altera/13.0sp1/nios2eds/bin/gnu/h-i686-mingw32/bin/../lib/gcc/nios2-elf/4.1.2/../../../../nios2-elf/lib\libc.a(lib_a-locale.o)
                              c:/altera/13.0sp1/nios2eds/bin/gnu/h-i686-mingw32/bin/../lib/gcc/nios2-elf/4.1.2/../../../../nios2-elf/lib\libc.a(lib_a-vfprintf.o) (_localeconv_r)
c:/altera/13.0sp1/nios2eds/bin/gnu/h-i686-mingw32/bin/../lib/gcc/nios2-elf/4.1.2/../../../../nios2-elf/lib\libc.a(lib_a-makebuf.o)
                              c:/altera/13.0sp1/nios2eds/bin/gnu/h-i686-mingw32/bin/../lib/gcc/nios2-elf/4.1.2/../../../../nios2-elf/lib\libc.a(lib_a-wsetup.o) (__smakebuf_r)
c:/altera/13.0sp1/nios2eds/bin/gnu/h-i686-mingw32/bin/../lib/gcc/nios2-elf/4.1.2/../../../../nios2-elf/lib\libc.a(lib_a-mallocr.o)
                              c:/altera/13.0sp1/nios2eds/bin/gnu/h-i686-mingw32/bin/../lib/gcc/nios2-elf/4.1.2/../../../../nios2-elf/lib\libc.a(lib_a-findfp.o) (_malloc_r)
c:/altera/13.0sp1/nios2eds/bin/gnu/h-i686-mingw32/bin/../lib/gcc/nios2-elf/4.1.2/../../../../nios2-elf/lib\libc.a(lib_a-memchr.o)
[...]
Memory Configuration

Name             Origin             Length             Attributes
onchip_memory2_0 0x00000000         0x00001000
reset            0x01000000         0x00000020
new_sdram_controller_0 0x01000020         0x007fffe0
*default*        0x00000000         0xffffffff

Linker script and memory map

LOAD ../Exercise1_7_bsp//obj/HAL/src/crt0.o
LOAD obj/default/Bresenhams_Line_Drawing_Algorithm.o
LOAD obj/default/Fill.o
LOAD obj/default/OutGraphicsCharFont1.o
LOAD obj/default/OutGraphicsCharFont2.o
LOAD obj/default/hello_world.o
LOAD c:/altera/13.0sp1/nios2eds/bin/gnu/h-i686-mingw32/bin/../lib/gcc/nios2-elf/4.1.2/../../../../nios2-elf/lib\libstdc++.a
LOAD c:/altera/13.0sp1/nios2eds/bin/gnu/h-i686-mingw32/bin/../lib/gcc/nios2-elf/4.1.2/../../../../nios2-elf/lib\libm.a
LOAD c:/altera/13.0sp1/nios2eds/bin/gnu/h-i686-mingw32/bin/../lib/gcc/nios2-elf/4.1.2\libgcc.a
START GROUP
LOAD c:/altera/13.0sp1/nios2eds/bin/gnu/h-i686-mingw32/bin/../lib/gcc/nios2-elf/4.1.2/../../../../nios2-elf/lib\libc.a
LOAD c:/altera/13.0sp1/nios2eds/bin/gnu/h-i686-mingw32/bin/../lib/gcc/nios2-elf/4.1.2\libgcc.a
LOAD ../Exercise1_7_bsp/\libhal_bsp.a
END GROUP
LOAD c:/altera/13.0sp1/nios2eds/bin/gnu/h-i686-mingw32/bin/../lib/gcc/nios2-elf/4.1.2\libgcc.a
                0x00000000                __alt_mem_onchip_memory2_0 = 0x0
                0x01000000                __alt_mem_new_sdram_controller_0 = 0x1000000

.entry          0x01000000       0x20
 *(.entry)
 .entry         0x01000000       0x20 ../Exercise1_7_bsp//obj/HAL/src/crt0.o
                0x01000000                __reset

.exceptions     0x01000020      0x198
                0x01000020                PROVIDE (__ram_exceptions_start, ABSOLUTE (.))
                0x01000020                . = ALIGN (0x20)
 *(.irq)
 *(.exceptions.entry.label)
 .exceptions.entry.label
                0x01000020        0x0 ../Exercise1_7_bsp/\libhal_bsp.a(alt_irq_entry.o)
                0x01000020                alt_irq_entry
 .exceptions.entry.label
                0x01000020        0x0 ../Exercise1_7_bsp/\libhal_bsp.a(alt_exception_entry.o)
                0x01000020                alt_exception
 *(.exceptions.entry.user)
 *(.exceptions.entry)
 .exceptions.entry
                0x01000020       0x54 ../Exercise1_7_bsp/\libhal_bsp.a(alt_exception_entry.o)
 *(.exceptions.irqtest.user)
 *(.exceptions.irqtest)
 .exceptions.irqtest
                0x01000074       0x10 ../Exercise1_7_bsp/\libhal_bsp.a(alt_irq_entry.o)
 *(.exceptions.irqhandler.user)
 *(.exceptions.irqhandler)
 .exceptions.irqhandler
                0x01000084        0x4 ../Exercise1_7_bsp/\libhal_bsp.a(alt_irq_entry.o)
 *(.exceptions.irqreturn.user)
 *(.exceptions.irqreturn)
 .exceptions.irqreturn
                0x01000088        0x4 ../Exercise1_7_bsp/\libhal_bsp.a(alt_irq_entry.o)
 *(.exceptions.notirq.label)
 .exceptions.notirq.label
                0x0100008c        0x0 ../Exercise1_7_bsp/\libhal_bsp.a(alt_irq_entry.o)
 *(.exceptions.notirq.user)
 *(.exceptions.notirq)
 .exceptions.notirq
                0x0100008c        0x8 ../Exercise1_7_bsp/\libhal_bsp.a(alt_exception_entry.o)
 *(.exceptions.soft.user)
 *(.exceptions.soft)
 *(.exceptions.unknown.user)
 *(.exceptions.unknown)
 .exceptions.unknown
                0x01000094        0x4 ../Exercise1_7_bsp/\libhal_bsp.a(alt_exception_entry.o)
 *(.exceptions.exit.label)
 .exceptions.exit.label
                0x01000098        0x0 ../Exercise1_7_bsp/\libhal_bsp.a(alt_irq_entry.o)
 .exceptions.exit.label
                0x01000098        0x0 ../Exercise1_7_bsp/\libhal_bsp.a(alt_exception_entry.o)
 *(.exceptions.exit.user)
 *(.exceptions.exit)
 .exceptions.exit
                0x01000098       0x54 ../Exercise1_7_bsp/\libhal_bsp.a(alt_exception_entry.o)
 *(.exceptions)
 .exceptions    0x010000ec       0xcc ../Exercise1_7_bsp/\libhal_bsp.a(alt_irq_handler.o)
                0x010000ec                alt_irq_handler
                0x010001b8                PROVIDE (__ram_exceptions_end, ABSOLUTE (.))
                0x01000020                PROVIDE (__flash_exceptions_start, LOADADDR (.exceptions))

.text           0x010001b8     0xe570
                0x010001b8                PROVIDE (stext, ABSOLUTE (.))
 *(.interp)
 *(.hash)
 *(.dynsym)
 *(.dynstr)
 *(.gnu.version)
 *(.gnu.version_d)
 *(.gnu.version_r)
 *(.rel.init)
 *(.rela.init)
 *(.rel.text .rel.text.* .rel.gnu.linkonce.t.*)
 *(.rela.text .rela.text.* .rela.gnu.linkonce.t.*)
 *(.rel.fini)
 *(.rela.fini)
 *(.rel.rodata .rel.rodata.* .rel.gnu.linkonce.r.*)
 *(.rela.rodata .rela.rodata.* .rela.gnu.linkonce.r.*)
 *(.rel.data .rel.data.* .rel.gnu.linkonce.d.*)
 *(.rela.data .rela.data.* .rela.gnu.linkonce.d.*)
 *(.rel.tdata .rel.tdata.* .rel.gnu.linkonce.td.*)
 *(.rela.tdata .rela.tdata.* .rela.gnu.linkonce.td.*)
 *(.rel.tbss .rel.tbss.* .rel.gnu.linkonce.tb.*)
 *(.rela.tbss .rela.tbss.* .rela.gnu.linkonce.tb.*)
 *(.rel.ctors)
 *(.rela.ctors)
 *(.rel.dtors)
 *(.rela.dtors)
 *(.rel.got)
 *(.rela.got)
 *(.rel.sdata .rel.sdata.* .rel.gnu.linkonce.s.*)
 *(.rela.sdata .rela.sdata.* .rela.gnu.linkonce.s.*)
 *(.rel.sbss .rel.sbss.* .rel.gnu.linkonce.sb.*)
 *(.rela.sbss .rela.sbss.* .rela.gnu.linkonce.sb.*)
 *(.rel.sdata2 .rel.sdata2.* .rel.gnu.linkonce.s2.*)
 *(.rela.sdata2 .rela.sdata2.* .rela.gnu.linkonce.s2.*)
 *(.rel.sbss2 .rel.sbss2.* .rel.gnu.linkonce.sb2.*)
 *(.rela.sbss2 .rela.sbss2.* .rela.gnu.linkonce.sb2.*)
 *(.rel.bss .rel.bss.* .rel.gnu.linkonce.b.*)
 *(.rela.bss .rela.bss.* .rela.gnu.linkonce.b.*)
 *(.rel.plt)
 *(.rela.plt)
 *(.rel.dyn)
 *(.init)
 *(.plt)
 *(.text .stub .text.* .gnu.linkonce.t.*)
 .text          0x010001b8       0x4c ../Exercise1_7_bsp//obj/HAL/src/crt0.o
                0x010001b8                _start
 .text          0x01000204      0x4fc obj/default/Bresenhams_Line_Drawing_Algorithm.o
                0x01000204                WriteAPixel
                0x01000280                ReadAPixel
                0x01000310                ProgramPalette
                0x0100038c                HLine
                0x010003fc                VLine
                0x0100046c                abs
                0x010004b4                sign
                0x0100050c                Line
 .text          0x01000700      0x5e0 obj/default/Fill.o
                0x01000700                PushPixel
                0x01000764                PopPixel
                0x010007cc                IsStackEmpty
                0x0100080c                Fill
 .text          0x01000ce0      0x1d8 obj/default/OutGraphicsCharFont1.o
                0x01000ce0                OutGraphicsCharFont1
 .text          0x01000eb8      0x1cc obj/default/OutGraphicsCharFont2.o
                0x01000eb8                OutGraphicsCharFont2a
 .text          0x01001084      0x670 obj/default/hello_world.o
                0x01001084                wait_1ms
                0x010010c0                init_GPS
                0x010010fc                putcharGPS
                0x0100113c                getcharGPS
                0x01001184                GPSTestForReceivedData
                0x010011d4                checkGPGGA
                0x01001228                printLCD
                0x0100157c                main
 .text          0x010016f4       0x78 c:/altera/13.0sp1/nios2eds/bin/gnu/h-i686-mingw32/bin/../lib/gcc/nios2-elf/4.1.2/../../../../nios2-elf/lib\libc.a(lib_a-printf.o)
                0x010016f4                printf
                0x01001738                _printf_r
 .text          0x0100176c       0xb4 c:/altera/13.0sp1/nios2eds/bin/gnu/h-i686-mingw32/bin/../lib/gcc/nios2-elf/4.1.2/../../../../nios2-elf/lib\libc.a(lib_a-puts.o)
                0x0100176c                _puts_r
                0x0100180c                puts
 .text          0x01001820       0xbc c:/altera/13.0sp1/nios2eds/bin/gnu/h-i686-mingw32/bin/../lib/gcc/nios2-elf/4.1.2/../../../../nios2-elf/lib\libc.a(lib_a-strcmp.o)
                0x01001820                strcmp
 .text          0x010018dc       0x74 c:/altera/13.0sp1/nios2eds/bin/gnu/h-i686-mingw32/bin/../lib/gcc/nios2-elf/4.1.2/../../../../nios2-elf/lib\libc.a(lib_a-strlen.o)
                0x010018dc                strlen
 .text          0x01001950       0xbc c:/altera/13.0sp1/nios2eds/bin/gnu/h-i686-mingw32/bin/../lib/gcc/nios2-elf/4.1.2/../../../../nios2-elf/lib\libc.a(lib_a-strncpy.o)
                0x01001950                strncpy
 .text          0x01001a0c     0x1f28 c:/altera/13.0sp1/nios2eds/bin/gnu/h-i686-mingw32/bin/../lib/gcc/nios2-elf/4.1.2/../../../../nios2-elf/lib\libc.a(lib_a-vfprintf.o)
                0x01001a64                ___vfprintf_internal_r
                0x01003910                __vfprintf_internal
 .text          0x01003934      0x13c c:/altera/13.0sp1/nios2eds/bin/gnu/h-i686-mingw32/bin/../lib/gcc/nios2-elf/4.1.2/../../../../nios2-elf/lib\libc.a(lib_a-wsetup.o)
                0x01003934                __swsetup_r
 .text          0x01003a70     0x17cc c:/altera/13.0sp1/nios2eds/bin/gnu/h-i686-mingw32/bin/../lib/gcc/nios2-elf/4.1.2/../../../../nios2-elf/lib\libc.a(lib_a-dtoa.o)
                0x01003c88                _dtoa_r
 .text          0x0100523c      0x230 c:/altera/13.0sp1/nios2eds/bin/gnu/h-i686-mingw32/bin/../lib/gcc/nios2-elf/4.1.2/../../../../nios2-elf/lib\libc.a(lib_a-fflush.o)
                0x0100523c                _fflush_r
                0x01005438                fflush
 .text          0x0100546c      0x2c0 c:/altera/13.0sp1/nios2eds/bin/gnu/h-i686-mingw32/bin/../lib/gcc/nios2-elf/4.1.2/../../../../nios2-elf/lib\libc.a(lib_a-findfp.o)
                0x010054c4                __sfp_lock_acquire
                0x010054c8                __sfp_lock_release
                0x010054cc                __sinit_lock_acquire
                0x010054d0                __sinit_lock_release
                0x010054d4                __sinit
                0x01005588                __fp_unlock_all
                0x010055a0                __fp_lock_all
                0x010055b8                _cleanup_r
                0x010055c4                _cleanup
                0x010055d4                __sfmoreglue
                0x0100563c                __sfp
 .text          0x0100572c      0x440 c:/altera/13.0sp1/nios2eds/bin/gnu/h-i686-mingw32/bin/../lib/gcc/nios2-elf/4.1.2/../../../../nios2-elf/lib\libc.a(lib_a-freer.o)
                0x0100572c                _malloc_trim_r
                0x01005858                _free_r
 .text          0x01005b6c      0x49c c:/altera/13.0sp1/nios2eds/bin/gnu/h-i686-mingw32/bin/../lib/gcc/nios2-elf/4.1.2/../../../../nios2-elf/lib\libc.a(lib_a-fvwrite.o)
                0x01005b6c                __sfvwrite_r
 .text          0x01006008      0x180 c:/altera/13.0sp1/nios2eds/bin/gnu/h-i686-mingw32/bin/../lib/gcc/nios2-elf/4.1.2/../../../../nios2-elf/lib\libc.a(lib_a-fwalk.o)
                0x01006008                _fwalk_reent
                0x010060d0                _fwalk
 .text          0x01006188        0x0 c:/altera/13.0sp1/nios2eds/bin/gnu/h-i686-mingw32/bin/../lib/gcc/nios2-elf/4.1.2/../../../../nios2-elf/lib\libc.a(lib_a-impure.o)
 .text          0x01006188       0xc4 c:/altera/13.0sp1/nios2eds/bin/gnu/h-i686-mingw32/bin/../lib/gcc/nios2-elf/4.1.2/../../../../nios2-elf/lib\libc.a(lib_a-locale.o)
                0x01006188                __locale_charset
                0x01006190                _localeconv_r
                0x0100619c                localeconv
                0x010061ac                _setlocale_r
                0x01006230                setlocale
 .text          0x0100624c      0x194 c:/altera/13.0sp1/nios2eds/bin/gnu/h-i686-mingw32/bin/../lib/gcc/nios2-elf/4.1.2/../../../../nios2-elf/lib\libc.a(lib_a-makebuf.o)
                0x0100624c                __smakebuf_r
 .text          0x010063e0      0x740 c:/altera/13.0sp1/nios2eds/bin/gnu/h-i686-mingw32/bin/../lib/gcc/nios2-elf/4.1.2/../../../../nios2-elf/lib\libc.a(lib_a-mallocr.o)
                0x010063e0                _malloc_r
 .text          0x01006b20       0xe4 c:/altera/13.0sp1/nios2eds/bin/gnu/h-i686-mingw32/bin/../lib/gcc/nios2-elf/4.1.2/../../../../nios2-elf/lib\libc.a(lib_a-memchr.o)
                0x01006b20                memchr
 .text          0x01006c04       0xa0 c:/altera/13.0sp1/nios2eds/bin/gnu/h-i686-mingw32/bin/../lib/gcc/nios2-elf/4.1.2/../../../../nios2-elf/lib\libc.a(lib_a-memcpy.o)
                0x01006c04                memcpy
 .text          0x01006ca4       0xe0 c:/altera/13.0sp1/nios2eds/bin/gnu/h-i686-mingw32/bin/../lib/gcc/nios2-elf/4.1.2/../../../../nios2-elf/lib\libc.a(lib_a-memmove.o)
                0x01006ca4                memmove
 .text          0x01006d84       0x98 c:/altera/13.0sp1/nios2eds/bin/gnu/h-i686-mingw32/bin/../lib/gcc/nios2-elf/4.1.2/../../../../nios2-elf/lib\libc.a(lib_a-memset.o)
                0x01006d84                memset
 .text          0x01006e1c      0xff4 c:/altera/13.0sp1/nios2eds/bin/gnu/h-i686-mingw32/bin/../lib/gcc/nios2-elf/4.1.2/../../../../nios2-elf/lib\libc.a(lib_a-mprec.o)
                0x01006e1c                _Bfree
                0x01006e44                __hi0bits
                0x01006eb4                __lo0bits
                0x01006f78                __mcmp
                0x01006fd8                __ulp
                0x01007058                __b2d
                0x01007178                __ratio
                0x01007228                _mprec_log10
                0x010072bc                __copybits
                0x01007314                __any_on
                0x0100739c                _Balloc
                0x01007458                __d2b
                0x010075d4                __mdiff
                0x01007760                __lshift
                0x010078ac                __multiply
                0x01007a94                __i2b
                0x01007ad0                __multadd
                0x01007bd0                __pow5mult
                0x01007cf0                __s2b
 .text          0x01007e10      0x5f4 c:/altera/13.0sp1/nios2eds/bin/gnu/h-i686-mingw32/bin/../lib/gcc/nios2-elf/4.1.2/../../../../nios2-elf/lib\libc.a(lib_a-reallocr.o)
                0x01007e10                _realloc_r
 .text          0x01008404       0x40 c:/altera/13.0sp1/nios2eds/bin/gnu/h-i686-mingw32/bin/../lib/gcc/nios2-elf/4.1.2/../../../../nios2-elf/lib\libc.a(lib_a-s_isinfd.o)
                0x01008404                __isinfd
 .text          0x01008444       0x30 c:/altera/13.0sp1/nios2eds/bin/gnu/h-i686-mingw32/bin/../lib/gcc/nios2-elf/4.1.2/../../../../nios2-elf/lib\libc.a(lib_a-s_isnand.o)
                0x01008444                __isnand
 .text          0x01008474       0x70 c:/altera/13.0sp1/nios2eds/bin/gnu/h-i686-mingw32/bin/../lib/gcc/nios2-elf/4.1.2/../../../../nios2-elf/lib\libc.a(lib_a-sbrkr.o)
                0x01008474                _sbrk_r
 .text          0x010084e4      0x14c c:/altera/13.0sp1/nios2eds/bin/gnu/h-i686-mingw32/bin/../lib/gcc/nios2-elf/4.1.2/../../../../nios2-elf/lib\libc.a(lib_a-stdio.o)
                0x010084e4                __sclose
                0x010084ec                __sseek
                0x01008554                __swrite
                0x010085d0                __sread
 .text          0x01008630       0x78 c:/altera/13.0sp1/nios2eds/bin/gnu/h-i686-mingw32/bin/../lib/gcc/nios2-elf/4.1.2/../../../../nios2-elf/lib\libc.a(lib_a-writer.o)
                0x01008630                _write_r
 .text          0x010086a8       0xb4 c:/altera/13.0sp1/nios2eds/bin/gnu/h-i686-mingw32/bin/../lib/gcc/nios2-elf/4.1.2/../../../../nios2-elf/lib\libc.a(lib_a-callocr.o)
                0x010086a8                _calloc_r
 .text          0x0100875c       0x70 c:/altera/13.0sp1/nios2eds/bin/gnu/h-i686-mingw32/bin/../lib/gcc/nios2-elf/4.1.2/../../../../nios2-elf/lib\libc.a(lib_a-closer.o)
                0x0100875c                _close_r
 .text          0x010087cc      0x124 c:/altera/13.0sp1/nios2eds/bin/gnu/h-i686-mingw32/bin/../lib/gcc/nios2-elf/4.1.2/../../../../nios2-elf/lib\libc.a(lib_a-fclose.o)
                0x010087cc                _fclose_r
                0x010088dc                fclose
 .text          0x010088f0       0x74 c:/altera/13.0sp1/nios2eds/bin/gnu/h-i686-mingw32/bin/../lib/gcc/nios2-elf/4.1.2/../../../../nios2-elf/lib\libc.a(lib_a-fstatr.o)
                0x010088f0                _fstat_r
 .text          0x01008964        0x0 c:/altera/13.0sp1/nios2eds/bin/gnu/h-i686-mingw32/bin/../lib/gcc/nios2-elf/4.1.2/../../../../nios2-elf/lib\libc.a(lib_a-int_errno.o)
 .text          0x01008964       0x70 c:/altera/13.0sp1/nios2eds/bin/gnu/h-i686-mingw32/bin/../lib/gcc/nios2-elf/4.1.2/../../../../nios2-elf/lib\libc.a(lib_a-isattyr.o)
                0x01008964                _isatty_r
 .text          0x010089d4       0x78 c:/altera/13.0sp1/nios2eds/bin/gnu/h-i686-mingw32/bin/../lib/gcc/nios2-elf/4.1.2/../../../../nios2-elf/lib\libc.a(lib_a-lseekr.o)
                0x010089d4                _lseek_r
 .text          0x01008a4c       0x78 c:/altera/13.0sp1/nios2eds/bin/gnu/h-i686-mingw32/bin/../lib/gcc/nios2-elf/4.1.2/../../../../nios2-elf/lib\libc.a(lib_a-readr.o)
                0x01008a4c                _read_r
 .text          0x01008ac4      0x5dc c:/altera/13.0sp1/nios2eds/bin/gnu/h-i686-mingw32/bin/../lib/gcc/nios2-elf/4.1.2\libgcc.a(_udivdi3.o)
                0x01008ac4                __udivdi3
 .text          0x010090a0      0x5b0 c:/altera/13.0sp1/nios2eds/bin/gnu/h-i686-mingw32/bin/../lib/gcc/nios2-elf/4.1.2\libgcc.a(_umoddi3.o)
                0x010090a0                __umoddi3
 .text          0x01009650      0x504 c:/altera/13.0sp1/nios2eds/bin/gnu/h-i686-mingw32/bin/../lib/gcc/nios2-elf/4.1.2\libgcc.a(_addsub_df.o)
                0x01009a60                __subdf3
                0x01009ae0                __adddf3
 .text          0x01009b54      0x3c4 c:/altera/13.0sp1/nios2eds/bin/gnu/h-i686-mingw32/bin/../lib/gcc/nios2-elf/4.1.2\libgcc.a(_mul_df.o)
                0x01009b54                __muldf3
 .text          0x01009f18      0x258 c:/altera/13.0sp1/nios2eds/bin/gnu/h-i686-mingw32/bin/../lib/gcc/nios2-elf/4.1.2\libgcc.a(_div_df.o)
                0x01009f18                __divdf3
 .text          0x0100a170       0x88 c:/altera/13.0sp1/nios2eds/bin/gnu/h-i686-mingw32/bin/../lib/gcc/nios2-elf/4.1.2\libgcc.a(_eq_df.o)
                0x0100a170                __eqdf2
 .text          0x0100a1f8       0x88 c:/altera/13.0sp1/nios2eds/bin/gnu/h-i686-mingw32/bin/../lib/gcc/nios2-elf/4.1.2\libgcc.a(_ne_df.o)
                0x0100a1f8                __nedf2
 .text          0x0100a280       0x88 c:/altera/13.0sp1/nios2eds/bin/gnu/h-i686-mingw32/bin/../lib/gcc/nios2-elf/4.1.2\libgcc.a(_gt_df.o)
                0x0100a280                __gtdf2
 .text          0x0100a308       0x88 c:/altera/13.0sp1/nios2eds/bin/gnu/h-i686-mingw32/bin/../lib/gcc/nios2-elf/4.1.2\libgcc.a(_ge_df.o)
                0x0100a308                __gedf2
 .text          0x0100a390       0x88 c:/altera/13.0sp1/nios2eds/bin/gnu/h-i686-mingw32/bin/../lib/gcc/nios2-elf/4.1.2\libgcc.a(_lt_df.o)
                0x0100a390                __ltdf2
 .text          0x0100a418       0xf8 c:/altera/13.0sp1/nios2eds/bin/gnu/h-i686-mingw32/bin/../lib/gcc/nios2-elf/4.1.2\libgcc.a(_si_to_df.o)
                0x0100a418                __floatsidf
 .text          0x0100a510       0xd8 c:/altera/13.0sp1/nios2eds/bin/gnu/h-i686-mingw32/bin/../lib/gcc/nios2-elf/4.1.2\libgcc.a(_df_to_si.o)
                0x0100a510                __fixdfsi
 .text          0x0100a5e8        0x0 c:/altera/13.0sp1/nios2eds/bin/gnu/h-i686-mingw32/bin/../lib/gcc/nios2-elf/4.1.2\libgcc.a(_thenan_df.o)
 .text          0x0100a5e8      0x194 c:/altera/13.0sp1/nios2eds/bin/gnu/h-i686-mingw32/bin/../lib/gcc/nios2-elf/4.1.2\libgcc.a(_usi_to_df.o)
                0x0100a5e8                __floatunsidf
 .text          0x0100a77c      0x14c c:/altera/13.0sp1/nios2eds/bin/gnu/h-i686-mingw32/bin/../lib/gcc/nios2-elf/4.1.2\libgcc.a(lib2-divmod.o)
                0x0100a7f8                __divsi3
                0x0100a858                __modsi3
                0x0100a8b8                __udivsi3
                0x0100a8c0                __umodsi3
 .text          0x0100a8c8       0x98 c:/altera/13.0sp1/nios2eds/bin/gnu/h-i686-mingw32/bin/../lib/gcc/nios2-elf/4.1.2\libgcc.a(_muldi3.o)
                0x0100a8c8                __muldi3
 .text          0x0100a960        0x0 c:/altera/13.0sp1/nios2eds/bin/gnu/h-i686-mingw32/bin/../lib/gcc/nios2-elf/4.1.2\libgcc.a(_clz.o)
 .text          0x0100a960       0x80 c:/altera/13.0sp1/nios2eds/bin/gnu/h-i686-mingw32/bin/../lib/gcc/nios2-elf/4.1.2\libgcc.a(_clzsi2.o)
                0x0100a960                __clzsi2
 .text          0x0100a9e0      0x314 c:/altera/13.0sp1/nios2eds/bin/gnu/h-i686-mingw32/bin/../lib/gcc/nios2-elf/4.1.2\libgcc.a(_pack_df.o)
                0x0100a9e0                __pack_d
 .text          0x0100acf4      0x138 c:/altera/13.0sp1/nios2eds/bin/gnu/h-i686-mingw32/bin/../lib/gcc/nios2-elf/4.1.2\libgcc.a(_unpack_df.o)
                0x0100acf4                __unpack_d
 .text          0x0100ae2c       0xc8 c:/altera/13.0sp1/nios2eds/bin/gnu/h-i686-mingw32/bin/../lib/gcc/nios2-elf/4.1.2\libgcc.a(_fpcmp_parts_df.o)
                0x0100ae2c                __fpcmp_parts_d
 .text          0x0100aef4      0x15c ../Exercise1_7_bsp/\libhal_bsp.a(alt_close.o)
                0x0100aef4                close
 .text          0x0100b050       0x2c ../Exercise1_7_bsp/\libhal_bsp.a(alt_dev.o)
 .text          0x0100b07c        0x0 ../Exercise1_7_bsp/\libhal_bsp.a(alt_errno.o)
 .text          0x0100b07c      0x134 ../Exercise1_7_bsp/\libhal_bsp.a(alt_fstat.o)
                0x0100b07c                fstat
 .text          0x0100b1b0      0x120 ../Exercise1_7_bsp/\libhal_bsp.a(alt_isatty.o)
                0x0100b1b0                isatty
 .text          0x0100b2d0       0xec ../Exercise1_7_bsp/\libhal_bsp.a(alt_load.o)
                0x0100b2d0                alt_load
 .text          0x0100b3bc      0x150 ../Exercise1_7_bsp/\libhal_bsp.a(alt_lseek.o)
                0x0100b3bc                lseek
 .text          0x0100b50c       0x6c ../Exercise1_7_bsp/\libhal_bsp.a(alt_main.o)
                0x0100b50c                alt_main
 .text          0x0100b578       0x40 ../Exercise1_7_bsp/\libhal_bsp.a(alt_malloc_lock.o)
                0x0100b578                __malloc_lock
                0x0100b598                __malloc_unlock
 .text          0x0100b5b8      0x258 ../Exercise1_7_bsp/\libhal_bsp.a(alt_printf.o)
                0x0100b5b8                alt_printf
 .text          0x0100b810       0x40 ../Exercise1_7_bsp/\libhal_bsp.a(alt_putchar.o)
                0x0100b810                alt_putchar
 .text          0x0100b850      0x180 ../Exercise1_7_bsp/\libhal_bsp.a(alt_read.o)
                0x0100b850                read
 .text          0x0100b9d0       0x60 ../Exercise1_7_bsp/\libhal_bsp.a(alt_release_fd.o)
                0x0100b9d0                alt_release_fd
 .text          0x0100ba30       0xbc ../Exercise1_7_bsp/\libhal_bsp.a(alt_sbrk.o)
                0x0100ba30                sbrk
 .text          0x0100baec      0x180 ../Exercise1_7_bsp/\libhal_bsp.a(alt_write.o)
                0x0100baec                write
 .text          0x0100bc6c       0xe8 ../Exercise1_7_bsp/\libhal_bsp.a(alt_sys_init.o)
                0x0100bc6c                alt_irq_init
                0x0100bca0                alt_sys_init
 .text          0x0100bd54      0x148 ../Exercise1_7_bsp/\libhal_bsp.a(altera_avalon_jtag_uart_fd.o)
                0x0100bd54                altera_avalon_jtag_uart_read_fd
                0x0100bdac                altera_avalon_jtag_uart_write_fd
                0x0100be04                altera_avalon_jtag_uart_close_fd
                0x0100be4c                altera_avalon_jtag_uart_ioctl_fd
 .text          0x0100be9c      0x408 ../Exercise1_7_bsp/\libhal_bsp.a(altera_avalon_jtag_uart_init.o)
                0x0100be9c                altera_avalon_jtag_uart_init
                0x0100c230                altera_avalon_jtag_uart_close
 .text          0x0100c2a4       0xf4 ../Exercise1_7_bsp/\libhal_bsp.a(altera_avalon_jtag_uart_ioctl.o)
                0x0100c2a4                altera_avalon_jtag_uart_ioctl
 .text          0x0100c398      0x224 ../Exercise1_7_bsp/\libhal_bsp.a(altera_avalon_jtag_uart_read.o)
                0x0100c398                altera_avalon_jtag_uart_read
 .text          0x0100c5bc      0x240 ../Exercise1_7_bsp/\libhal_bsp.a(altera_avalon_jtag_uart_write.o)
                0x0100c5bc                altera_avalon_jtag_uart_write
 .text          0x0100c7fc       0xfc ../Exercise1_7_bsp/\libhal_bsp.a(altera_avalon_timer_sc.o)
                0x0100c870                alt_avalon_timer_sc_init
 .text          0x0100c8f8      0x530 ../Exercise1_7_bsp/\libhal_bsp.a(altera_up_avalon_character_lcd.o)
                0x0100c8f8                get_DDRAM_addr
                0x0100c974                alt_up_character_lcd_send_cmd
                0x0100c9a8                alt_up_character_lcd_init
                0x0100c9dc                alt_up_character_lcd_open_dev
                0x0100ca1c                alt_up_character_lcd_write
                0x0100ca94                alt_up_character_lcd_string
                0x0100cb0c                alt_up_character_lcd_write_fd
                0x0100cb58                alt_up_character_lcd_set_cursor_pos
                0x0100cbd0                alt_up_character_lcd_shift_cursor
                0x0100cc80                alt_up_character_lcd_shift_display
                0x0100cd30                alt_up_character_lcd_erase_pos
                0x0100cdc0                alt_up_character_lcd_cursor_off
                0x0100cdf4                alt_up_character_lcd_cursor_blink_on
 .text          0x0100ce28      0x398 ../Exercise1_7_bsp/\libhal_bsp.a(altera_up_avalon_rs232.o)
                0x0100ce28                alt_up_rs232_enable_read_interrupt
                0x0100ce7c                alt_up_rs232_disable_read_interrupt
                0x0100ced4                alt_up_rs232_get_used_space_in_read_FIFO
                0x0100cf10                alt_up_rs232_get_available_space_in_write_FIFO
                0x0100cf50                alt_up_rs232_check_parity
                0x0100cfa0                alt_up_rs232_write_data
                0x0100cfe8                alt_up_rs232_read_data
                0x0100d05c                alt_up_rs232_read_fd
                0x0100d0ec                alt_up_rs232_write_fd
                0x0100d180                alt_up_rs232_open_dev
 .text          0x0100d1c0      0x154 ../Exercise1_7_bsp/\libhal_bsp.a(alt_alarm_start.o)
                0x0100d1c0                alt_alarm_start
 .text          0x0100d314       0x44 ../Exercise1_7_bsp/\libhal_bsp.a(alt_dcache_flush_all.o)
                0x0100d314                alt_dcache_flush_all
 .text          0x0100d358      0x114 ../Exercise1_7_bsp/\libhal_bsp.a(alt_dev_llist_insert.o)
                0x0100d358                alt_dev_llist_insert
 .text          0x0100d46c       0x64 ../Exercise1_7_bsp/\libhal_bsp.a(alt_do_ctors.o)
                0x0100d46c                _do_ctors
 .text          0x0100d4d0       0x64 ../Exercise1_7_bsp/\libhal_bsp.a(alt_do_dtors.o)
                0x0100d4d0                _do_dtors
 .text          0x0100d534       0x94 ../Exercise1_7_bsp/\libhal_bsp.a(alt_find_dev.o)
                0x0100d534                alt_find_dev
 .text          0x0100d5c8       0x30 ../Exercise1_7_bsp/\libhal_bsp.a(alt_icache_flush_all.o)
                0x0100d5c8                alt_icache_flush_all
 .text          0x0100d5f8      0x13c ../Exercise1_7_bsp/\libhal_bsp.a(alt_io_redirect.o)
                0x0100d6bc                alt_io_redirect
 .text          0x0100d734      0x1c0 ../Exercise1_7_bsp/\libhal_bsp.a(alt_irq_register.o)
                0x0100d734                alt_irq_register
 .text          0x0100d8f4        0x0 ../Exercise1_7_bsp/\libhal_bsp.a(alt_irq_vars.o)
 .text          0x0100d8f4      0x2c4 ../Exercise1_7_bsp/\libhal_bsp.a(alt_open.o)
                0x0100d9d0                open
 .text          0x0100dbb8      0x1a4 ../Exercise1_7_bsp/\libhal_bsp.a(alt_tick.o)
                0x0100dbb8                alt_alarm_stop
                0x0100dc50                alt_tick
 .text          0x0100dd5c       0x20 ../Exercise1_7_bsp/\libhal_bsp.a(altera_nios2_qsys_irq.o)
                0x0100dd5c                altera_nios2_qsys_irq_init
 .text          0x0100dd7c      0x120 ../Exercise1_7_bsp/\libhal_bsp.a(alt_find_file.o)
                0x0100dd7c                alt_find_file
 .text          0x0100de9c       0xb8 ../Exercise1_7_bsp/\libhal_bsp.a(alt_get_fd.o)
                0x0100de9c                alt_get_fd
 .text          0x0100df54       0x90 ../Exercise1_7_bsp/\libhal_bsp.a(alt_icache_flush.o)
                0x0100df54                alt_icache_flush
 .text          0x0100dfe4        0x0 ../Exercise1_7_bsp/\libhal_bsp.a(alt_irq_entry.o)
 .text          0x0100dfe4        0x0 ../Exercise1_7_bsp/\libhal_bsp.a(alt_irq_handler.o)
 .text          0x0100dfe4        0x0 ../Exercise1_7_bsp/\libhal_bsp.a(alt_exception_entry.o)
 .text          0x0100dfe4       0x14 c:/altera/13.0sp1/nios2eds/bin/gnu/h-i686-mingw32/bin/../lib/gcc/nios2-elf/4.1.2/../../../../nios2-elf/lib\libc.a(lib_a-atexit.o)
                0x0100dfe4                atexit
 .text          0x0100dff8       0x38 c:/altera/13.0sp1/nios2eds/bin/gnu/h-i686-mingw32/bin/../lib/gcc/nios2-elf/4.1.2/../../../../nios2-elf/lib\libc.a(lib_a-exit.o)
                0x0100dff8                exit
 .text          0x0100e030       0x74 c:/altera/13.0sp1/nios2eds/bin/gnu/h-i686-mingw32/bin/../lib/gcc/nios2-elf/4.1.2/../../../../nios2-elf/lib\libc.a(lib_a-memcmp.o)
                0x0100e030                memcmp
 .text          0x0100e0a4      0x1ec c:/altera/13.0sp1/nios2eds/bin/gnu/h-i686-mingw32/bin/../lib/gcc/nios2-elf/4.1.2/../../../../nios2-elf/lib\libc.a(lib_a-putc.o)
                0x0100e0a4                putc
                0x0100e1a8                _putc_r
 .text          0x0100e290      0x14c c:/altera/13.0sp1/nios2eds/bin/gnu/h-i686-mingw32/bin/../lib/gcc/nios2-elf/4.1.2/../../../../nios2-elf/lib\libc.a(lib_a-wbuf.o)
                0x0100e290                __swbuf_r
                0x0100e3c0                __swbuf
 .text          0x0100e3dc      0x134 c:/altera/13.0sp1/nios2eds/bin/gnu/h-i686-mingw32/bin/../lib/gcc/nios2-elf/4.1.2/../../../../nios2-elf/lib\libc.a(lib_a-__atexit.o)
                0x0100e3dc                __register_exitproc
 .text          0x0100e510      0x1b4 c:/altera/13.0sp1/nios2eds/bin/gnu/h-i686-mingw32/bin/../lib/gcc/nios2-elf/4.1.2/../../../../nios2-elf/lib\libc.a(lib_a-__call_atexit.o)
                0x0100e514                __call_exitprocs
 .text          0x0100e6c4       0x60 ../Exercise1_7_bsp/\libhal_bsp.a(alt_exit.o)
                0x0100e704                _exit
 *(.gnu.warning.*)
 *(.fini)
                0x0100e724                PROVIDE (__etext, ABSOLUTE (.))
                0x0100e724                PROVIDE (_etext, ABSOLUTE (.))
                0x0100e724                PROVIDE (etext, ABSOLUTE (.))
 *(.eh_frame_hdr)
                0x0100e724                . = ALIGN (0x4)
                0x0100e724                PROVIDE (__preinit_array_start, ABSOLUTE (.))
 *(.preinit_array)
                0x0100e724                PROVIDE (__preinit_array_end, ABSOLUTE (.))
                0x0100e724                PROVIDE (__init_array_start, ABSOLUTE (.))
 *(.init_array)
                0x0100e724                PROVIDE (__init_array_end, ABSOLUTE (.))
                0x0100e724                PROVIDE (__fini_array_start, ABSOLUTE (.))
 *(.fini_array)
                0x0100e724                PROVIDE (__fini_array_end, ABSOLUTE (.))
 *(.eh_frame)
 *(.gcc_except_table)
 *(.dynamic)
                0x0100e724                PROVIDE (__CTOR_LIST__, ABSOLUTE (.))
 *(.ctors)
 *(SORT(.ctors.*))
 .ctors.65535   0x0100e724        0x4 c:/altera/13.0sp1/nios2eds/bin/gnu/h-i686-mingw32/bin/../lib/gcc/nios2-elf/4.1.2/../../../../nios2-elf/lib\libc.a(lib_a-__call_atexit.o)
                0x0100e728                PROVIDE (__CTOR_END__, ABSOLUTE (.))
                0x0100e728                PROVIDE (__DTOR_LIST__, ABSOLUTE (.))
 *(.dtors)
 *(SORT(.dtors.*))
                0x0100e728                PROVIDE (__DTOR_END__, ABSOLUTE (.))
 *(.jcr)
                0x0100e728                . = ALIGN (0x4)

.rodata         0x0100e728     0x10fc
                0x0100e728                PROVIDE (__ram_rodata_start, ABSOLUTE (.))
                0x0100e728                . = ALIGN (0x4)
 *(.rodata .rodata.* .gnu.linkonce.r.*)
 .rodata        0x0100e728      0x299 obj/default/OutGraphicsCharFont1.o
                0x0100e728                Font5x7
 *fill*         0x0100e9c1        0x1 00
 .rodata        0x0100e9c2      0xa64 obj/default/OutGraphicsCharFont2.o
                0x0100e9c2                Font10x14
 *fill*         0x0100f426        0x2 00
 .rodata        0x0100f428       0x90 obj/default/hello_world.o
 .rodata.str1.4
                0x0100f4b8        0x2 c:/altera/13.0sp1/nios2eds/bin/gnu/h-i686-mingw32/bin/../lib/gcc/nios2-elf/4.1.2/../../../../nios2-elf/lib\libc.a(lib_a-puts.o)
                                  0x4 (size before relaxing)
 *fill*         0x0100f4ba        0x2 00
 .rodata.str1.4
                0x0100f4bc       0x5e c:/altera/13.0sp1/nios2eds/bin/gnu/h-i686-mingw32/bin/../lib/gcc/nios2-elf/4.1.2/../../../../nios2-elf/lib\libc.a(lib_a-vfprintf.o)
                                 0x60 (size before relaxing)
 .rodata        0x0100f51a       0x20 c:/altera/13.0sp1/nios2eds/bin/gnu/h-i686-mingw32/bin/../lib/gcc/nios2-elf/4.1.2/../../../../nios2-elf/lib\libc.a(lib_a-vfprintf.o)
 *fill*         0x0100f53a        0x2 00
 .rodata.str1.4
                0x0100f53c       0x10 c:/altera/13.0sp1/nios2eds/bin/gnu/h-i686-mingw32/bin/../lib/gcc/nios2-elf/4.1.2/../../../../nios2-elf/lib\libc.a(lib_a-dtoa.o)
                                 0x14 (size before relaxing)
 .rodata.str1.4
                0x0100f54c        0x2 c:/altera/13.0sp1/nios2eds/bin/gnu/h-i686-mingw32/bin/../lib/gcc/nios2-elf/4.1.2/../../../../nios2-elf/lib\libc.a(lib_a-impure.o)
                                  0x4 (size before relaxing)
 *fill*         0x0100f54e        0x2 00
 .rodata.str1.4
                0x0100f550       0x10 c:/altera/13.0sp1/nios2eds/bin/gnu/h-i686-mingw32/bin/../lib/gcc/nios2-elf/4.1.2/../../../../nios2-elf/lib\libc.a(lib_a-locale.o)
                                 0x18 (size before relaxing)
 .rodata        0x0100f560       0x30 c:/altera/13.0sp1/nios2eds/bin/gnu/h-i686-mingw32/bin/../lib/gcc/nios2-elf/4.1.2/../../../../nios2-elf/lib\libc.a(lib_a-locale.o)
 .rodata        0x0100f590      0x124 c:/altera/13.0sp1/nios2eds/bin/gnu/h-i686-mingw32/bin/../lib/gcc/nios2-elf/4.1.2/../../../../nios2-elf/lib\libc.a(lib_a-mprec.o)
                0x0100f590                __mprec_tens
                0x0100f658                __mprec_bigtens
                0x0100f680                __mprec_tinytens
 .rodata        0x0100f6b4       0x14 c:/altera/13.0sp1/nios2eds/bin/gnu/h-i686-mingw32/bin/../lib/gcc/nios2-elf/4.1.2\libgcc.a(_thenan_df.o)
                0x0100f6b4                __thenan_df
 .rodata        0x0100f6c8      0x100 c:/altera/13.0sp1/nios2eds/bin/gnu/h-i686-mingw32/bin/../lib/gcc/nios2-elf/4.1.2\libgcc.a(_clz.o)
                0x0100f6c8                __clz_tab
 .rodata        0x0100f7c8        0xc ../Exercise1_7_bsp/\libhal_bsp.a(alt_dev.o)
 .rodata        0x0100f7d4       0x14 ../Exercise1_7_bsp/\libhal_bsp.a(alt_main.o)
 .rodata        0x0100f7e8       0x3c ../Exercise1_7_bsp/\libhal_bsp.a(alt_sys_init.o)
 *(.rodata1)
                0x0100f824                . = ALIGN (0x4)
                0x0100f824                PROVIDE (__ram_rodata_end, ABSOLUTE (.))
                0x0100e728                PROVIDE (__flash_rodata_start, LOADADDR (.rodata))

.rwdata         0x0100f824     0x1ab8 load address 0x010112dc
                0x0100f824                PROVIDE (__ram_rwdata_start, ABSOLUTE (.))
                0x0100f824                . = ALIGN (0x4)
 *(.got.plt)
 *(.got)
 *(.data1)
 *(.data .data.* .gnu.linkonce.d.*)
 .data          0x0100f824        0x0 ../Exercise1_7_bsp//obj/HAL/src/crt0.o
 .data          0x0100f824        0x0 obj/default/Bresenhams_Line_Drawing_Algorithm.o
 .data          0x0100f824        0x0 obj/default/Fill.o
 .data          0x0100f824        0x0 obj/default/OutGraphicsCharFont1.o
 .data          0x0100f824        0x0 obj/default/OutGraphicsCharFont2.o
 .data          0x0100f824        0x0 obj/default/hello_world.o
 .data          0x0100f824        0x0 c:/altera/13.0sp1/nios2eds/bin/gnu/h-i686-mingw32/bin/../lib/gcc/nios2-elf/4.1.2/../../../../nios2-elf/lib\libc.a(lib_a-printf.o)
 .data          0x0100f824        0x0 c:/altera/13.0sp1/nios2eds/bin/gnu/h-i686-mingw32/bin/../lib/gcc/nios2-elf/4.1.2/../../../../nios2-elf/lib\libc.a(lib_a-puts.o)
 .data          0x0100f824        0x0 c:/altera/13.0sp1/nios2eds/bin/gnu/h-i686-mingw32/bin/../lib/gcc/nios2-elf/4.1.2/../../../../nios2-elf/lib\libc.a(lib_a-strcmp.o)
 .data          0x0100f824        0x0 c:/altera/13.0sp1/nios2eds/bin/gnu/h-i686-mingw32/bin/../lib/gcc/nios2-elf/4.1.2/../../../../nios2-elf/lib\libc.a(lib_a-strlen.o)
 .data          0x0100f824        0x0 c:/altera/13.0sp1/nios2eds/bin/gnu/h-i686-mingw32/bin/../lib/gcc/nios2-elf/4.1.2/../../../../nios2-elf/lib\libc.a(lib_a-strncpy.o)
 .data          0x0100f824        0x0 c:/altera/13.0sp1/nios2eds/bin/gnu/h-i686-mingw32/bin/../lib/gcc/nios2-elf/4.1.2/../../../../nios2-elf/lib\libc.a(lib_a-vfprintf.o)
 .data          0x0100f824        0x0 c:/altera/13.0sp1/nios2eds/bin/gnu/h-i686-mingw32/bin/../lib/gcc/nios2-elf/4.1.2/../../../../nios2-elf/lib\libc.a(lib_a-wsetup.o)
 .data          0x0100f824        0x0 c:/altera/13.0sp1/nios2eds/bin/gnu/h-i686-mingw32/bin/../lib/gcc/nios2-elf/4.1.2/../../../../nios2-elf/lib\libc.a(lib_a-dtoa.o)
 .data          0x0100f824        0x0 c:/altera/13.0sp1/nios2eds/bin/gnu/h-i686-mingw32/bin/../lib/gcc/nios2-elf/4.1.2/../../../../nios2-elf/lib\libc.a(lib_a-fflush.o)
 .data          0x0100f824        0x0 c:/altera/13.0sp1/nios2eds/bin/gnu/h-i686-mingw32/bin/../lib/gcc/nios2-elf/4.1.2/../../../../nios2-elf/lib\libc.a(lib_a-findfp.o)
 .data          0x0100f824        0x0 c:/altera/13.0sp1/nios2eds/bin/gnu/h-i686-mingw32/bin/../lib/gcc/nios2-elf/4.1.2/../../../../nios2-elf/lib\libc.a(lib_a-freer.o)
 .data          0x0100f824        0x0 c:/altera/13.0sp1/nios2eds/bin/gnu/h-i686-mingw32/bin/../lib/gcc/nios2-elf/4.1.2/../../../../nios2-elf/lib\libc.a(lib_a-fvwrite.o)
 .data          0x0100f824        0x0 c:/altera/13.0sp1/nios2eds/bin/gnu/h-i686-mingw32/bin/../lib/gcc/nios2-elf/4.1.2/../../../../nios2-elf/lib\libc.a(lib_a-fwalk.o)
 .data          0x0100f824      0x400 c:/altera/13.0sp1/nios2eds/bin/gnu/h-i686-mingw32/bin/../lib/gcc/nios2-elf/4.1.2/../../../../nios2-elf/lib\libc.a(lib_a-impure.o)
 .data          0x0100fc24        0xc c:/altera/13.0sp1/nios2eds/bin/gnu/h-i686-mingw32/bin/../lib/gcc/nios2-elf/4.1.2/../../../../nios2-elf/lib\libc.a(lib_a-locale.o)
                0x0100fc24                __lc_ctype
 .data          0x0100fc30        0x0 c:/altera/13.0sp1/nios2eds/bin/gnu/h-i686-mingw32/bin/../lib/gcc/nios2-elf/4.1.2/../../../../nios2-elf/lib\libc.a(lib_a-makebuf.o)
 .data          0x0100fc30      0x408 c:/altera/13.0sp1/nios2eds/bin/gnu/h-i686-mingw32/bin/../lib/gcc/nios2-elf/4.1.2/../../../../nios2-elf/lib\libc.a(lib_a-mallocr.o)
                0x0100fc30                __malloc_av_
 .data          0x01010038        0x0 c:/altera/13.0sp1/nios2eds/bin/gnu/h-i686-mingw32/bin/../lib/gcc/nios2-elf/4.1.2/../../../../nios2-elf/lib\libc.a(lib_a-memchr.o)
 .data          0x01010038        0x0 c:/altera/13.0sp1/nios2eds/bin/gnu/h-i686-mingw32/bin/../lib/gcc/nios2-elf/4.1.2/../../../../nios2-elf/lib\libc.a(lib_a-memcpy.o)
 .data          0x01010038        0x0 c:/altera/13.0sp1/nios2eds/bin/gnu/h-i686-mingw32/bin/../lib/gcc/nios2-elf/4.1.2/../../../../nios2-elf/lib\libc.a(lib_a-memmove.o)
 .data          0x01010038        0x0 c:/altera/13.0sp1/nios2eds/bin/gnu/h-i686-mingw32/bin/../lib/gcc/nios2-elf/4.1.2/../../../../nios2-elf/lib\libc.a(lib_a-memset.o)
 .data          0x01010038        0x0 c:/altera/13.0sp1/nios2eds/bin/gnu/h-i686-mingw32/bin/../lib/gcc/nios2-elf/4.1.2/../../../../nios2-elf/lib\libc.a(lib_a-mprec.o)
 .data          0x01010038        0x0 c:/altera/13.0sp1/nios2eds/bin/gnu/h-i686-mingw32/bin/../lib/gcc/nios2-elf/4.1.2/../../../../nios2-elf/lib\libc.a(lib_a-reallocr.o)
 .data          0x01010038        0x0 c:/altera/13.0sp1/nios2eds/bin/gnu/h-i686-mingw32/bin/../lib/gcc/nios2-elf/4.1.2/../../../../nios2-elf/lib\libc.a(lib_a-s_isinfd.o)
 .data          0x01010038        0x0 c:/altera/13.0sp1/nios2eds/bin/gnu/h-i686-mingw32/bin/../lib/gcc/nios2-elf/4.1.2/../../../../nios2-elf/lib\libc.a(lib_a-s_isnand.o)
 .data          0x01010038        0x0 c:/altera/13.0sp1/nios2eds/bin/gnu/h-i686-mingw32/bin/../lib/gcc/nios2-elf/4.1.2/../../../../nios2-elf/lib\libc.a(lib_a-sbrkr.o)
 .data          0x01010038        0x0 c:/altera/13.0sp1/nios2eds/bin/gnu/h-i686-mingw32/bin/../lib/gcc/nios2-elf/4.1.2/../../../../nios2-elf/lib\libc.a(lib_a-stdio.o)
 .data          0x01010038        0x0 c:/altera/13.0sp1/nios2eds/bin/gnu/h-i686-mingw32/bin/../lib/gcc/nios2-elf/4.1.2/../../../../nios2-elf/lib\libc.a(lib_a-writer.o)
 .data          0x01010038        0x0 c:/altera/13.0sp1/nios2eds/bin/gnu/h-i686-mingw32/bin/../lib/gcc/nios2-elf/4.1.2/../../../../nios2-elf/lib\libc.a(lib_a-callocr.o)
 .data          0x01010038        0x0 c:/altera/13.0sp1/nios2eds/bin/gnu/h-i686-mingw32/bin/../lib/gcc/nios2-elf/4.1.2/../../../../nios2-elf/lib\libc.a(lib_a-closer.o)
 .data          0x01010038        0x0 c:/altera/13.0sp1/nios2eds/bin/gnu/h-i686-mingw32/bin/../lib/gcc/nios2-elf/4.1.2/../../../../nios2-elf/lib\libc.a(lib_a-fclose.o)
 .data          0x01010038        0x0 c:/altera/13.0sp1/nios2eds/bin/gnu/h-i686-mingw32/bin/../lib/gcc/nios2-elf/4.1.2/../../../../nios2-elf/lib\libc.a(lib_a-fstatr.o)
 .data          0x01010038        0x0 c:/altera/13.0sp1/nios2eds/bin/gnu/h-i686-mingw32/bin/../lib/gcc/nios2-elf/4.1.2/../../../../nios2-elf/lib\libc.a(lib_a-int_errno.o)
 .data          0x01010038        0x0 c:/altera/13.0sp1/nios2eds/bin/gnu/h-i686-mingw32/bin/../lib/gcc/nios2-elf/4.1.2/../../../../nios2-elf/lib\libc.a(lib_a-isattyr.o)
 .data          0x01010038        0x0 c:/altera/13.0sp1/nios2eds/bin/gnu/h-i686-mingw32/bin/../lib/gcc/nios2-elf/4.1.2/../../../../nios2-elf/lib\libc.a(lib_a-lseekr.o)
 .data          0x01010038        0x0 c:/altera/13.0sp1/nios2eds/bin/gnu/h-i686-mingw32/bin/../lib/gcc/nios2-elf/4.1.2/../../../../nios2-elf/lib\libc.a(lib_a-readr.o)
 .data          0x01010038        0x0 c:/altera/13.0sp1/nios2eds/bin/gnu/h-i686-mingw32/bin/../lib/gcc/nios2-elf/4.1.2\libgcc.a(_udivdi3.o)
 .data          0x01010038        0x0 c:/altera/13.0sp1/nios2eds/bin/gnu/h-i686-mingw32/bin/../lib/gcc/nios2-elf/4.1.2\libgcc.a(_umoddi3.o)
 .data          0x01010038        0x0 c:/altera/13.0sp1/nios2eds/bin/gnu/h-i686-mingw32/bin/../lib/gcc/nios2-elf/4.1.2\libgcc.a(_addsub_df.o)
 .data          0x01010038        0x0 c:/altera/13.0sp1/nios2eds/bin/gnu/h-i686-mingw32/bin/../lib/gcc/nios2-elf/4.1.2\libgcc.a(_mul_df.o)
 .data          0x01010038        0x0 c:/altera/13.0sp1/nios2eds/bin/gnu/h-i686-mingw32/bin/../lib/gcc/nios2-elf/4.1.2\libgcc.a(_div_df.o)
 .data          0x01010038        0x0 c:/altera/13.0sp1/nios2eds/bin/gnu/h-i686-mingw32/bin/../lib/gcc/nios2-elf/4.1.2\libgcc.a(_eq_df.o)
 .data          0x01010038        0x0 c:/altera/13.0sp1/nios2eds/bin/gnu/h-i686-mingw32/bin/../lib/gcc/nios2-elf/4.1.2\libgcc.a(_ne_df.o)
 .data          0x01010038        0x0 c:/altera/13.0sp1/nios2eds/bin/gnu/h-i686-mingw32/bin/../lib/gcc/nios2-elf/4.1.2\libgcc.a(_gt_df.o)
 .data          0x01010038        0x0 c:/altera/13.0sp1/nios2eds/bin/gnu/h-i686-mingw32/bin/../lib/gcc/nios2-elf/4.1.2\libgcc.a(_ge_df.o)
 .data          0x01010038        0x0 c:/altera/13.0sp1/nios2eds/bin/gnu/h-i686-mingw32/bin/../lib/gcc/nios2-elf/4.1.2\libgcc.a(_lt_df.o)
 .data          0x01010038        0x0 c:/altera/13.0sp1/nios2eds/bin/gnu/h-i686-mingw32/bin/../lib/gcc/nios2-elf/4.1.2\libgcc.a(_si_to_df.o)
 .data          0x01010038        0x0 c:/altera/13.0sp1/nios2eds/bin/gnu/h-i686-mingw32/bin/../lib/gcc/nios2-elf/4.1.2\libgcc.a(_df_to_si.o)
 .data          0x01010038        0x0 c:/altera/13.0sp1/nios2eds/bin/gnu/h-i686-mingw32/bin/../lib/gcc/nios2-elf/4.1.2\libgcc.a(_thenan_df.o)
 .data          0x01010038        0x0 c:/altera/13.0sp1/nios2eds/bin/gnu/h-i686-mingw32/bin/../lib/gcc/nios2-elf/4.1.2\libgcc.a(_usi_to_df.o)
 .data          0x01010038        0x0 c:/altera/13.0sp1/nios2eds/bin/gnu/h-i686-mingw32/bin/../lib/gcc/nios2-elf/4.1.2\libgcc.a(lib2-divmod.o)
 .data          0x01010038        0x0 c:/altera/13.0sp1/nios2eds/bin/gnu/h-i686-mingw32/bin/../lib/gcc/nios2-elf/4.1.2\libgcc.a(_muldi3.o)
 .data          0x01010038        0x0 c:/altera/13.0sp1/nios2eds/bin/gnu/h-i686-mingw32/bin/../lib/gcc/nios2-elf/4.1.2\libgcc.a(_clz.o)
 .data          0x01010038        0x0 c:/altera/13.0sp1/nios2eds/bin/gnu/h-i686-mingw32/bin/../lib/gcc/nios2-elf/4.1.2\libgcc.a(_clzsi2.o)
 .data          0x01010038        0x0 c:/altera/13.0sp1/nios2eds/bin/gnu/h-i686-mingw32/bin/../lib/gcc/nios2-elf/4.1.2\libgcc.a(_pack_df.o)
 .data          0x01010038        0x0 c:/altera/13.0sp1/nios2eds/bin/gnu/h-i686-mingw32/bin/../lib/gcc/nios2-elf/4.1.2\libgcc.a(_unpack_df.o)
 .data          0x01010038        0x0 c:/altera/13.0sp1/nios2eds/bin/gnu/h-i686-mingw32/bin/../lib/gcc/nios2-elf/4.1.2\libgcc.a(_fpcmp_parts_df.o)
 .data          0x01010038        0x0 ../Exercise1_7_bsp/\libhal_bsp.a(alt_close.o)
 .data          0x01010038      0x1a8 ../Exercise1_7_bsp/\libhal_bsp.a(alt_dev.o)
                0x01010038                alt_dev_null
                0x01010060                alt_fd_list
 .data          0x010101e0        0x0 ../Exercise1_7_bsp/\libhal_bsp.a(alt_errno.o)
 .data          0x010101e0        0x0 ../Exercise1_7_bsp/\libhal_bsp.a(alt_fstat.o)
 .data          0x010101e0        0x0 ../Exercise1_7_bsp/\libhal_bsp.a(alt_isatty.o)
 .data          0x010101e0        0x0 ../Exercise1_7_bsp/\libhal_bsp.a(alt_load.o)
 .data          0x010101e0        0x0 ../Exercise1_7_bsp/\libhal_bsp.a(alt_lseek.o)
 .data          0x010101e0        0x0 ../Exercise1_7_bsp/\libhal_bsp.a(alt_main.o)
 .data          0x010101e0        0x0 ../Exercise1_7_bsp/\libhal_bsp.a(alt_malloc_lock.o)
 .data          0x010101e0        0x0 ../Exercise1_7_bsp/\libhal_bsp.a(alt_printf.o)
 .data          0x010101e0        0x0 ../Exercise1_7_bsp/\libhal_bsp.a(alt_putchar.o)
 .data          0x010101e0        0x0 ../Exercise1_7_bsp/\libhal_bsp.a(alt_read.o)
 .data          0x010101e0        0x0 ../Exercise1_7_bsp/\libhal_bsp.a(alt_release_fd.o)
 .data          0x010101e0        0x0 ../Exercise1_7_bsp/\libhal_bsp.a(alt_sbrk.o)
 .data          0x010101e0        0x0 ../Exercise1_7_bsp/\libhal_bsp.a(alt_write.o)
 .data          0x010101e0     0x10b8 ../Exercise1_7_bsp/\libhal_bsp.a(alt_sys_init.o)
 .data          0x01011298        0x0 ../Exercise1_7_bsp/\libhal_bsp.a(altera_avalon_jtag_uart_fd.o)
 .data          0x01011298        0x0 ../Exercise1_7_bsp/\libhal_bsp.a(altera_avalon_jtag_uart_init.o)
 .data          0x01011298        0x0 ../Exercise1_7_bsp/\libhal_bsp.a(altera_avalon_jtag_uart_ioctl.o)
 .data          0x01011298        0x0 ../Exercise1_7_bsp/\libhal_bsp.a(altera_avalon_jtag_uart_read.o)
 .data          0x01011298        0x0 ../Exercise1_7_bsp/\libhal_bsp.a(altera_avalon_jtag_uart_write.o)
 .data          0x01011298        0x0 ../Exercise1_7_bsp/\libhal_bsp.a(altera_avalon_timer_sc.o)
 .data          0x01011298        0x0 ../Exercise1_7_bsp/\libhal_bsp.a(altera_up_avalon_character_lcd.o)
 .data          0x01011298        0x0 ../Exercise1_7_bsp/\libhal_bsp.a(altera_up_avalon_rs232.o)
 .data          0x01011298        0x0 ../Exercise1_7_bsp/\libhal_bsp.a(alt_alarm_start.o)
 .data          0x01011298        0x0 ../Exercise1_7_bsp/\libhal_bsp.a(alt_dcache_flush_all.o)
 .data          0x01011298        0x0 ../Exercise1_7_bsp/\libhal_bsp.a(alt_dev_llist_insert.o)
 .data          0x01011298        0x0 ../Exercise1_7_bsp/\libhal_bsp.a(alt_do_ctors.o)
 .data          0x01011298        0x0 ../Exercise1_7_bsp/\libhal_bsp.a(alt_do_dtors.o)
 .data          0x01011298        0x0 ../Exercise1_7_bsp/\libhal_bsp.a(alt_find_dev.o)
 .data          0x01011298        0x0 ../Exercise1_7_bsp/\libhal_bsp.a(alt_icache_flush_all.o)
 .data          0x01011298        0x0 ../Exercise1_7_bsp/\libhal_bsp.a(alt_io_redirect.o)
 .data          0x01011298        0x0 ../Exercise1_7_bsp/\libhal_bsp.a(alt_irq_register.o)
 .data          0x01011298        0x0 ../Exercise1_7_bsp/\libhal_bsp.a(alt_irq_vars.o)
 .data          0x01011298        0x0 ../Exercise1_7_bsp/\libhal_bsp.a(alt_open.o)
 .data          0x01011298        0x0 ../Exercise1_7_bsp/\libhal_bsp.a(alt_tick.o)
 .data          0x01011298        0x0 ../Exercise1_7_bsp/\libhal_bsp.a(altera_nios2_qsys_irq.o)
 .data          0x01011298        0x0 ../Exercise1_7_bsp/\libhal_bsp.a(alt_find_file.o)
 .data          0x01011298        0x0 ../Exercise1_7_bsp/\libhal_bsp.a(alt_get_fd.o)
 .data          0x01011298        0x0 ../Exercise1_7_bsp/\libhal_bsp.a(alt_icache_flush.o)
 .data          0x01011298        0x0 ../Exercise1_7_bsp/\libhal_bsp.a(alt_irq_entry.o)
 .data          0x01011298        0x0 ../Exercise1_7_bsp/\libhal_bsp.a(alt_irq_handler.o)
 .data          0x01011298        0x0 ../Exercise1_7_bsp/\libhal_bsp.a(alt_exception_entry.o)
 .data          0x01011298        0x0 c:/altera/13.0sp1/nios2eds/bin/gnu/h-i686-mingw32/bin/../lib/gcc/nios2-elf/4.1.2/../../../../nios2-elf/lib\libc.a(lib_a-atexit.o)
 .data          0x01011298        0x0 c:/altera/13.0sp1/nios2eds/bin/gnu/h-i686-mingw32/bin/../lib/gcc/nios2-elf/4.1.2/../../../../nios2-elf/lib\libc.a(lib_a-exit.o)
 .data          0x01011298        0x0 c:/altera/13.0sp1/nios2eds/bin/gnu/h-i686-mingw32/bin/../lib/gcc/nios2-elf/4.1.2/../../../../nios2-elf/lib\libc.a(lib_a-memcmp.o)
 .data          0x01011298        0x0 c:/altera/13.0sp1/nios2eds/bin/gnu/h-i686-mingw32/bin/../lib/gcc/nios2-elf/4.1.2/../../../../nios2-elf/lib\libc.a(lib_a-putc.o)
 .data          0x01011298        0x0 c:/altera/13.0sp1/nios2eds/bin/gnu/h-i686-mingw32/bin/../lib/gcc/nios2-elf/4.1.2/../../../../nios2-elf/lib\libc.a(lib_a-wbuf.o)
 .data          0x01011298        0x0 c:/altera/13.0sp1/nios2eds/bin/gnu/h-i686-mingw32/bin/../lib/gcc/nios2-elf/4.1.2/../../../../nios2-elf/lib\libc.a(lib_a-__atexit.o)
 .data          0x01011298        0x0 c:/altera/13.0sp1/nios2eds/bin/gnu/h-i686-mingw32/bin/../lib/gcc/nios2-elf/4.1.2/../../../../nios2-elf/lib\libc.a(lib_a-__call_atexit.o)
 .data          0x01011298        0x0 ../Exercise1_7_bsp/\libhal_bsp.a(alt_exit.o)
                0x01019298                _gp = ABSOLUTE ((. + 0x8000))
                0x01019298                PROVIDE (gp, _gp)
 *(.rwdata .rwdata.*)
 *(.sdata .sdata.* .gnu.linkonce.s.*)
 .sdata         0x01011298        0x4 obj/default/Fill.o
                0x01011298                Next
 .sdata         0x0101129c        0x8 c:/altera/13.0sp1/nios2eds/bin/gnu/h-i686-mingw32/bin/../lib/gcc/nios2-elf/4.1.2/../../../../nios2-elf/lib\libc.a(lib_a-impure.o)
                0x0101129c                _impure_ptr
                0x010112a0                _global_impure_ptr
 .sdata         0x010112a4        0x8 c:/altera/13.0sp1/nios2eds/bin/gnu/h-i686-mingw32/bin/../lib/gcc/nios2-elf/4.1.2/../../../../nios2-elf/lib\libc.a(lib_a-locale.o)
                0x010112a4                __mb_cur_max
 .sdata         0x010112ac        0x8 c:/altera/13.0sp1/nios2eds/bin/gnu/h-i686-mingw32/bin/../lib/gcc/nios2-elf/4.1.2/../../../../nios2-elf/lib\libc.a(lib_a-mallocr.o)
                0x010112ac                __malloc_trim_threshold
                0x010112b0                __malloc_sbrk_base
 .sdata         0x010112b4       0x14 ../Exercise1_7_bsp/\libhal_bsp.a(alt_dev.o)
                0x010112b4                alt_fs_list
                0x010112bc                alt_dev_list
                0x010112c4                alt_max_fd
 .sdata         0x010112c8        0x4 ../Exercise1_7_bsp/\libhal_bsp.a(alt_errno.o)
                0x010112c8                alt_errno
 .sdata         0x010112cc        0x4 ../Exercise1_7_bsp/\libhal_bsp.a(alt_sbrk.o)
 .sdata         0x010112d0        0x4 ../Exercise1_7_bsp/\libhal_bsp.a(alt_irq_vars.o)
                0x010112d0                alt_priority_mask
 .sdata         0x010112d4        0x8 ../Exercise1_7_bsp/\libhal_bsp.a(alt_tick.o)
                0x010112d4                alt_alarm_list
 *(.sdata2 .sdata2.* .gnu.linkonce.s2.*)
                0x010112dc                . = ALIGN (0x4)
                0x010112dc                _edata = ABSOLUTE (.)
                0x010112dc                PROVIDE (edata, ABSOLUTE (.))
                0x010112dc                PROVIDE (__ram_rwdata_end, ABSOLUTE (.))
                0x010112dc                PROVIDE (__flash_rwdata_start, LOADADDR (.rwdata))

.bss            0x01012d94     0x222c
                0x01012d94                __bss_start = ABSOLUTE (.)
                0x01012d94                PROVIDE (__sbss_start, ABSOLUTE (.))
                0x01012d94                PROVIDE (___sbss_start, ABSOLUTE (.))
 *(.dynsbss)
 *(.sbss .sbss.* .gnu.linkonce.sb.*)
 .sbss          0x01012d94        0xc c:/altera/13.0sp1/nios2eds/bin/gnu/h-i686-mingw32/bin/../lib/gcc/nios2-elf/4.1.2/../../../../nios2-elf/lib\libc.a(lib_a-locale.o)
                0x01012d94                __nlocale_changed
                0x01012d98                __mlocale_changed
                0x01012d9c                _PathLocale
 .sbss          0x01012da0        0xc c:/altera/13.0sp1/nios2eds/bin/gnu/h-i686-mingw32/bin/../lib/gcc/nios2-elf/4.1.2/../../../../nios2-elf/lib\libc.a(lib_a-mallocr.o)
                0x01012da0                __malloc_top_pad
                0x01012da4                __malloc_max_sbrked_mem
                0x01012da8                __malloc_max_total_mem
 .sbss          0x01012dac        0x4 c:/altera/13.0sp1/nios2eds/bin/gnu/h-i686-mingw32/bin/../lib/gcc/nios2-elf/4.1.2/../../../../nios2-elf/lib\libc.a(lib_a-int_errno.o)
                0x01012dac                errno
 .sbss          0x01012db0        0xc ../Exercise1_7_bsp/\libhal_bsp.a(alt_main.o)
                0x01012db0                alt_argc
                0x01012db4                alt_argv
                0x01012db8                alt_envp
 .sbss          0x01012dbc        0x4 ../Exercise1_7_bsp/\libhal_bsp.a(alt_irq_vars.o)
                0x01012dbc                alt_irq_active
 .sbss          0x01012dc0        0x8 ../Exercise1_7_bsp/\libhal_bsp.a(alt_tick.o)
                0x01012dc0                _alt_tick_rate
                0x01012dc4                _alt_nticks
 *(.sbss2 .sbss2.* .gnu.linkonce.sb2.*)
 *(.scommon)
                0x01012dc8                PROVIDE (__sbss_end, ABSOLUTE (.))
                0x01012dc8                PROVIDE (___sbss_end, ABSOLUTE (.))
 *(.dynbss)
 *(.bss .bss.* .gnu.linkonce.b.*)
 .bss           0x01012dc8        0x0 ../Exercise1_7_bsp//obj/HAL/src/crt0.o
 .bss           0x01012dc8        0x0 obj/default/Bresenhams_Line_Drawing_Algorithm.o
 .bss           0x01012dc8        0x0 obj/default/Fill.o
 .bss           0x01012dc8        0x0 obj/default/OutGraphicsCharFont1.o
 .bss           0x01012dc8        0x0 obj/default/OutGraphicsCharFont2.o
 .bss           0x01012dc8        0x0 obj/default/hello_world.o
 .bss           0x01012dc8        0x0 c:/altera/13.0sp1/nios2eds/bin/gnu/h-i686-mingw32/bin/../lib/gcc/nios2-elf/4.1.2/../../../../nios2-elf/lib\libc.a(lib_a-printf.o)
 .bss           0x01012dc8        0x0 c:/altera/13.0sp1/nios2eds/bin/gnu/h-i686-mingw32/bin/../lib/gcc/nios2-elf/4.1.2/../../../../nios2-elf/lib\libc.a(lib_a-puts.o)
 .bss           0x01012dc8        0x0 c:/altera/13.0sp1/nios2eds/bin/gnu/h-i686-mingw32/bin/../lib/gcc/nios2-elf/4.1.2/../../../../nios2-elf/lib\libc.a(lib_a-strcmp.o)
 .bss           0x01012dc8        0x0 c:/altera/13.0sp1/nios2eds/bin/gnu/h-i686-mingw32/bin/../lib/gcc/nios2-elf/4.1.2/../../../../nios2-elf/lib\libc.a(lib_a-strlen.o)
 .bss           0x01012dc8        0x0 c:/altera/13.0sp1/nios2eds/bin/gnu/h-i686-mingw32/bin/../lib/gcc/nios2-elf/4.1.2/../../../../nios2-elf/lib\libc.a(lib_a-strncpy.o)
 .bss           0x01012dc8        0x0 c:/altera/13.0sp1/nios2eds/bin/gnu/h-i686-mingw32/bin/../lib/gcc/nios2-elf/4.1.2/../../../../nios2-elf/lib\libc.a(lib_a-vfprintf.o)
 .bss           0x01012dc8        0x0 c:/altera/13.0sp1/nios2eds/bin/gnu/h-i686-mingw32/bin/../lib/gcc/nios2-elf/4.1.2/../../../../nios2-elf/lib\libc.a(lib_a-wsetup.o)
 .bss           0x01012dc8        0x0 c:/altera/13.0sp1/nios2eds/bin/gnu/h-i686-mingw32/bin/../lib/gcc/nios2-elf/4.1.2/../../../../nios2-elf/lib\libc.a(lib_a-dtoa.o)
 .bss           0x01012dc8        0x0 c:/altera/13.0sp1/nios2eds/bin/gnu/h-i686-mingw32/bin/../lib/gcc/nios2-elf/4.1.2/../../../../nios2-elf/lib\libc.a(lib_a-fflush.o)
 .bss           0x01012dc8        0x0 c:/altera/13.0sp1/nios2eds/bin/gnu/h-i686-mingw32/bin/../lib/gcc/nios2-elf/4.1.2/../../../../nios2-elf/lib\libc.a(lib_a-findfp.o)
 .bss           0x01012dc8        0x0 c:/altera/13.0sp1/nios2eds/bin/gnu/h-i686-mingw32/bin/../lib/gcc/nios2-elf/4.1.2/../../../../nios2-elf/lib\libc.a(lib_a-freer.o)
 .bss           0x01012dc8        0x0 c:/altera/13.0sp1/nios2eds/bin/gnu/h-i686-mingw32/bin/../lib/gcc/nios2-elf/4.1.2/../../../../nios2-elf/lib\libc.a(lib_a-fvwrite.o)
 .bss           0x01012dc8        0x0 c:/altera/13.0sp1/nios2eds/bin/gnu/h-i686-mingw32/bin/../lib/gcc/nios2-elf/4.1.2/../../../../nios2-elf/lib\libc.a(lib_a-fwalk.o)
 .bss           0x01012dc8        0x0 c:/altera/13.0sp1/nios2eds/bin/gnu/h-i686-mingw32/bin/../lib/gcc/nios2-elf/4.1.2/../../../../nios2-elf/lib\libc.a(lib_a-impure.o)
 .bss           0x01012dc8        0x0 c:/altera/13.0sp1/nios2eds/bin/gnu/h-i686-mingw32/bin/../lib/gcc/nios2-elf/4.1.2/../../../../nios2-elf/lib\libc.a(lib_a-locale.o)
 .bss           0x01012dc8        0x0 c:/altera/13.0sp1/nios2eds/bin/gnu/h-i686-mingw32/bin/../lib/gcc/nios2-elf/4.1.2/../../../../nios2-elf/lib\libc.a(lib_a-makebuf.o)
 .bss           0x01012dc8       0x28 c:/altera/13.0sp1/nios2eds/bin/gnu/h-i686-mingw32/bin/../lib/gcc/nios2-elf/4.1.2/../../../../nios2-elf/lib\libc.a(lib_a-mallocr.o)
                0x01012dc8                __malloc_current_mallinfo
 .bss           0x01012df0        0x0 c:/altera/13.0sp1/nios2eds/bin/gnu/h-i686-mingw32/bin/../lib/gcc/nios2-elf/4.1.2/../../../../nios2-elf/lib\libc.a(lib_a-memchr.o)
 .bss           0x01012df0        0x0 c:/altera/13.0sp1/nios2eds/bin/gnu/h-i686-mingw32/bin/../lib/gcc/nios2-elf/4.1.2/../../../../nios2-elf/lib\libc.a(lib_a-memcpy.o)
 .bss           0x01012df0        0x0 c:/altera/13.0sp1/nios2eds/bin/gnu/h-i686-mingw32/bin/../lib/gcc/nios2-elf/4.1.2/../../../../nios2-elf/lib\libc.a(lib_a-memmove.o)
 .bss           0x01012df0        0x0 c:/altera/13.0sp1/nios2eds/bin/gnu/h-i686-mingw32/bin/../lib/gcc/nios2-elf/4.1.2/../../../../nios2-elf/lib\libc.a(lib_a-memset.o)
 .bss           0x01012df0        0x0 c:/altera/13.0sp1/nios2eds/bin/gnu/h-i686-mingw32/bin/../lib/gcc/nios2-elf/4.1.2/../../../../nios2-elf/lib\libc.a(lib_a-mprec.o)
 .bss           0x01012df0        0x0 c:/altera/13.0sp1/nios2eds/bin/gnu/h-i686-mingw32/bin/../lib/gcc/nios2-elf/4.1.2/../../../../nios2-elf/lib\libc.a(lib_a-reallocr.o)
 .bss           0x01012df0        0x0 c:/altera/13.0sp1/nios2eds/bin/gnu/h-i686-mingw32/bin/../lib/gcc/nios2-elf/4.1.2/../../../../nios2-elf/lib\libc.a(lib_a-s_isinfd.o)
 .bss           0x01012df0        0x0 c:/altera/13.0sp1/nios2eds/bin/gnu/h-i686-mingw32/bin/../lib/gcc/nios2-elf/4.1.2/../../../../nios2-elf/lib\libc.a(lib_a-s_isnand.o)
 .bss           0x01012df0        0x0 c:/altera/13.0sp1/nios2eds/bin/gnu/h-i686-mingw32/bin/../lib/gcc/nios2-elf/4.1.2/../../../../nios2-elf/lib\libc.a(lib_a-sbrkr.o)
 .bss           0x01012df0        0x0 c:/altera/13.0sp1/nios2eds/bin/gnu/h-i686-mingw32/bin/../lib/gcc/nios2-elf/4.1.2/../../../../nios2-elf/lib\libc.a(lib_a-stdio.o)
 .bss           0x01012df0        0x0 c:/altera/13.0sp1/nios2eds/bin/gnu/h-i686-mingw32/bin/../lib/gcc/nios2-elf/4.1.2/../../../../nios2-elf/lib\libc.a(lib_a-writer.o)
 .bss           0x01012df0        0x0 c:/altera/13.0sp1/nios2eds/bin/gnu/h-i686-mingw32/bin/../lib/gcc/nios2-elf/4.1.2/../../../../nios2-elf/lib\libc.a(lib_a-callocr.o)
 .bss           0x01012df0        0x0 c:/altera/13.0sp1/nios2eds/bin/gnu/h-i686-mingw32/bin/../lib/gcc/nios2-elf/4.1.2/../../../../nios2-elf/lib\libc.a(lib_a-closer.o)
 .bss           0x01012df0        0x0 c:/altera/13.0sp1/nios2eds/bin/gnu/h-i686-mingw32/bin/../lib/gcc/nios2-elf/4.1.2/../../../../nios2-elf/lib\libc.a(lib_a-fclose.o)
 .bss           0x01012df0        0x0 c:/altera/13.0sp1/nios2eds/bin/gnu/h-i686-mingw32/bin/../lib/gcc/nios2-elf/4.1.2/../../../../nios2-elf/lib\libc.a(lib_a-fstatr.o)
 .bss           0x01012df0        0x0 c:/altera/13.0sp1/nios2eds/bin/gnu/h-i686-mingw32/bin/../lib/gcc/nios2-elf/4.1.2/../../../../nios2-elf/lib\libc.a(lib_a-int_errno.o)
 .bss           0x01012df0        0x0 c:/altera/13.0sp1/nios2eds/bin/gnu/h-i686-mingw32/bin/../lib/gcc/nios2-elf/4.1.2/../../../../nios2-elf/lib\libc.a(lib_a-isattyr.o)
 .bss           0x01012df0        0x0 c:/altera/13.0sp1/nios2eds/bin/gnu/h-i686-mingw32/bin/../lib/gcc/nios2-elf/4.1.2/../../../../nios2-elf/lib\libc.a(lib_a-lseekr.o)
 .bss           0x01012df0        0x0 c:/altera/13.0sp1/nios2eds/bin/gnu/h-i686-mingw32/bin/../lib/gcc/nios2-elf/4.1.2/../../../../nios2-elf/lib\libc.a(lib_a-readr.o)
 .bss           0x01012df0        0x0 c:/altera/13.0sp1/nios2eds/bin/gnu/h-i686-mingw32/bin/../lib/gcc/nios2-elf/4.1.2\libgcc.a(_udivdi3.o)
 .bss           0x01012df0        0x0 c:/altera/13.0sp1/nios2eds/bin/gnu/h-i686-mingw32/bin/../lib/gcc/nios2-elf/4.1.2\libgcc.a(_umoddi3.o)
 .bss           0x01012df0        0x0 c:/altera/13.0sp1/nios2eds/bin/gnu/h-i686-mingw32/bin/../lib/gcc/nios2-elf/4.1.2\libgcc.a(_addsub_df.o)
 .bss           0x01012df0        0x0 c:/altera/13.0sp1/nios2eds/bin/gnu/h-i686-mingw32/bin/../lib/gcc/nios2-elf/4.1.2\libgcc.a(_mul_df.o)
 .bss           0x01012df0        0x0 c:/altera/13.0sp1/nios2eds/bin/gnu/h-i686-mingw32/bin/../lib/gcc/nios2-elf/4.1.2\libgcc.a(_div_df.o)
 .bss           0x01012df0        0x0 c:/altera/13.0sp1/nios2eds/bin/gnu/h-i686-mingw32/bin/../lib/gcc/nios2-elf/4.1.2\libgcc.a(_eq_df.o)
 .bss           0x01012df0        0x0 c:/altera/13.0sp1/nios2eds/bin/gnu/h-i686-mingw32/bin/../lib/gcc/nios2-elf/4.1.2\libgcc.a(_ne_df.o)
 .bss           0x01012df0        0x0 c:/altera/13.0sp1/nios2eds/bin/gnu/h-i686-mingw32/bin/../lib/gcc/nios2-elf/4.1.2\libgcc.a(_gt_df.o)
 .bss           0x01012df0        0x0 c:/altera/13.0sp1/nios2eds/bin/gnu/h-i686-mingw32/bin/../lib/gcc/nios2-elf/4.1.2\libgcc.a(_ge_df.o)
 .bss           0x01012df0        0x0 c:/altera/13.0sp1/nios2eds/bin/gnu/h-i686-mingw32/bin/../lib/gcc/nios2-elf/4.1.2\libgcc.a(_lt_df.o)
 .bss           0x01012df0        0x0 c:/altera/13.0sp1/nios2eds/bin/gnu/h-i686-mingw32/bin/../lib/gcc/nios2-elf/4.1.2\libgcc.a(_si_to_df.o)
 .bss           0x01012df0        0x0 c:/altera/13.0sp1/nios2eds/bin/gnu/h-i686-mingw32/bin/../lib/gcc/nios2-elf/4.1.2\libgcc.a(_df_to_si.o)
 .bss           0x01012df0        0x0 c:/altera/13.0sp1/nios2eds/bin/gnu/h-i686-mingw32/bin/../lib/gcc/nios2-elf/4.1.2\libgcc.a(_thenan_df.o)
 .bss           0x01012df0        0x0 c:/altera/13.0sp1/nios2eds/bin/gnu/h-i686-mingw32/bin/../lib/gcc/nios2-elf/4.1.2\libgcc.a(_usi_to_df.o)
 .bss           0x01012df0        0x0 c:/altera/13.0sp1/nios2eds/bin/gnu/h-i686-mingw32/bin/../lib/gcc/nios2-elf/4.1.2\libgcc.a(lib2-divmod.o)
 .bss           0x01012df0        0x0 c:/altera/13.0sp1/nios2eds/bin/gnu/h-i686-mingw32/bin/../lib/gcc/nios2-elf/4.1.2\libgcc.a(_muldi3.o)
 .bss           0x01012df0        0x0 c:/altera/13.0sp1/nios2eds/bin/gnu/h-i686-mingw32/bin/../lib/gcc/nios2-elf/4.1.2\libgcc.a(_clz.o)
 .bss           0x01012df0        0x0 c:/altera/13.0sp1/nios2eds/bin/gnu/h-i686-mingw32/bin/../lib/gcc/nios2-elf/4.1.2\libgcc.a(_clzsi2.o)
 .bss           0x01012df0        0x0 c:/altera/13.0sp1/nios2eds/bin/gnu/h-i686-mingw32/bin/../lib/gcc/nios2-elf/4.1.2\libgcc.a(_pack_df.o)
 .bss           0x01012df0        0x0 c:/altera/13.0sp1/nios2eds/bin/gnu/h-i686-mingw32/bin/../lib/gcc/nios2-elf/4.1.2\libgcc.a(_unpack_df.o)
 .bss           0x01012df0        0x0 c:/altera/13.0sp1/nios2eds/bin/gnu/h-i686-mingw32/bin/../lib/gcc/nios2-elf/4.1.2\libgcc.a(_fpcmp_parts_df.o)
 .bss           0x01012df0        0x0 ../Exercise1_7_bsp/\libhal_bsp.a(alt_close.o)
 .bss           0x01012df0        0x0 ../Exercise1_7_bsp/\libhal_bsp.a(alt_dev.o)
 .bss           0x01012df0        0x0 ../Exercise1_7_bsp/\libhal_bsp.a(alt_errno.o)
 .bss           0x01012df0        0x0 ../Exercise1_7_bsp/\libhal_bsp.a(alt_fstat.o)
 .bss           0x01012df0        0x0 ../Exercise1_7_bsp/\libhal_bsp.a(alt_isatty.o)
 .bss           0x01012df0        0x0 ../Exercise1_7_bsp/\libhal_bsp.a(alt_load.o)
 .bss           0x01012df0        0x0 ../Exercise1_7_bsp/\libhal_bsp.a(alt_lseek.o)
 .bss           0x01012df0        0x0 ../Exercise1_7_bsp/\libhal_bsp.a(alt_main.o)
 .bss           0x01012df0        0x0 ../Exercise1_7_bsp/\libhal_bsp.a(alt_malloc_lock.o)
 .bss           0x01012df0        0x0 ../Exercise1_7_bsp/\libhal_bsp.a(alt_printf.o)
 .bss           0x01012df0        0x0 ../Exercise1_7_bsp/\libhal_bsp.a(alt_putchar.o)
 .bss           0x01012df0        0x0 ../Exercise1_7_bsp/\libhal_bsp.a(alt_read.o)
 .bss           0x01012df0        0x0 ../Exercise1_7_bsp/\libhal_bsp.a(alt_release_fd.o)
 .bss           0x01012df0        0x0 ../Exercise1_7_bsp/\libhal_bsp.a(alt_sbrk.o)
 .bss           0x01012df0        0x0 ../Exercise1_7_bsp/\libhal_bsp.a(alt_write.o)
 .bss           0x01012df0        0x0 ../Exercise1_7_bsp/\libhal_bsp.a(alt_sys_init.o)
 .bss           0x01012df0        0x0 ../Exercise1_7_bsp/\libhal_bsp.a(altera_avalon_jtag_uart_fd.o)
 .bss           0x01012df0        0x0 ../Exercise1_7_bsp/\libhal_bsp.a(altera_avalon_jtag_uart_init.o)
 .bss           0x01012df0        0x0 ../Exercise1_7_bsp/\libhal_bsp.a(altera_avalon_jtag_uart_ioctl.o)
 .bss           0x01012df0        0x0 ../Exercise1_7_bsp/\libhal_bsp.a(altera_avalon_jtag_uart_read.o)
 .bss           0x01012df0        0x0 ../Exercise1_7_bsp/\libhal_bsp.a(altera_avalon_jtag_uart_write.o)
 .bss           0x01012df0        0x0 ../Exercise1_7_bsp/\libhal_bsp.a(altera_avalon_timer_sc.o)
 .bss           0x01012df0        0x0 ../Exercise1_7_bsp/\libhal_bsp.a(altera_up_avalon_character_lcd.o)
 .bss           0x01012df0        0x0 ../Exercise1_7_bsp/\libhal_bsp.a(altera_up_avalon_rs232.o)
 .bss           0x01012df0        0x0 ../Exercise1_7_bsp/\libhal_bsp.a(alt_alarm_start.o)
 .bss           0x01012df0        0x0 ../Exercise1_7_bsp/\libhal_bsp.a(alt_dcache_flush_all.o)
 .bss           0x01012df0        0x0 ../Exercise1_7_bsp/\libhal_bsp.a(alt_dev_llist_insert.o)
 .bss           0x01012df0        0x0 ../Exercise1_7_bsp/\libhal_bsp.a(alt_do_ctors.o)
 .bss           0x01012df0        0x0 ../Exercise1_7_bsp/\libhal_bsp.a(alt_do_dtors.o)
 .bss           0x01012df0        0x0 ../Exercise1_7_bsp/\libhal_bsp.a(alt_find_dev.o)
 .bss           0x01012df0        0x0 ../Exercise1_7_bsp/\libhal_bsp.a(alt_icache_flush_all.o)
 .bss           0x01012df0        0x0 ../Exercise1_7_bsp/\libhal_bsp.a(alt_io_redirect.o)
 .bss           0x01012df0        0x0 ../Exercise1_7_bsp/\libhal_bsp.a(alt_irq_register.o)
 .bss           0x01012df0        0x0 ../Exercise1_7_bsp/\libhal_bsp.a(alt_irq_vars.o)
 .bss           0x01012df0        0x0 ../Exercise1_7_bsp/\libhal_bsp.a(alt_open.o)
 .bss           0x01012df0        0x0 ../Exercise1_7_bsp/\libhal_bsp.a(alt_tick.o)
 .bss           0x01012df0        0x0 ../Exercise1_7_bsp/\libhal_bsp.a(altera_nios2_qsys_irq.o)
 .bss           0x01012df0        0x0 ../Exercise1_7_bsp/\libhal_bsp.a(alt_find_file.o)
 .bss           0x01012df0        0x0 ../Exercise1_7_bsp/\libhal_bsp.a(alt_get_fd.o)
 .bss           0x01012df0        0x0 ../Exercise1_7_bsp/\libhal_bsp.a(alt_icache_flush.o)
 .bss           0x01012df0        0x0 ../Exercise1_7_bsp/\libhal_bsp.a(alt_irq_entry.o)
 .bss           0x01012df0        0x0 ../Exercise1_7_bsp/\libhal_bsp.a(alt_irq_handler.o)
 .bss           0x01012df0        0x0 ../Exercise1_7_bsp/\libhal_bsp.a(alt_exception_entry.o)
 .bss           0x01012df0        0x0 c:/altera/13.0sp1/nios2eds/bin/gnu/h-i686-mingw32/bin/../lib/gcc/nios2-elf/4.1.2/../../../../nios2-elf/lib\libc.a(lib_a-atexit.o)
 .bss           0x01012df0        0x0 c:/altera/13.0sp1/nios2eds/bin/gnu/h-i686-mingw32/bin/../lib/gcc/nios2-elf/4.1.2/../../../../nios2-elf/lib\libc.a(lib_a-exit.o)
 .bss           0x01012df0        0x0 c:/altera/13.0sp1/nios2eds/bin/gnu/h-i686-mingw32/bin/../lib/gcc/nios2-elf/4.1.2/../../../../nios2-elf/lib\libc.a(lib_a-memcmp.o)
 .bss           0x01012df0        0x0 c:/altera/13.0sp1/nios2eds/bin/gnu/h-i686-mingw32/bin/../lib/gcc/nios2-elf/4.1.2/../../../../nios2-elf/lib\libc.a(lib_a-putc.o)
 .bss           0x01012df0        0x0 c:/altera/13.0sp1/nios2eds/bin/gnu/h-i686-mingw32/bin/../lib/gcc/nios2-elf/4.1.2/../../../../nios2-elf/lib\libc.a(lib_a-wbuf.o)
 .bss           0x01012df0        0x0 c:/altera/13.0sp1/nios2eds/bin/gnu/h-i686-mingw32/bin/../lib/gcc/nios2-elf/4.1.2/../../../../nios2-elf/lib\libc.a(lib_a-__atexit.o)
 .bss           0x01012df0        0x0 c:/altera/13.0sp1/nios2eds/bin/gnu/h-i686-mingw32/bin/../lib/gcc/nios2-elf/4.1.2/../../../../nios2-elf/lib\libc.a(lib_a-__call_atexit.o)
 .bss           0x01012df0        0x0 ../Exercise1_7_bsp/\libhal_bsp.a(alt_exit.o)
 *(COMMON)
 COMMON         0x01012df0     0x1f40 obj/default/Fill.o
                0x01012df0                XYStack
 COMMON         0x01014d30      0x100 ../Exercise1_7_bsp/\libhal_bsp.a(alt_irq_handler.o)
                0x01014d30                alt_irq
 COMMON         0x01014e30      0x190 c:/altera/13.0sp1/nios2eds/bin/gnu/h-i686-mingw32/bin/../lib/gcc/nios2-elf/4.1.2/../../../../nios2-elf/lib\libc.a(lib_a-atexit.o)
                0x01014e30                _atexit0
                0x01014fc0                . = ALIGN (0x4)
                0x01014fc0                __bss_end = ABSOLUTE (.)

.onchip_memory2_0
                0x00000000        0x0 load address 0x01014fc0
                0x00000000                PROVIDE (_alt_partition_onchip_memory2_0_start, ABSOLUTE (.))
 *(.onchip_memory2_0. onchip_memory2_0.*)
                0x00000000                . = ALIGN (0x4)
                0x00000000                PROVIDE (_alt_partition_onchip_memory2_0_end, ABSOLUTE (.))
                0x01014fc0                PROVIDE (_alt_partition_onchip_memory2_0_load_addr, LOADADDR (.onchip_memory2_0))

.new_sdram_controller_0
                0x01014fc0        0x0
                0x01014fc0                PROVIDE (_alt_partition_new_sdram_controller_0_start, ABSOLUTE (.))
 *(.new_sdram_controller_0. new_sdram_controller_0.*)
                0x01014fc0                . = ALIGN (0x4)
                0x01014fc0                PROVIDE (_alt_partition_new_sdram_controller_0_end, ABSOLUTE (.))
                0x01014fc0                _end = ABSOLUTE (.)
                0x01014fc0                end = ABSOLUTE (.)
                0x01014fc0                __alt_stack_base = ABSOLUTE (.)
                0x01014fc0                PROVIDE (_alt_partition_new_sdram_controller_0_load_addr, LOADADDR (.new_sdram_controller_0))

.stab
 *(.stab)

.stabstr
 *(.stabstr)

.stab.excl
 *(.stab.excl)

.stab.exclstr
 *(.stab.exclstr)

.stab.index
 *(.stab.index)

.stab.indexstr
 *(.stab.indexstr)

.comment        0x00000000       0x26
 *(.comment)
 .comment       0x00000000       0x26 obj/default/Bresenhams_Line_Drawing_Algorithm.o
                                 0x27 (size before relaxing)
 .comment       0x00000000       0x27 obj/default/Fill.o
 .comment       0x00000000       0x27 obj/default/OutGraphicsCharFont1.o
 .comment       0x00000000       0x27 obj/default/OutGraphicsCharFont2.o
 .comment       0x00000000       0x27 obj/default/hello_world.o
 .comment       0x00000000       0x27 c:/altera/13.0sp1/nios2eds/bin/gnu/h-i686-mingw32/bin/../lib/gcc/nios2-elf/4.1.2/../../../../nios2-elf/lib\libc.a(lib_a-printf.o)
 .comment       0x00000000       0x27 c:/altera/13.0sp1/nios2eds/bin/gnu/h-i686-mingw32/bin/../lib/gcc/nios2-elf/4.1.2/../../../../nios2-elf/lib\libc.a(lib_a-puts.o)
 .comment       0x00000000       0x27 c:/altera/13.0sp1/nios2eds/bin/gnu/h-i686-mingw32/bin/../lib/gcc/nios2-elf/4.1.2/../../../../nios2-elf/lib\libc.a(lib_a-strcmp.o)
 .comment       0x00000000       0x27 c:/altera/13.0sp1/nios2eds/bin/gnu/h-i686-mingw32/bin/../lib/gcc/nios2-elf/4.1.2/../../../../nios2-elf/lib\libc.a(lib_a-strlen.o)
 .comment       0x00000000       0x27 c:/altera/13.0sp1/nios2eds/bin/gnu/h-i686-mingw32/bin/../lib/gcc/nios2-elf/4.1.2/../../../../nios2-elf/lib\libc.a(lib_a-strncpy.o)
 .comment       0x00000000       0x27 c:/altera/13.0sp1/nios2eds/bin/gnu/h-i686-mingw32/bin/../lib/gcc/nios2-elf/4.1.2/../../../../nios2-elf/lib\libc.a(lib_a-vfprintf.o)
 .comment       0x00000000       0x27 c:/altera/13.0sp1/nios2eds/bin/gnu/h-i686-mingw32/bin/../lib/gcc/nios2-elf/4.1.2/../../../../nios2-elf/lib\libc.a(lib_a-wsetup.o)
 .comment       0x00000000       0x27 c:/altera/13.0sp1/nios2eds/bin/gnu/h-i686-mingw32/bin/../lib/gcc/nios2-elf/4.1.2/../../../../nios2-elf/lib\libc.a(lib_a-dtoa.o)
 .comment       0x00000000       0x27 c:/altera/13.0sp1/nios2eds/bin/gnu/h-i686-mingw32/bin/../lib/gcc/nios2-elf/4.1.2/../../../../nios2-elf/lib\libc.a(lib_a-fflush.o)
 .comment       0x00000000       0x27 c:/altera/13.0sp1/nios2eds/bin/gnu/h-i686-mingw32/bin/../lib/gcc/nios2-elf/4.1.2/../../../../nios2-elf/lib\libc.a(lib_a-findfp.o)
 .comment       0x00000000       0x27 c:/altera/13.0sp1/nios2eds/bin/gnu/h-i686-mingw32/bin/../lib/gcc/nios2-elf/4.1.2/../../../../nios2-elf/lib\libc.a(lib_a-freer.o)
 .comment       0x00000000       0x27 c:/altera/13.0sp1/nios2eds/bin/gnu/h-i686-mingw32/bin/../lib/gcc/nios2-elf/4.1.2/../../../../nios2-elf/lib\libc.a(lib_a-fvwrite.o)
 .comment       0x00000000       0x27 c:/altera/13.0sp1/nios2eds/bin/gnu/h-i686-mingw32/bin/../lib/gcc/nios2-elf/4.1.2/../../../../nios2-elf/lib\libc.a(lib_a-fwalk.o)
 .comment       0x00000000       0x27 c:/altera/13.0sp1/nios2eds/bin/gnu/h-i686-mingw32/bin/../lib/gcc/nios2-elf/4.1.2/../../../../nios2-elf/lib\libc.a(lib_a-impure.o)
 .comment       0x00000000       0x27 c:/altera/13.0sp1/nios2eds/bin/gnu/h-i686-mingw32/bin/../lib/gcc/nios2-elf/4.1.2/../../../../nios2-elf/lib\libc.a(lib_a-locale.o)
 .comment       0x00000000       0x27 c:/altera/13.0sp1/nios2eds/bin/gnu/h-i686-mingw32/bin/../lib/gcc/nios2-elf/4.1.2/../../../../nios2-elf/lib\libc.a(lib_a-makebuf.o)
 .comment       0x00000000       0x27 c:/altera/13.0sp1/nios2eds/bin/gnu/h-i686-mingw32/bin/../lib/gcc/nios2-elf/4.1.2/../../../../nios2-elf/lib\libc.a(lib_a-mallocr.o)
 .comment       0x00000000       0x27 c:/altera/13.0sp1/nios2eds/bin/gnu/h-i686-mingw32/bin/../lib/gcc/nios2-elf/4.1.2/../../../../nios2-elf/lib\libc.a(lib_a-memchr.o)
 .comment       0x00000000       0x27 c:/altera/13.0sp1/nios2eds/bin/gnu/h-i686-mingw32/bin/../lib/gcc/nios2-elf/4.1.2/../../../../nios2-elf/lib\libc.a(lib_a-memcpy.o)
 .comment       0x00000000       0x27 c:/altera/13.0sp1/nios2eds/bin/gnu/h-i686-mingw32/bin/../lib/gcc/nios2-elf/4.1.2/../../../../nios2-elf/lib\libc.a(lib_a-memmove.o)
 .comment       0x00000000       0x27 c:/altera/13.0sp1/nios2eds/bin/gnu/h-i686-mingw32/bin/../lib/gcc/nios2-elf/4.1.2/../../../../nios2-elf/lib\libc.a(lib_a-memset.o)
 .comment       0x00000000       0x27 c:/altera/13.0sp1/nios2eds/bin/gnu/h-i686-mingw32/bin/../lib/gcc/nios2-elf/4.1.2/../../../../nios2-elf/lib\libc.a(lib_a-mprec.o)
 .comment       0x00000000       0x27 c:/altera/13.0sp1/nios2eds/bin/gnu/h-i686-mingw32/bin/../lib/gcc/nios2-elf/4.1.2/../../../../nios2-elf/lib\libc.a(lib_a-reallocr.o)
 .comment       0x00000000       0x27 c:/altera/13.0sp1/nios2eds/bin/gnu/h-i686-mingw32/bin/../lib/gcc/nios2-elf/4.1.2/../../../../nios2-elf/lib\libc.a(lib_a-s_isinfd.o)
 .comment       0x00000000       0x27 c:/altera/13.0sp1/nios2eds/bin/gnu/h-i686-mingw32/bin/../lib/gcc/nios2-elf/4.1.2/../../../../nios2-elf/lib\libc.a(lib_a-s_isnand.o)
 .comment       0x00000000       0x27 c:/altera/13.0sp1/nios2eds/bin/gnu/h-i686-mingw32/bin/../lib/gcc/nios2-elf/4.1.2/../../../../nios2-elf/lib\libc.a(lib_a-sbrkr.o)
 .comment       0x00000000       0x27 c:/altera/13.0sp1/nios2eds/bin/gnu/h-i686-mingw32/bin/../lib/gcc/nios2-elf/4.1.2/../../../../nios2-elf/lib\libc.a(lib_a-stdio.o)
 .comment       0x00000000       0x27 c:/altera/13.0sp1/nios2eds/bin/gnu/h-i686-mingw32/bin/../lib/gcc/nios2-elf/4.1.2/../../../../nios2-elf/lib\libc.a(lib_a-writer.o)
 .comment       0x00000000       0x27 c:/altera/13.0sp1/nios2eds/bin/gnu/h-i686-mingw32/bin/../lib/gcc/nios2-elf/4.1.2/../../../../nios2-elf/lib\libc.a(lib_a-callocr.o)
 .comment       0x00000000       0x27 c:/altera/13.0sp1/nios2eds/bin/gnu/h-i686-mingw32/bin/../lib/gcc/nios2-elf/4.1.2/../../../../nios2-elf/lib\libc.a(lib_a-closer.o)
 .comment       0x00000000       0x27 c:/altera/13.0sp1/nios2eds/bin/gnu/h-i686-mingw32/bin/../lib/gcc/nios2-elf/4.1.2/../../../../nios2-elf/lib\libc.a(lib_a-fclose.o)
 .comment       0x00000000       0x27 c:/altera/13.0sp1/nios2eds/bin/gnu/h-i686-mingw32/bin/../lib/gcc/nios2-elf/4.1.2/../../../../nios2-elf/lib\libc.a(lib_a-fstatr.o)
 .comment       0x00000000       0x27 c:/altera/13.0sp1/nios2eds/bin/gnu/h-i686-mingw32/bin/../lib/gcc/nios2-elf/4.1.2/../../../../nios2-elf/lib\libc.a(lib_a-int_errno.o)
 .comment       0x00000000       0x27 c:/altera/13.0sp1/nios2eds/bin/gnu/h-i686-mingw32/bin/../lib/gcc/nios2-elf/4.1.2/../../../../nios2-elf/lib\libc.a(lib_a-isattyr.o)
 .comment       0x00000000       0x27 c:/altera/13.0sp1/nios2eds/bin/gnu/h-i686-mingw32/bin/../lib/gcc/nios2-elf/4.1.2/../../../../nios2-elf/lib\libc.a(lib_a-lseekr.o)
 .comment       0x00000000       0x27 c:/altera/13.0sp1/nios2eds/bin/gnu/h-i686-mingw32/bin/../lib/gcc/nios2-elf/4.1.2/../../../../nios2-elf/lib\libc.a(lib_a-readr.o)
 .comment       0x00000000       0x27 c:/altera/13.0sp1/nios2eds/bin/gnu/h-i686-mingw32/bin/../lib/gcc/nios2-elf/4.1.2\libgcc.a(_udivdi3.o)
 .comment       0x00000000       0x27 c:/altera/13.0sp1/nios2eds/bin/gnu/h-i686-mingw32/bin/../lib/gcc/nios2-elf/4.1.2\libgcc.a(_umoddi3.o)
 .comment       0x00000000       0x27 c:/altera/13.0sp1/nios2eds/bin/gnu/h-i686-mingw32/bin/../lib/gcc/nios2-elf/4.1.2\libgcc.a(_addsub_df.o)
 .comment       0x00000000       0x27 c:/altera/13.0sp1/nios2eds/bin/gnu/h-i686-mingw32/bin/../lib/gcc/nios2-elf/4.1.2\libgcc.a(_mul_df.o)
 .comment       0x00000000       0x27 c:/altera/13.0sp1/nios2eds/bin/gnu/h-i686-mingw32/bin/../lib/gcc/nios2-elf/4.1.2\libgcc.a(_div_df.o)
 .comment       0x00000000       0x27 c:/altera/13.0sp1/nios2eds/bin/gnu/h-i686-mingw32/bin/../lib/gcc/nios2-elf/4.1.2\libgcc.a(_eq_df.o)
 .comment       0x00000000       0x27 c:/altera/13.0sp1/nios2eds/bin/gnu/h-i686-mingw32/bin/../lib/gcc/nios2-elf/4.1.2\libgcc.a(_ne_df.o)
 .comment       0x00000000       0x27 c:/altera/13.0sp1/nios2eds/bin/gnu/h-i686-mingw32/bin/../lib/gcc/nios2-elf/4.1.2\libgcc.a(_gt_df.o)
 .comment       0x00000000       0x27 c:/altera/13.0sp1/nios2eds/bin/gnu/h-i686-mingw32/bin/../lib/gcc/nios2-elf/4.1.2\libgcc.a(_ge_df.o)
 .comment       0x00000000       0x27 c:/altera/13.0sp1/nios2eds/bin/gnu/h-i686-mingw32/bin/../lib/gcc/nios2-elf/4.1.2\libgcc.a(_lt_df.o)
 .comment       0x00000000       0x27 c:/altera/13.0sp1/nios2eds/bin/gnu/h-i686-mingw32/bin/../lib/gcc/nios2-elf/4.1.2\libgcc.a(_si_to_df.o)
 .comment       0x00000000       0x27 c:/altera/13.0sp1/nios2eds/bin/gnu/h-i686-mingw32/bin/../lib/gcc/nios2-elf/4.1.2\libgcc.a(_df_to_si.o)
 .comment       0x00000000       0x27 c:/altera/13.0sp1/nios2eds/bin/gnu/h-i686-mingw32/bin/../lib/gcc/nios2-elf/4.1.2\libgcc.a(_thenan_df.o)
 .comment       0x00000000       0x27 c:/altera/13.0sp1/nios2eds/bin/gnu/h-i686-mingw32/bin/../lib/gcc/nios2-elf/4.1.2\libgcc.a(_usi_to_df.o)
 .comment       0x00000000       0x27 c:/altera/13.0sp1/nios2eds/bin/gnu/h-i686-mingw32/bin/../lib/gcc/nios2-elf/4.1.2\libgcc.a(lib2-divmod.o)
 .comment       0x00000000       0x27 c:/altera/13.0sp1/nios2eds/bin/gnu/h-i686-mingw32/bin/../lib/gcc/nios2-elf/4.1.2\libgcc.a(_muldi3.o)
 .comment       0x00000000       0x27 c:/altera/13.0sp1/nios2eds/bin/gnu/h-i686-mingw32/bin/../lib/gcc/nios2-elf/4.1.2\libgcc.a(_clz.o)
 .comment       0x00000000       0x27 c:/altera/13.0sp1/nios2eds/bin/gnu/h-i686-mingw32/bin/../lib/gcc/nios2-elf/4.1.2\libgcc.a(_clzsi2.o)
 .comment       0x00000000       0x27 c:/altera/13.0sp1/nios2eds/bin/gnu/h-i686-mingw32/bin/../lib/gcc/nios2-elf/4.1.2\libgcc.a(_pack_df.o)
 .comment       0x00000000       0x27 c:/altera/13.0sp1/nios2eds/bin/gnu/h-i686-mingw32/bin/../lib/gcc/nios2-elf/4.1.2\libgcc.a(_unpack_df.o)
 .comment       0x00000000       0x27 c:/altera/13.0sp1/nios2eds/bin/gnu/h-i686-mingw32/bin/../lib/gcc/nios2-elf/4.1.2\libgcc.a(_fpcmp_parts_df.o)
 .comment       0x00000000       0x27 ../Exercise1_7_bsp/\libhal_bsp.a(alt_close.o)
 .comment       0x00000000       0x27 ../Exercise1_7_bsp/\libhal_bsp.a(alt_dev.o)
 .comment       0x00000000       0x27 ../Exercise1_7_bsp/\libhal_bsp.a(alt_errno.o)
 .comment       0x00000000       0x27 ../Exercise1_7_bsp/\libhal_bsp.a(alt_fstat.o)
 .comment       0x00000000       0x27 ../Exercise1_7_bsp/\libhal_bsp.a(alt_isatty.o)
 .comment       0x00000000       0x27 ../Exercise1_7_bsp/\libhal_bsp.a(alt_load.o)
 .comment       0x00000000       0x27 ../Exercise1_7_bsp/\libhal_bsp.a(alt_lseek.o)
 .comment       0x00000000       0x27 ../Exercise1_7_bsp/\libhal_bsp.a(alt_main.o)
 .comment       0x00000000       0x27 ../Exercise1_7_bsp/\libhal_bsp.a(alt_malloc_lock.o)
 .comment       0x00000000       0x27 ../Exercise1_7_bsp/\libhal_bsp.a(alt_printf.o)
 .comment       0x00000000       0x27 ../Exercise1_7_bsp/\libhal_bsp.a(alt_putchar.o)
 .comment       0x00000000       0x27 ../Exercise1_7_bsp/\libhal_bsp.a(alt_read.o)
 .comment       0x00000000       0x27 ../Exercise1_7_bsp/\libhal_bsp.a(alt_release_fd.o)
 .comment       0x00000000       0x27 ../Exercise1_7_bsp/\libhal_bsp.a(alt_sbrk.o)
 .comment       0x00000000       0x27 ../Exercise1_7_bsp/\libhal_bsp.a(alt_write.o)
 .comment       0x00000000       0x27 ../Exercise1_7_bsp/\libhal_bsp.a(alt_sys_init.o)
 .comment       0x00000000       0x27 ../Exercise1_7_bsp/\libhal_bsp.a(altera_avalon_jtag_uart_fd.o)
 .comment       0x00000000       0x27 ../Exercise1_7_bsp/\libhal_bsp.a(altera_avalon_jtag_uart_init.o)
 .comment       0x00000000       0x27 ../Exercise1_7_bsp/\libhal_bsp.a(altera_avalon_jtag_uart_ioctl.o)
 .comment       0x00000000       0x27 ../Exercise1_7_bsp/\libhal_bsp.a(altera_avalon_jtag_uart_read.o)
 .comment       0x00000000       0x27 ../Exercise1_7_bsp/\libhal_bsp.a(altera_avalon_jtag_uart_write.o)
 .comment       0x00000000       0x27 ../Exercise1_7_bsp/\libhal_bsp.a(altera_avalon_timer_sc.o)
 .comment       0x00000000       0x27 ../Exercise1_7_bsp/\libhal_bsp.a(altera_up_avalon_character_lcd.o)
 .comment       0x00000000       0x27 ../Exercise1_7_bsp/\libhal_bsp.a(altera_up_avalon_rs232.o)
 .comment       0x00000000       0x27 ../Exercise1_7_bsp/\libhal_bsp.a(alt_alarm_start.o)
 .comment       0x00000000       0x27 ../Exercise1_7_bsp/\libhal_bsp.a(alt_dcache_flush_all.o)
 .comment       0x00000000       0x27 ../Exercise1_7_bsp/\libhal_bsp.a(alt_dev_llist_insert.o)
 .comment       0x00000000       0x27 ../Exercise1_7_bsp/\libhal_bsp.a(alt_do_ctors.o)
 .comment       0x00000000       0x27 ../Exercise1_7_bsp/\libhal_bsp.a(alt_do_dtors.o)
 .comment       0x00000000       0x27 ../Exercise1_7_bsp/\libhal_bsp.a(alt_find_dev.o)
 .comment       0x00000000       0x27 ../Exercise1_7_bsp/\libhal_bsp.a(alt_icache_flush_all.o)
 .comment       0x00000000       0x27 ../Exercise1_7_bsp/\libhal_bsp.a(alt_io_redirect.o)
 .comment       0x00000000       0x27 ../Exercise1_7_bsp/\libhal_bsp.a(alt_irq_register.o)
 .comment       0x00000000       0x27 ../Exercise1_7_bsp/\libhal_bsp.a(alt_irq_vars.o)
 .comment       0x00000000       0x27 ../Exercise1_7_bsp/\libhal_bsp.a(alt_open.o)
 .comment       0x00000000       0x27 ../Exercise1_7_bsp/\libhal_bsp.a(alt_tick.o)
 .comment       0x00000000       0x27 ../Exercise1_7_bsp/\libhal_bsp.a(altera_nios2_qsys_irq.o)
 .comment       0x00000000       0x27 ../Exercise1_7_bsp/\libhal_bsp.a(alt_find_file.o)
 .comment       0x00000000       0x27 ../Exercise1_7_bsp/\libhal_bsp.a(alt_get_fd.o)
 .comment       0x00000000       0x27 ../Exercise1_7_bsp/\libhal_bsp.a(alt_icache_flush.o)
 .comment       0x00000000       0x27 ../Exercise1_7_bsp/\libhal_bsp.a(alt_irq_handler.o)
 .comment       0x00000000       0x27 c:/altera/13.0sp1/nios2eds/bin/gnu/h-i686-mingw32/bin/../lib/gcc/nios2-elf/4.1.2/../../../../nios2-elf/lib\libc.a(lib_a-atexit.o)
 .comment       0x00000000       0x27 c:/altera/13.0sp1/nios2eds/bin/gnu/h-i686-mingw32/bin/../lib/gcc/nios2-elf/4.1.2/../../../../nios2-elf/lib\libc.a(lib_a-exit.o)
 .comment       0x00000000       0x27 c:/altera/13.0sp1/nios2eds/bin/gnu/h-i686-mingw32/bin/../lib/gcc/nios2-elf/4.1.2/../../../../nios2-elf/lib\libc.a(lib_a-memcmp.o)
 .comment       0x00000000       0x27 c:/altera/13.0sp1/nios2eds/bin/gnu/h-i686-mingw32/bin/../lib/gcc/nios2-elf/4.1.2/../../../../nios2-elf/lib\libc.a(lib_a-putc.o)
 .comment       0x00000000       0x27 c:/altera/13.0sp1/nios2eds/bin/gnu/h-i686-mingw32/bin/../lib/gcc/nios2-elf/4.1.2/../../../../nios2-elf/lib\libc.a(lib_a-wbuf.o)
 .comment       0x00000000       0x27 c:/altera/13.0sp1/nios2eds/bin/gnu/h-i686-mingw32/bin/../lib/gcc/nios2-elf/4.1.2/../../../../nios2-elf/lib\libc.a(lib_a-__atexit.o)
 .comment       0x00000000       0x27 c:/altera/13.0sp1/nios2eds/bin/gnu/h-i686-mingw32/bin/../lib/gcc/nios2-elf/4.1.2/../../../../nios2-elf/lib\libc.a(lib_a-__call_atexit.o)
 .comment       0x00000000       0x27 ../Exercise1_7_bsp/\libhal_bsp.a(alt_exit.o)

.debug
 *(.debug)

.line
 *(.line)

.debug_srcinfo
 *(.debug_srcinfo)

.debug_sfnames
 *(.debug_sfnames)

.debug_aranges  0x00000000      0xdb8
 *(.debug_aranges)
 .debug_aranges
                0x00000000       0x28 ../Exercise1_7_bsp//obj/HAL/src/crt0.o
 .debug_aranges
                0x00000028       0x20 obj/default/Bresenhams_Line_Drawing_Algorithm.o
 .debug_aranges
                0x00000048       0x20 obj/default/Fill.o
 .debug_aranges
                0x00000068       0x20 obj/default/OutGraphicsCharFont1.o
 .debug_aranges
                0x00000088       0x20 obj/default/OutGraphicsCharFont2.o
 .debug_aranges
                0x000000a8       0x20 obj/default/hello_world.o
 .debug_aranges
                0x000000c8       0x20 c:/altera/13.0sp1/nios2eds/bin/gnu/h-i686-mingw32/bin/../lib/gcc/nios2-elf/4.1.2/../../../../nios2-elf/lib\libc.a(lib_a-printf.o)
 .debug_aranges
                0x000000e8       0x20 c:/altera/13.0sp1/nios2eds/bin/gnu/h-i686-mingw32/bin/../lib/gcc/nios2-elf/4.1.2/../../../../nios2-elf/lib\libc.a(lib_a-puts.o)
 .debug_aranges
                0x00000108       0x20 c:/altera/13.0sp1/nios2eds/bin/gnu/h-i686-mingw32/bin/../lib/gcc/nios2-elf/4.1.2/../../../../nios2-elf/lib\libc.a(lib_a-strcmp.o)
 .debug_aranges
                0x00000128       0x20 c:/altera/13.0sp1/nios2eds/bin/gnu/h-i686-mingw32/bin/../lib/gcc/nios2-elf/4.1.2/../../../../nios2-elf/lib\libc.a(lib_a-strlen.o)
 .debug_aranges
                0x00000148       0x20 c:/altera/13.0sp1/nios2eds/bin/gnu/h-i686-mingw32/bin/../lib/gcc/nios2-elf/4.1.2/../../../../nios2-elf/lib\libc.a(lib_a-strncpy.o)
 .debug_aranges
                0x00000168       0x20 c:/altera/13.0sp1/nios2eds/bin/gnu/h-i686-mingw32/bin/../lib/gcc/nios2-elf/4.1.2/../../../../nios2-elf/lib\libc.a(lib_a-vfprintf.o)
 .debug_aranges
                0x00000188       0x20 c:/altera/13.0sp1/nios2eds/bin/gnu/h-i686-mingw32/bin/../lib/gcc/nios2-elf/4.1.2/../../../../nios2-elf/lib\libc.a(lib_a-wsetup.o)
 .debug_aranges
                0x000001a8       0x20 c:/altera/13.0sp1/nios2eds/bin/gnu/h-i686-mingw32/bin/../lib/gcc/nios2-elf/4.1.2/../../../../nios2-elf/lib\libc.a(lib_a-dtoa.o)
 .debug_aranges
                0x000001c8       0x20 c:/altera/13.0sp1/nios2eds/bin/gnu/h-i686-mingw32/bin/../lib/gcc/nios2-elf/4.1.2/../../../../nios2-elf/lib\libc.a(lib_a-fflush.o)
 .debug_aranges
                0x000001e8       0x20 c:/altera/13.0sp1/nios2eds/bin/gnu/h-i686-mingw32/bin/../lib/gcc/nios2-elf/4.1.2/../../../../nios2-elf/lib\libc.a(lib_a-findfp.o)
 .debug_aranges
                0x00000208       0x20 c:/altera/13.0sp1/nios2eds/bin/gnu/h-i686-mingw32/bin/../lib/gcc/nios2-elf/4.1.2/../../../../nios2-elf/lib\libc.a(lib_a-freer.o)
 .debug_aranges
                0x00000228       0x20 c:/altera/13.0sp1/nios2eds/bin/gnu/h-i686-mingw32/bin/../lib/gcc/nios2-elf/4.1.2/../../../../nios2-elf/lib\libc.a(lib_a-fvwrite.o)
 .debug_aranges
                0x00000248       0x20 c:/altera/13.0sp1/nios2eds/bin/gnu/h-i686-mingw32/bin/../lib/gcc/nios2-elf/4.1.2/../../../../nios2-elf/lib\libc.a(lib_a-fwalk.o)
 .debug_aranges
                0x00000268       0x20 c:/altera/13.0sp1/nios2eds/bin/gnu/h-i686-mingw32/bin/../lib/gcc/nios2-elf/4.1.2/../../../../nios2-elf/lib\libc.a(lib_a-locale.o)
 .debug_aranges
                0x00000288       0x20 c:/altera/13.0sp1/nios2eds/bin/gnu/h-i686-mingw32/bin/../lib/gcc/nios2-elf/4.1.2/../../../../nios2-elf/lib\libc.a(lib_a-makebuf.o)
 .debug_aranges
                0x000002a8       0x20 c:/altera/13.0sp1/nios2eds/bin/gnu/h-i686-mingw32/bin/../lib/gcc/nios2-elf/4.1.2/../../../../nios2-elf/lib\libc.a(lib_a-mallocr.o)
 .debug_aranges
                0x000002c8       0x20 c:/altera/13.0sp1/nios2eds/bin/gnu/h-i686-mingw32/bin/../lib/gcc/nios2-elf/4.1.2/../../../../nios2-elf/lib\libc.a(lib_a-memchr.o)
 .debug_aranges
                0x000002e8       0x20 c:/altera/13.0sp1/nios2eds/bin/gnu/h-i686-mingw32/bin/../lib/gcc/nios2-elf/4.1.2/../../../../nios2-elf/lib\libc.a(lib_a-memcpy.o)
 .debug_aranges
                0x00000308       0x20 c:/altera/13.0sp1/nios2eds/bin/gnu/h-i686-mingw32/bin/../lib/gcc/nios2-elf/4.1.2/../../../../nios2-elf/lib\libc.a(lib_a-memmove.o)
 .debug_aranges
                0x00000328       0x20 c:/altera/13.0sp1/nios2eds/bin/gnu/h-i686-mingw32/bin/../lib/gcc/nios2-elf/4.1.2/../../../../nios2-elf/lib\libc.a(lib_a-memset.o)
 .debug_aranges
                0x00000348       0x20 c:/altera/13.0sp1/nios2eds/bin/gnu/h-i686-mingw32/bin/../lib/gcc/nios2-elf/4.1.2/../../../../nios2-elf/lib\libc.a(lib_a-mprec.o)
 .debug_aranges
                0x00000368       0x20 c:/altera/13.0sp1/nios2eds/bin/gnu/h-i686-mingw32/bin/../lib/gcc/nios2-elf/4.1.2/../../../../nios2-elf/lib\libc.a(lib_a-reallocr.o)
 .debug_aranges
                0x00000388       0x20 c:/altera/13.0sp1/nios2eds/bin/gnu/h-i686-mingw32/bin/../lib/gcc/nios2-elf/4.1.2/../../../../nios2-elf/lib\libc.a(lib_a-s_isinfd.o)
 .debug_aranges
                0x000003a8       0x20 c:/altera/13.0sp1/nios2eds/bin/gnu/h-i686-mingw32/bin/../lib/gcc/nios2-elf/4.1.2/../../../../nios2-elf/lib\libc.a(lib_a-s_isnand.o)
 .debug_aranges
                0x000003c8       0x20 c:/altera/13.0sp1/nios2eds/bin/gnu/h-i686-mingw32/bin/../lib/gcc/nios2-elf/4.1.2/../../../../nios2-elf/lib\libc.a(lib_a-sbrkr.o)
 .debug_aranges
                0x000003e8       0x20 c:/altera/13.0sp1/nios2eds/bin/gnu/h-i686-mingw32/bin/../lib/gcc/nios2-elf/4.1.2/../../../../nios2-elf/lib\libc.a(lib_a-stdio.o)
 .debug_aranges
                0x00000408       0x20 c:/altera/13.0sp1/nios2eds/bin/gnu/h-i686-mingw32/bin/../lib/gcc/nios2-elf/4.1.2/../../../../nios2-elf/lib\libc.a(lib_a-writer.o)
 .debug_aranges
                0x00000428       0x20 c:/altera/13.0sp1/nios2eds/bin/gnu/h-i686-mingw32/bin/../lib/gcc/nios2-elf/4.1.2/../../../../nios2-elf/lib\libc.a(lib_a-callocr.o)
 .debug_aranges
                0x00000448       0x20 c:/altera/13.0sp1/nios2eds/bin/gnu/h-i686-mingw32/bin/../lib/gcc/nios2-elf/4.1.2/../../../../nios2-elf/lib\libc.a(lib_a-closer.o)
 .debug_aranges
                0x00000468       0x20 c:/altera/13.0sp1/nios2eds/bin/gnu/h-i686-mingw32/bin/../lib/gcc/nios2-elf/4.1.2/../../../../nios2-elf/lib\libc.a(lib_a-fclose.o)
 .debug_aranges
                0x00000488       0x20 c:/altera/13.0sp1/nios2eds/bin/gnu/h-i686-mingw32/bin/../lib/gcc/nios2-elf/4.1.2/../../../../nios2-elf/lib\libc.a(lib_a-fstatr.o)
 .debug_aranges
                0x000004a8       0x20 c:/altera/13.0sp1/nios2eds/bin/gnu/h-i686-mingw32/bin/../lib/gcc/nios2-elf/4.1.2/../../../../nios2-elf/lib\libc.a(lib_a-isattyr.o)
 .debug_aranges
                0x000004c8       0x20 c:/altera/13.0sp1/nios2eds/bin/gnu/h-i686-mingw32/bin/../lib/gcc/nios2-elf/4.1.2/../../../../nios2-elf/lib\libc.a(lib_a-lseekr.o)
 .debug_aranges
                0x000004e8       0x20 c:/altera/13.0sp1/nios2eds/bin/gnu/h-i686-mingw32/bin/../lib/gcc/nios2-elf/4.1.2/../../../../nios2-elf/lib\libc.a(lib_a-readr.o)
 .debug_aranges
                0x00000508       0x20 c:/altera/13.0sp1/nios2eds/bin/gnu/h-i686-mingw32/bin/../lib/gcc/nios2-elf/4.1.2\libgcc.a(_udivdi3.o)
 .debug_aranges
                0x00000528       0x20 c:/altera/13.0sp1/nios2eds/bin/gnu/h-i686-mingw32/bin/../lib/gcc/nios2-elf/4.1.2\libgcc.a(_umoddi3.o)
 .debug_aranges
                0x00000548       0x20 c:/altera/13.0sp1/nios2eds/bin/gnu/h-i686-mingw32/bin/../lib/gcc/nios2-elf/4.1.2\libgcc.a(_addsub_df.o)
 .debug_aranges
                0x00000568       0x20 c:/altera/13.0sp1/nios2eds/bin/gnu/h-i686-mingw32/bin/../lib/gcc/nios2-elf/4.1.2\libgcc.a(_mul_df.o)
 .debug_aranges
                0x00000588       0x20 c:/altera/13.0sp1/nios2eds/bin/gnu/h-i686-mingw32/bin/../lib/gcc/nios2-elf/4.1.2\libgcc.a(_div_df.o)
 .debug_aranges
                0x000005a8       0x20 c:/altera/13.0sp1/nios2eds/bin/gnu/h-i686-mingw32/bin/../lib/gcc/nios2-elf/4.1.2\libgcc.a(_eq_df.o)
 .debug_aranges
                0x000005c8       0x20 c:/altera/13.0sp1/nios2eds/bin/gnu/h-i686-mingw32/bin/../lib/gcc/nios2-elf/4.1.2\libgcc.a(_ne_df.o)
 .debug_aranges
                0x000005e8       0x20 c:/altera/13.0sp1/nios2eds/bin/gnu/h-i686-mingw32/bin/../lib/gcc/nios2-elf/4.1.2\libgcc.a(_gt_df.o)
 .debug_aranges